WARNING:werkzeug: * Debugger is active!
INFO:werkzeug: * Debugger PIN: 389-216-759
INFO:werkzeug: * Running on http://localhost:8080/ (Press CTRL+C to quit)
INFO:root:Flask Web Server Started.
INFO:werkzeug: * Restarting with stat
INFO:root:Flask Web Server Started.
WARNING:werkzeug: * Debugger is active!
INFO:werkzeug: * Debugger PIN: 389-216-759
INFO:werkzeug: * Running on http://localhost:8080/ (Press CTRL+C to quit)
INFO:werkzeug: * Detected change in 'C:\\Users\\admin\\PycharmProjects\\web_service_2\\application.py', reloading
INFO:werkzeug: * Restarting with stat
INFO:root:Flask Web Server Started.
WARNING:werkzeug: * Debugger is active!
INFO:werkzeug: * Debugger PIN: 389-216-759
INFO:werkzeug: * Running on http://localhost:8080/ (Press CTRL+C to quit)
INFO:werkzeug:127.0.0.1 - - [02/Oct/2019 11:22:43] "GET / HTTP/1.1" 500 -
INFO:werkzeug:127.0.0.1 - - [02/Oct/2019 11:22:43] "GET /?__debugger__=yes&cmd=resource&f=style.css HTTP/1.1" 200 -
INFO:werkzeug:127.0.0.1 - - [02/Oct/2019 11:22:44] "GET /?__debugger__=yes&cmd=resource&f=jquery.js HTTP/1.1" 200 -
INFO:werkzeug:127.0.0.1 - - [02/Oct/2019 11:22:44] "GET /?__debugger__=yes&cmd=resource&f=debugger.js HTTP/1.1" 200 -
INFO:werkzeug:127.0.0.1 - - [02/Oct/2019 11:22:44] "GET /?__debugger__=yes&cmd=resource&f=ubuntu.ttf HTTP/1.1" 200 -
INFO:werkzeug:127.0.0.1 - - [02/Oct/2019 11:22:44] "GET /?__debugger__=yes&cmd=resource&f=console.png HTTP/1.1" 200 -
INFO:werkzeug:127.0.0.1 - - [02/Oct/2019 11:22:44] "GET /?__debugger__=yes&cmd=resource&f=console.png HTTP/1.1" 200 -
INFO:werkzeug: * Detected change in 'C:\\Users\\admin\\PycharmProjects\\web_service_2\\application.py', reloading
INFO:werkzeug: * Restarting with stat
INFO:root:Flask Web Server Started.
WARNING:werkzeug: * Debugger is active!
INFO:werkzeug: * Debugger PIN: 389-216-759
INFO:werkzeug: * Running on http://localhost:8080/ (Press CTRL+C to quit)
INFO:werkzeug:127.0.0.1 - - [02/Oct/2019 11:22:59] "GET / HTTP/1.1" 500 -
INFO:werkzeug:127.0.0.1 - - [02/Oct/2019 11:22:59] "GET /?__debugger__=yes&cmd=resource&f=style.css HTTP/1.1" 200 -
INFO:werkzeug:127.0.0.1 - - [02/Oct/2019 11:22:59] "GET /?__debugger__=yes&cmd=resource&f=jquery.js HTTP/1.1" 200 -
INFO:werkzeug:127.0.0.1 - - [02/Oct/2019 11:22:59] "GET /?__debugger__=yes&cmd=resource&f=debugger.js HTTP/1.1" 200 -
INFO:werkzeug:127.0.0.1 - - [02/Oct/2019 11:23:00] "GET /?__debugger__=yes&cmd=resource&f=ubuntu.ttf HTTP/1.1" 200 -
INFO:werkzeug:127.0.0.1 - - [02/Oct/2019 11:23:00] "GET /?__debugger__=yes&cmd=resource&f=console.png HTTP/1.1" 200 -
INFO:werkzeug:127.0.0.1 - - [02/Oct/2019 11:23:00] "GET /?__debugger__=yes&cmd=resource&f=console.png HTTP/1.1" 200 -
INFO:werkzeug:127.0.0.1 - - [02/Oct/2019 11:23:03] "GET / HTTP/1.1" 500 -
INFO:werkzeug:127.0.0.1 - - [02/Oct/2019 11:23:03] "GET /?__debugger__=yes&cmd=resource&f=style.css HTTP/1.1" 200 -
INFO:werkzeug:127.0.0.1 - - [02/Oct/2019 11:23:04] "GET /?__debugger__=yes&cmd=resource&f=debugger.js HTTP/1.1" 200 -
INFO:werkzeug:127.0.0.1 - - [02/Oct/2019 11:23:04] "GET /?__debugger__=yes&cmd=resource&f=jquery.js HTTP/1.1" 200 -
INFO:werkzeug: * Detected change in 'C:\\Users\\admin\\PycharmProjects\\web_service_2\\application.py', reloading
INFO:werkzeug: * Restarting with stat
INFO:root:Flask Web Server Started.
WARNING:werkzeug: * Debugger is active!
INFO:werkzeug: * Debugger PIN: 389-216-759
INFO:werkzeug: * Running on http://localhost:8080/ (Press CTRL+C to quit)
INFO:werkzeug:127.0.0.1 - - [02/Oct/2019 11:23:04] "GET /?__debugger__=yes&cmd=resource&f=ubuntu.ttf HTTP/1.1" 200 -
INFO:werkzeug:127.0.0.1 - - [02/Oct/2019 11:23:04] "GET /?__debugger__=yes&cmd=resource&f=console.png HTTP/1.1" 200 -
INFO:werkzeug:127.0.0.1 - - [02/Oct/2019 11:23:04] "GET /?__debugger__=yes&cmd=resource&f=console.png HTTP/1.1" 200 -
INFO:root:Root log test
INFO:werkzeug:127.0.0.1 - - [02/Oct/2019 11:23:08] "GET / HTTP/1.1" 200 -
INFO:werkzeug: * Detected change in 'C:\\Users\\admin\\PycharmProjects\\web_service_2\\application.py', reloading
INFO:werkzeug: * Restarting with stat
INFO:root:Flask Web Server Started.
WARNING:werkzeug: * Debugger is active!
INFO:werkzeug: * Debugger PIN: 389-216-759
INFO:werkzeug: * Running on http://localhost:8080/ (Press CTRL+C to quit)
ERROR:root:Root log test
INFO:werkzeug:127.0.0.1 - - [02/Oct/2019 11:26:04] "GET / HTTP/1.1" 200 -
INFO:werkzeug: * Detected change in 'C:\\Users\\admin\\PycharmProjects\\web_service_2\\application.py', reloading
INFO:werkzeug: * Restarting with stat
INFO:root:Flask Web Server Started.
WARNING:werkzeug: * Debugger is active!
INFO:werkzeug: * Debugger PIN: 389-216-759
INFO:werkzeug: * Running on http://localhost:8080/ (Press CTRL+C to quit)
ERROR:root:before_request
ERROR:root:Root log test
INFO:werkzeug:127.0.0.1 - - [02/Oct/2019 11:30:32] "GET / HTTP/1.1" 200 -
INFO:werkzeug: * Detected change in 'C:\\Users\\admin\\PycharmProjects\\web_service_2\\application.py', reloading
INFO:werkzeug: * Restarting with stat
INFO:root:Flask Web Server Started.
WARNING:werkzeug: * Debugger is active!
INFO:werkzeug: * Debugger PIN: 389-216-759
INFO:werkzeug: * Running on http://localhost:8080/ (Press CTRL+C to quit)
INFO:root:before_request
ERROR:root:Root log test
INFO:werkzeug:127.0.0.1 - - [02/Oct/2019 11:30:47] "GET / HTTP/1.1" 200 -
INFO:root:before_request
INFO:werkzeug:127.0.0.1 - - [02/Oct/2019 11:31:19] "GET /add/10.0/2 HTTP/1.1" 404 -
INFO:root:before_request
INFO:werkzeug:127.0.0.1 - - [02/Oct/2019 11:31:53] "GET /first/asdf HTTP/1.1" 200 -
INFO:werkzeug: * Detected change in 'C:\\Users\\admin\\PycharmProjects\\web_service_2\\application.py', reloading
INFO:werkzeug: * Restarting with stat
INFO:root:Flask Web Server Started.
WARNING:werkzeug: * Debugger is active!
INFO:werkzeug: * Debugger PIN: 389-216-759
INFO:werkzeug: * Running on http://localhost:8080/ (Press CTRL+C to quit)
INFO:werkzeug: * Detected change in 'C:\\Users\\admin\\PycharmProjects\\web_service_2\\application.py', reloading
INFO:werkzeug: * Restarting with stat
INFO:root:Flask Web Server Started.
INFO:werkzeug: * Restarting with stat
INFO:root:Flask Web Server Started.
WARNING:werkzeug: * Debugger is active!
INFO:werkzeug: * Debugger PIN: 389-216-759
INFO:werkzeug: * Running on http://localhost:8080/ (Press CTRL+C to quit)
INFO:root:before_request
INFO:werkzeug:127.0.0.1 - - [02/Oct/2019 11:52:02] "GET /news/main HTTP/1.1" 200 -
INFO:werkzeug: * Detected change in 'C:\\Users\\admin\\PycharmProjects\\web_service_2\\news.py', reloading
INFO:werkzeug: * Restarting with stat
INFO:root:Flask Web Server Started.
WARNING:werkzeug: * Debugger is active!
INFO:werkzeug: * Debugger PIN: 389-216-759
INFO:werkzeug: * Running on http://localhost:8080/ (Press CTRL+C to quit)
INFO:root:before_request
INFO:werkzeug:127.0.0.1 - - [02/Oct/2019 11:52:13] "GET /news/science HTTP/1.1" 200 -
INFO:werkzeug: * Detected change in 'C:\\Users\\admin\\PycharmProjects\\web_service_2\\application.py', reloading
INFO:werkzeug: * Restarting with stat
INFO:root:Flask Web Server Started.
WARNING:werkzeug: * Debugger is active!
INFO:werkzeug: * Debugger PIN: 389-216-759
INFO:werkzeug: * Running on http://localhost:8080/ (Press CTRL+C to quit)
INFO:werkzeug:127.0.0.1 - - [02/Oct/2019 12:17:21] "GET /html_test HTTP/1.1" 200 -
INFO:werkzeug:127.0.0.1 - - [02/Oct/2019 12:18:34] "GET /html_test HTTP/1.1" 200 -
INFO:werkzeug:127.0.0.1 - - [02/Oct/2019 12:28:41] "GET /html_test HTTP/1.1" 200 -
INFO:werkzeug:127.0.0.1 - - [02/Oct/2019 12:28:41] "GET /css/bootstrap.min.css HTTP/1.1" 404 -
INFO:werkzeug:127.0.0.1 - - [02/Oct/2019 12:28:41] "GET /js/bootstrap.min.js HTTP/1.1" 404 -
INFO:werkzeug:127.0.0.1 - - [02/Oct/2019 12:28:57] "GET /html_test HTTP/1.1" 200 -
INFO:werkzeug:127.0.0.1 - - [02/Oct/2019 12:28:57] "GET /static/css/bootstrap.min.css HTTP/1.1" 200 -
INFO:werkzeug:127.0.0.1 - - [02/Oct/2019 12:28:58] "GET /js/bootstrap.min.js HTTP/1.1" 404 -
INFO:werkzeug:127.0.0.1 - - [02/Oct/2019 12:29:04] "GET /html_test HTTP/1.1" 200 -
INFO:werkzeug:127.0.0.1 - - [02/Oct/2019 12:29:04] "GET /css/bootstrap.min.css HTTP/1.1" 404 -
INFO:werkzeug:127.0.0.1 - - [02/Oct/2019 12:29:04] "GET /js/bootstrap.min.js HTTP/1.1" 404 -
INFO:werkzeug:127.0.0.1 - - [02/Oct/2019 12:29:37] "GET /html_test HTTP/1.1" 200 -
INFO:werkzeug:127.0.0.1 - - [02/Oct/2019 12:29:37] "GET /static/js/bootstrap.min.js HTTP/1.1" 200 -
INFO:werkzeug:127.0.0.1 - - [02/Oct/2019 12:30:17] "GET /html_test HTTP/1.1" 200 -
INFO:werkzeug:127.0.0.1 - - [02/Oct/2019 12:30:17] "GET /static/js/bootstrap.min.js.map HTTP/1.1" 200 -
INFO:werkzeug:127.0.0.1 - - [02/Oct/2019 12:30:17] "GET /static/css/bootstrap.min.css.map HTTP/1.1" 200 -
INFO:werkzeug:127.0.0.1 - - [02/Oct/2019 12:30:25] "GET /html_test HTTP/1.1" 200 -
INFO:werkzeug:127.0.0.1 - - [02/Oct/2019 12:30:49] "GET /html_test HTTP/1.1" 200 -
INFO:root:Flask Web Server Started.
INFO:werkzeug: * Restarting with stat
INFO:root:Flask Web Server Started.
WARNING:werkzeug: * Debugger is active!
INFO:werkzeug: * Debugger PIN: 389-216-759
INFO:werkzeug: * Running on http://localhost:8080/ (Press CTRL+C to quit)
INFO:werkzeug:127.0.0.1 - - [02/Oct/2019 12:33:16] "GET /html_test HTTP/1.1" 200 -
INFO:werkzeug:127.0.0.1 - - [02/Oct/2019 12:33:52] "GET /html_test HTTP/1.1" 200 -
INFO:werkzeug: * Detected change in 'C:\\Users\\admin\\PycharmProjects\\web_service_2\\application.py', reloading
INFO:werkzeug: * Restarting with stat
INFO:root:Flask Web Server Started.
WARNING:werkzeug: * Debugger is active!
INFO:werkzeug: * Debugger PIN: 389-216-759
INFO:werkzeug: * Running on http://localhost:8080/ (Press CTRL+C to quit)
INFO:werkzeug:127.0.0.1 - - [02/Oct/2019 12:35:02] "GET / HTTP/1.1" 200 -
INFO:werkzeug:127.0.0.1 - - [02/Oct/2019 12:35:15] "GET / HTTP/1.1" 200 -
INFO:werkzeug:127.0.0.1 - - [02/Oct/2019 12:36:29] "GET / HTTP/1.1" 200 -
INFO:werkzeug:127.0.0.1 - - [02/Oct/2019 12:41:42] "GET / HTTP/1.1" 200 -
INFO:werkzeug:127.0.0.1 - - [02/Oct/2019 12:43:07] "GET / HTTP/1.1" 200 -
INFO:werkzeug:127.0.0.1 - - [02/Oct/2019 12:43:39] "GET / HTTP/1.1" 200 -
INFO:werkzeug:127.0.0.1 - - [02/Oct/2019 12:43:44] "GET / HTTP/1.1" 200 -
INFO:werkzeug:127.0.0.1 - - [02/Oct/2019 12:44:08] "GET / HTTP/1.1" 200 -
INFO:werkzeug:127.0.0.1 - - [02/Oct/2019 12:44:10] "GET / HTTP/1.1" 200 -
INFO:werkzeug:127.0.0.1 - - [02/Oct/2019 12:44:24] "GET / HTTP/1.1" 200 -
INFO:werkzeug:127.0.0.1 - - [02/Oct/2019 12:44:38] "GET / HTTP/1.1" 200 -
INFO:werkzeug:127.0.0.1 - - [02/Oct/2019 12:46:07] "GET / HTTP/1.1" 200 -
INFO:werkzeug:127.0.0.1 - - [02/Oct/2019 12:46:13] "GET / HTTP/1.1" 200 -
INFO:werkzeug:127.0.0.1 - - [02/Oct/2019 12:46:16] "GET / HTTP/1.1" 200 -
INFO:werkzeug:127.0.0.1 - - [02/Oct/2019 12:46:22] "GET / HTTP/1.1" 200 -
INFO:werkzeug:127.0.0.1 - - [02/Oct/2019 12:46:44] "GET / HTTP/1.1" 200 -
INFO:root:Flask Web Server Started.
INFO:werkzeug: * Restarting with stat
INFO:root:Flask Web Server Started.
WARNING:werkzeug: * Debugger is active!
INFO:werkzeug: * Debugger PIN: 389-216-759
INFO:werkzeug: * Running on http://localhost:8080/ (Press CTRL+C to quit)
INFO:root:Flask Web Server Started.
INFO:werkzeug: * Restarting with stat
INFO:root:Flask Web Server Started.
WARNING:werkzeug: * Debugger is active!
INFO:werkzeug: * Debugger PIN: 389-216-759
INFO:werkzeug: * Running on http://localhost:8080/ (Press CTRL+C to quit)
INFO:werkzeug:127.0.0.1 - - [08/Oct/2019 11:21:20] "GET / HTTP/1.1" 200 -
INFO:werkzeug:127.0.0.1 - - [08/Oct/2019 11:21:20] "GET /static/css/bootstrap.min.css HTTP/1.1" 304 -
INFO:werkzeug:127.0.0.1 - - [08/Oct/2019 11:21:20] "GET /static/js/bootstrap.min.js HTTP/1.1" 304 -
INFO:werkzeug:127.0.0.1 - - [08/Oct/2019 11:21:21] "GET /favicon.ico HTTP/1.1" 404 -
INFO:werkzeug:127.0.0.1 - - [08/Oct/2019 11:22:52] "GET /static/js/bootstrap.min.js.map HTTP/1.1" 304 -
INFO:werkzeug:127.0.0.1 - - [08/Oct/2019 11:22:52] "GET /static/css/bootstrap.min.css.map HTTP/1.1" 304 -
INFO:werkzeug:127.0.0.1 - - [08/Oct/2019 11:26:05] "GET / HTTP/1.1" 200 -
INFO:werkzeug:127.0.0.1 - - [08/Oct/2019 11:27:34] "GET / HTTP/1.1" 200 -
INFO:werkzeug:127.0.0.1 - - [08/Oct/2019 11:28:26] "GET / HTTP/1.1" 200 -
INFO:werkzeug:127.0.0.1 - - [08/Oct/2019 11:29:09] "GET / HTTP/1.1" 200 -
INFO:werkzeug:127.0.0.1 - - [08/Oct/2019 11:32:38] "GET / HTTP/1.1" 200 -
INFO:werkzeug:127.0.0.1 - - [08/Oct/2019 11:32:58] "GET / HTTP/1.1" 200 -
INFO:werkzeug:127.0.0.1 - - [08/Oct/2019 11:35:08] "GET / HTTP/1.1" 200 -
INFO:werkzeug:127.0.0.1 - - [08/Oct/2019 11:36:11] "GET / HTTP/1.1" 200 -
INFO:werkzeug:127.0.0.1 - - [08/Oct/2019 11:37:38] "GET / HTTP/1.1" 200 -
INFO:werkzeug:127.0.0.1 - - [08/Oct/2019 11:38:01] "GET / HTTP/1.1" 200 -
INFO:werkzeug:127.0.0.1 - - [08/Oct/2019 11:38:05] "GET / HTTP/1.1" 200 -
INFO:werkzeug:127.0.0.1 - - [08/Oct/2019 11:39:38] "GET / HTTP/1.1" 200 -
INFO:root:Flask Web Server Started.
INFO:werkzeug: * Restarting with stat
INFO:root:Flask Web Server Started.
WARNING:werkzeug: * Debugger is active!
INFO:werkzeug: * Debugger PIN: 389-216-759
INFO:werkzeug: * Running on http://localhost:8080/ (Press CTRL+C to quit)
INFO:werkzeug:127.0.0.1 - - [08/Oct/2019 11:39:53] "GET / HTTP/1.1" 200 -
INFO:werkzeug:127.0.0.1 - - [08/Oct/2019 11:39:53] "GET / HTTP/1.1" 200 -
INFO:werkzeug:127.0.0.1 - - [08/Oct/2019 11:39:55] "GET / HTTP/1.1" 200 -
INFO:werkzeug:127.0.0.1 - - [08/Oct/2019 11:39:55] "GET / HTTP/1.1" 200 -
INFO:werkzeug:127.0.0.1 - - [08/Oct/2019 11:39:55] "GET / HTTP/1.1" 200 -
INFO:werkzeug:127.0.0.1 - - [08/Oct/2019 11:41:18] "GET / HTTP/1.1" 200 -
INFO:werkzeug:127.0.0.1 - - [08/Oct/2019 11:42:15] "GET / HTTP/1.1" 200 -
INFO:werkzeug:127.0.0.1 - - [08/Oct/2019 11:42:24] "GET / HTTP/1.1" 200 -
INFO:werkzeug:127.0.0.1 - - [08/Oct/2019 11:42:28] "GET / HTTP/1.1" 200 -
INFO:werkzeug:127.0.0.1 - - [08/Oct/2019 11:42:28] "GET /static/css/bootstrap.min.css HTTP/1.1" 200 -
INFO:werkzeug:127.0.0.1 - - [08/Oct/2019 11:42:28] "GET /static/js/bootstrap.min.js HTTP/1.1" 200 -
INFO:werkzeug:127.0.0.1 - - [08/Oct/2019 11:42:40] "GET / HTTP/1.1" 200 -
INFO:werkzeug:127.0.0.1 - - [08/Oct/2019 11:44:17] "GET / HTTP/1.1" 200 -
INFO:werkzeug:127.0.0.1 - - [08/Oct/2019 11:45:18] "GET / HTTP/1.1" 200 -
INFO:werkzeug:127.0.0.1 - - [08/Oct/2019 11:45:40] "GET / HTTP/1.1" 200 -
INFO:werkzeug:127.0.0.1 - - [08/Oct/2019 11:51:10] "GET / HTTP/1.1" 200 -
INFO:werkzeug:127.0.0.1 - - [08/Oct/2019 11:51:23] "GET / HTTP/1.1" 200 -
INFO:werkzeug:127.0.0.1 - - [08/Oct/2019 11:52:17] "GET / HTTP/1.1" 200 -
INFO:werkzeug:127.0.0.1 - - [08/Oct/2019 11:53:05] "GET / HTTP/1.1" 200 -
INFO:werkzeug:127.0.0.1 - - [08/Oct/2019 11:53:23] "GET / HTTP/1.1" 200 -
INFO:werkzeug:127.0.0.1 - - [08/Oct/2019 11:53:57] "GET / HTTP/1.1" 200 -
INFO:werkzeug:127.0.0.1 - - [08/Oct/2019 11:54:36] "GET / HTTP/1.1" 200 -
INFO:werkzeug:127.0.0.1 - - [08/Oct/2019 11:55:38] "GET / HTTP/1.1" 200 -
INFO:werkzeug:127.0.0.1 - - [08/Oct/2019 11:56:20] "GET / HTTP/1.1" 200 -
INFO:werkzeug:127.0.0.1 - - [08/Oct/2019 11:57:24] "GET / HTTP/1.1" 200 -
INFO:werkzeug:127.0.0.1 - - [08/Oct/2019 11:57:31] "GET / HTTP/1.1" 200 -
INFO:werkzeug:127.0.0.1 - - [08/Oct/2019 11:57:32] "GET /localhost/ HTTP/1.1" 404 -
INFO:werkzeug:127.0.0.1 - - [08/Oct/2019 11:57:38] "GET / HTTP/1.1" 200 -
INFO:werkzeug:127.0.0.1 - - [08/Oct/2019 11:57:39] "GET / HTTP/1.1" 200 -
INFO:werkzeug:127.0.0.1 - - [08/Oct/2019 12:07:17] "GET / HTTP/1.1" 200 -
INFO:werkzeug:127.0.0.1 - - [08/Oct/2019 12:07:40] "GET / HTTP/1.1" 200 -
INFO:werkzeug:127.0.0.1 - - [08/Oct/2019 12:07:59] "GET / HTTP/1.1" 200 -
INFO:werkzeug:127.0.0.1 - - [08/Oct/2019 12:08:48] "GET / HTTP/1.1" 200 -
INFO:werkzeug:127.0.0.1 - - [08/Oct/2019 12:11:43] "GET / HTTP/1.1" 200 -
INFO:werkzeug:127.0.0.1 - - [08/Oct/2019 12:12:59] "GET / HTTP/1.1" 200 -
INFO:werkzeug:127.0.0.1 - - [08/Oct/2019 12:13:14] "GET / HTTP/1.1" 200 -
INFO:werkzeug:127.0.0.1 - - [08/Oct/2019 12:13:25] "GET / HTTP/1.1" 200 -
INFO:werkzeug:127.0.0.1 - - [08/Oct/2019 12:14:37] "GET / HTTP/1.1" 200 -
INFO:werkzeug:127.0.0.1 - - [08/Oct/2019 12:15:19] "GET / HTTP/1.1" 200 -
INFO:werkzeug:127.0.0.1 - - [08/Oct/2019 12:15:19] "GET / HTTP/1.1" 200 -
INFO:werkzeug:127.0.0.1 - - [08/Oct/2019 12:15:49] "GET / HTTP/1.1" 200 -
INFO:werkzeug:127.0.0.1 - - [08/Oct/2019 12:16:04] "GET / HTTP/1.1" 200 -
INFO:werkzeug:127.0.0.1 - - [08/Oct/2019 12:16:39] "GET / HTTP/1.1" 200 -
INFO:werkzeug:127.0.0.1 - - [08/Oct/2019 12:18:59] "GET / HTTP/1.1" 200 -
INFO:werkzeug:127.0.0.1 - - [08/Oct/2019 12:20:01] "GET / HTTP/1.1" 200 -
INFO:werkzeug:127.0.0.1 - - [08/Oct/2019 12:20:13] "GET / HTTP/1.1" 200 -
INFO:werkzeug:127.0.0.1 - - [08/Oct/2019 12:20:29] "GET / HTTP/1.1" 200 -
INFO:werkzeug:127.0.0.1 - - [08/Oct/2019 12:23:24] "GET / HTTP/1.1" 200 -
INFO:werkzeug:127.0.0.1 - - [08/Oct/2019 12:25:14] "GET / HTTP/1.1" 200 -
INFO:werkzeug:127.0.0.1 - - [08/Oct/2019 12:29:44] "GET / HTTP/1.1" 200 -
INFO:werkzeug:127.0.0.1 - - [08/Oct/2019 12:29:45] "GET / HTTP/1.1" 200 -
INFO:werkzeug:127.0.0.1 - - [08/Oct/2019 12:31:22] "GET / HTTP/1.1" 200 -
INFO:werkzeug:127.0.0.1 - - [08/Oct/2019 12:32:49] "GET / HTTP/1.1" 200 -
INFO:werkzeug:127.0.0.1 - - [08/Oct/2019 12:32:49] "GET /images/card-image.png HTTP/1.1" 404 -
INFO:werkzeug:127.0.0.1 - - [08/Oct/2019 12:33:39] "GET / HTTP/1.1" 200 -
INFO:werkzeug:127.0.0.1 - - [08/Oct/2019 12:33:39] "GET /images/card-image.png HTTP/1.1" 404 -
INFO:werkzeug:127.0.0.1 - - [08/Oct/2019 12:34:17] "GET / HTTP/1.1" 200 -
INFO:werkzeug:127.0.0.1 - - [08/Oct/2019 12:35:00] "GET / HTTP/1.1" 200 -
INFO:werkzeug:127.0.0.1 - - [08/Oct/2019 12:35:06] "GET / HTTP/1.1" 200 -
INFO:werkzeug:127.0.0.1 - - [08/Oct/2019 12:35:12] "GET / HTTP/1.1" 200 -
INFO:werkzeug:127.0.0.1 - - [08/Oct/2019 12:35:15] "GET / HTTP/1.1" 200 -
INFO:werkzeug:127.0.0.1 - - [08/Oct/2019 12:35:28] "GET / HTTP/1.1" 200 -
INFO:werkzeug:127.0.0.1 - - [08/Oct/2019 12:36:32] "GET / HTTP/1.1" 200 -
INFO:werkzeug:127.0.0.1 - - [08/Oct/2019 12:37:44] "GET / HTTP/1.1" 200 -
INFO:werkzeug:127.0.0.1 - - [08/Oct/2019 12:38:48] "GET / HTTP/1.1" 200 -
INFO:werkzeug:127.0.0.1 - - [08/Oct/2019 12:40:08] "GET / HTTP/1.1" 200 -
INFO:werkzeug:127.0.0.1 - - [08/Oct/2019 12:41:11] "GET / HTTP/1.1" 200 -
INFO:werkzeug:127.0.0.1 - - [08/Oct/2019 12:41:48] "GET / HTTP/1.1" 200 -
INFO:werkzeug:127.0.0.1 - - [08/Oct/2019 12:43:10] "GET / HTTP/1.1" 200 -
INFO:werkzeug:127.0.0.1 - - [08/Oct/2019 12:43:17] "GET / HTTP/1.1" 200 -
INFO:werkzeug:127.0.0.1 - - [08/Oct/2019 12:43:23] "GET / HTTP/1.1" 200 -
INFO:werkzeug:127.0.0.1 - - [08/Oct/2019 12:43:23] "GET / HTTP/1.1" 200 -
INFO:werkzeug:127.0.0.1 - - [08/Oct/2019 12:43:26] "GET / HTTP/1.1" 200 -
INFO:werkzeug:127.0.0.1 - - [08/Oct/2019 12:45:51] "GET / HTTP/1.1" 200 -
INFO:werkzeug:127.0.0.1 - - [08/Oct/2019 12:45:51] "GET /images/card-image.png HTTP/1.1" 404 -
INFO:werkzeug:127.0.0.1 - - [08/Oct/2019 12:46:03] "GET / HTTP/1.1" 200 -
INFO:werkzeug:127.0.0.1 - - [08/Oct/2019 12:46:03] "GET /images/card-image.png HTTP/1.1" 404 -
INFO:werkzeug:127.0.0.1 - - [08/Oct/2019 12:46:16] "GET / HTTP/1.1" 200 -
INFO:werkzeug:127.0.0.1 - - [08/Oct/2019 12:47:18] "GET / HTTP/1.1" 200 -
INFO:werkzeug:127.0.0.1 - - [08/Oct/2019 12:47:26] "GET / HTTP/1.1" 200 -
INFO:werkzeug:127.0.0.1 - - [08/Oct/2019 12:47:42] "GET / HTTP/1.1" 200 -
INFO:werkzeug:127.0.0.1 - - [08/Oct/2019 12:47:47] "GET / HTTP/1.1" 200 -
INFO:werkzeug:127.0.0.1 - - [08/Oct/2019 12:49:03] "GET / HTTP/1.1" 200 -
INFO:werkzeug:127.0.0.1 - - [08/Oct/2019 12:49:03] "GET / HTTP/1.1" 200 -
INFO:werkzeug:127.0.0.1 - - [08/Oct/2019 12:49:09] "GET / HTTP/1.1" 200 -
INFO:root:Flask Web Server Started.
INFO:werkzeug: * Restarting with stat
INFO:root:Flask Web Server Started.
WARNING:werkzeug: * Debugger is active!
INFO:werkzeug: * Debugger PIN: 389-216-759
INFO:werkzeug: * Running on http://localhost:8080/ (Press CTRL+C to quit)
INFO:werkzeug:127.0.0.1 - - [22/Oct/2019 12:04:35] "GET / HTTP/1.1" 200 -
INFO:werkzeug:127.0.0.1 - - [22/Oct/2019 12:04:35] "GET /static/css/bootstrap.min.css HTTP/1.1" 304 -
INFO:werkzeug:127.0.0.1 - - [22/Oct/2019 12:04:35] "GET /static/js/bootstrap.min.js HTTP/1.1" 304 -
INFO:werkzeug:127.0.0.1 - - [22/Oct/2019 12:04:35] "GET /favicon.ico HTTP/1.1" 404 -
INFO:werkzeug: * Detected change in 'C:\\Users\\admin\\PycharmProjects\\web_service_2\\application.py', reloading
INFO:werkzeug: * Restarting with stat
INFO:root:Flask Web Server Started.
WARNING:werkzeug: * Debugger is active!
INFO:werkzeug: * Debugger PIN: 389-216-759
INFO:werkzeug: * Running on http://localhost:8080/ (Press CTRL+C to quit)
INFO:werkzeug:127.0.0.1 - - [22/Oct/2019 12:39:06] "GET /resource HTTP/1.1" 404 -
INFO:werkzeug:127.0.0.1 - - [22/Oct/2019 12:39:21] "GET /resource/resource_check.html HTTP/1.1" 404 -
INFO:root:Flask Web Server Started.
INFO:werkzeug: * Restarting with stat
INFO:root:Flask Web Server Started.
WARNING:werkzeug: * Debugger is active!
INFO:werkzeug: * Debugger PIN: 389-216-759
INFO:werkzeug: * Running on http://localhost:8080/ (Press CTRL+C to quit)
INFO:werkzeug:127.0.0.1 - - [22/Oct/2019 12:39:37] "GET /resource/resource_check.html HTTP/1.1" 404 -
INFO:werkzeug:127.0.0.1 - - [22/Oct/2019 12:39:37] "GET /resource/resource_check.html HTTP/1.1" 404 -
INFO:werkzeug:127.0.0.1 - - [22/Oct/2019 12:39:41] "GET /resource/resource_check HTTP/1.1" 200 -
INFO:werkzeug:127.0.0.1 - - [22/Oct/2019 12:39:46] "GET /resource/resource_check HTTP/1.1" 200 -
INFO:werkzeug: * Detected change in 'C:\\Users\\admin\\PycharmProjects\\web_service_2\\rest_server\\resource_check.py', reloading
INFO:werkzeug: * Restarting with stat
INFO:root:Flask Web Server Started.
WARNING:werkzeug: * Debugger is active!
INFO:werkzeug: * Debugger PIN: 389-216-759
INFO:werkzeug: * Running on http://localhost:8080/ (Press CTRL+C to quit)
INFO:root:Flask Web Server Started.
INFO:werkzeug: * Restarting with stat
INFO:root:Flask Web Server Started.
WARNING:werkzeug: * Debugger is active!
INFO:werkzeug: * Debugger PIN: 389-216-759
INFO:werkzeug: * Running on http://localhost:8080/ (Press CTRL+C to quit)
INFO:werkzeug:127.0.0.1 - - [23/Oct/2019 11:46:26] "GET /resource/1 HTTP/1.1" 404 -
INFO:werkzeug:127.0.0.1 - - [23/Oct/2019 11:46:26] "GET /favicon.ico HTTP/1.1" 404 -
INFO:werkzeug:127.0.0.1 - - [23/Oct/2019 11:46:28] "GET /resource/1 HTTP/1.1" 404 -
INFO:werkzeug:127.0.0.1 - - [23/Oct/2019 11:46:29] "GET /resource/1 HTTP/1.1" 404 -
INFO:werkzeug:127.0.0.1 - - [23/Oct/2019 11:46:32] "GET /resource/2 HTTP/1.1" 404 -
INFO:werkzeug:127.0.0.1 - - [23/Oct/2019 11:46:51] "GET /resource/t1 HTTP/1.1" 200 -
INFO:werkzeug:127.0.0.1 - - [23/Oct/2019 11:47:11] "GET /resource/1 HTTP/1.1" 404 -
INFO:werkzeug: * Detected change in 'C:\\Users\\admin\\PycharmProjects\\web_service_2\\rest_server\\resource.py', reloading
INFO:werkzeug: * Restarting with stat
INFO:root:Flask Web Server Started.
WARNING:werkzeug: * Debugger is active!
INFO:werkzeug: * Debugger PIN: 389-216-759
INFO:werkzeug: * Running on http://localhost:8080/ (Press CTRL+C to quit)
INFO:werkzeug:127.0.0.1 - - [23/Oct/2019 11:47:52] "GET /resource/1 HTTP/1.1" 404 -
INFO:werkzeug:127.0.0.1 - - [23/Oct/2019 11:47:54] "GET /resource/1 HTTP/1.1" 404 -
INFO:werkzeug:127.0.0.1 - - [23/Oct/2019 11:47:58] "GET /resource/1 HTTP/1.1" 404 -
INFO:werkzeug: * Detected change in 'C:\\Users\\admin\\PycharmProjects\\web_service_2\\rest_server\\resource.py', reloading
INFO:werkzeug: * Restarting with stat
INFO:root:Flask Web Server Started.
WARNING:werkzeug: * Debugger is active!
INFO:werkzeug: * Debugger PIN: 389-216-759
INFO:werkzeug: * Running on http://localhost:8080/ (Press CTRL+C to quit)
INFO:werkzeug:127.0.0.1 - - [23/Oct/2019 11:47:59] "GET /resource/1 HTTP/1.1" 500 -
INFO:werkzeug:127.0.0.1 - - [23/Oct/2019 11:47:59] "GET /resource/1?__debugger__=yes&cmd=resource&f=style.css HTTP/1.1" 200 -
INFO:werkzeug:127.0.0.1 - - [23/Oct/2019 11:47:59] "GET /resource/1?__debugger__=yes&cmd=resource&f=debugger.js HTTP/1.1" 200 -
INFO:werkzeug:127.0.0.1 - - [23/Oct/2019 11:47:59] "GET /resource/1?__debugger__=yes&cmd=resource&f=jquery.js HTTP/1.1" 200 -
INFO:werkzeug:127.0.0.1 - - [23/Oct/2019 11:47:59] "GET /resource/1?__debugger__=yes&cmd=resource&f=ubuntu.ttf HTTP/1.1" 200 -
INFO:werkzeug:127.0.0.1 - - [23/Oct/2019 11:48:00] "GET /resource/1?__debugger__=yes&cmd=resource&f=console.png HTTP/1.1" 200 -
INFO:werkzeug:127.0.0.1 - - [23/Oct/2019 11:48:00] "GET /resource/1?__debugger__=yes&cmd=resource&f=console.png HTTP/1.1" 200 -
INFO:werkzeug: * Detected change in 'C:\\Users\\admin\\PycharmProjects\\web_service_2\\rest_server\\resource.py', reloading
INFO:werkzeug: * Restarting with stat
INFO:root:Flask Web Server Started.
WARNING:werkzeug: * Debugger is active!
INFO:werkzeug: * Debugger PIN: 389-216-759
INFO:werkzeug: * Running on http://localhost:8080/ (Press CTRL+C to quit)
INFO:werkzeug:127.0.0.1 - - [23/Oct/2019 11:48:07] "GET /resource/1 HTTP/1.1" 404 -
INFO:werkzeug:127.0.0.1 - - [23/Oct/2019 11:48:37] "GET /resource/t1 HTTP/1.1" 200 -
INFO:werkzeug:127.0.0.1 - - [23/Oct/2019 12:18:52] "GET /resource/t1 HTTP/1.1" 200 -
INFO:werkzeug:127.0.0.1 - - [23/Oct/2019 12:21:23] "DELETE /resource/t1 HTTP/1.1" 204 -
INFO:werkzeug:127.0.0.1 - - [23/Oct/2019 12:21:27] "GET /resource/t1 HTTP/1.1" 404 -
INFO:werkzeug:127.0.0.1 - - [23/Oct/2019 12:22:37] "GET /resource/t1 HTTP/1.1" 404 -
INFO:werkzeug:127.0.0.1 - - [23/Oct/2019 12:22:52] "DELETE /resource/t1 HTTP/1.1" 404 -
INFO:werkzeug:127.0.0.1 - - [23/Oct/2019 12:22:55] "DELETE /resource/t1 HTTP/1.1" 404 -
INFO:werkzeug: * Detected change in 'C:\\Users\\admin\\PycharmProjects\\web_service_2\\rest_server\\resource.py', reloading
INFO:werkzeug: * Restarting with stat
INFO:root:Flask Web Server Started.
WARNING:werkzeug: * Debugger is active!
INFO:werkzeug: * Debugger PIN: 389-216-759
INFO:werkzeug: * Running on http://localhost:8080/ (Press CTRL+C to quit)
INFO:werkzeug:127.0.0.1 - - [23/Oct/2019 12:23:50] "DELETE /resource/t1 HTTP/1.1" 204 -
INFO:werkzeug:127.0.0.1 - - [23/Oct/2019 12:24:50] "GET /resource/t2 HTTP/1.1" 200 -
INFO:werkzeug:127.0.0.1 - - [23/Oct/2019 12:25:50] "PUT /resource/t2?temperature=35.0 HTTP/1.1" 200 -
INFO:werkzeug:127.0.0.1 - - [23/Oct/2019 12:26:03] "GET /resource/t2 HTTP/1.1" 200 -
INFO:werkzeug:127.0.0.1 - - [23/Oct/2019 12:28:27] "PUT /resource/t2?temperature=131&datetime=2019-10-01%2008:18:00&location=1st%20Floor,%204th%20Engineering%20Building,%20KoreaTech HTTP/1.1" 200 -
INFO:werkzeug:127.0.0.1 - - [23/Oct/2019 12:28:32] "GET /resource/t2 HTTP/1.1" 200 -
INFO:werkzeug:127.0.0.1 - - [23/Oct/2019 12:30:11] "PUT /resource/t2 HTTP/1.1" 200 -
INFO:werkzeug:127.0.0.1 - - [23/Oct/2019 12:30:19] "GET /resource/t2 HTTP/1.1" 200 -
INFO:werkzeug:127.0.0.1 - - [23/Oct/2019 12:32:12] "PUT /resource/t2 HTTP/1.1" 200 -
INFO:werkzeug:127.0.0.1 - - [23/Oct/2019 12:32:17] "GET /resource/t2 HTTP/1.1" 200 -
INFO:werkzeug:127.0.0.1 - - [23/Oct/2019 12:32:37] "PUT /resource/t2 HTTP/1.1" 200 -
INFO:werkzeug:127.0.0.1 - - [23/Oct/2019 12:32:43] "GET /resource/t2 HTTP/1.1" 200 -
INFO:werkzeug:127.0.0.1 - - [23/Oct/2019 12:32:58] "PUT /resource/t2 HTTP/1.1" 200 -
INFO:werkzeug:127.0.0.1 - - [23/Oct/2019 12:33:03] "GET /resource/t2 HTTP/1.1" 200 -
INFO:werkzeug:127.0.0.1 - - [23/Oct/2019 12:33:37] "PUT /resource/t2 HTTP/1.1" 200 -
INFO:werkzeug:127.0.0.1 - - [23/Oct/2019 12:34:12] "PUT /resource/t2 HTTP/1.1" 200 -
INFO:werkzeug:127.0.0.1 - - [23/Oct/2019 12:34:16] "GET /resource/t2 HTTP/1.1" 200 -
INFO:werkzeug:127.0.0.1 - - [23/Oct/2019 12:34:36] "PUT /resource/t2 HTTP/1.1" 200 -
INFO:werkzeug:127.0.0.1 - - [23/Oct/2019 12:34:39] "GET /resource/t2 HTTP/1.1" 200 -
INFO:werkzeug:127.0.0.1 - - [23/Oct/2019 12:34:46] "PUT /resource/t2 HTTP/1.1" 200 -
INFO:werkzeug:127.0.0.1 - - [23/Oct/2019 12:34:51] "GET /resource/t2 HTTP/1.1" 200 -
INFO:werkzeug: * Detected change in 'C:\\Users\\admin\\PycharmProjects\\web_service_2\\application.py', reloading
INFO:werkzeug: * Restarting with stat
INFO:root:Flask Web Server Started.
WARNING:werkzeug: * Debugger is active!
INFO:werkzeug: * Debugger PIN: 389-216-759
INFO:werkzeug: * Running on http://localhost:8080/ (Press CTRL+C to quit)
INFO:werkzeug: * Detected change in 'C:\\Users\\admin\\PycharmProjects\\web_service_2\\application.py', reloading
INFO:werkzeug: * Restarting with stat
INFO:root:Flask Web Server Started.
WARNING:werkzeug: * Debugger is active!
INFO:werkzeug: * Debugger PIN: 389-216-759
INFO:werkzeug: * Running on http://localhost:8080/ (Press CTRL+C to quit)
INFO:werkzeug:127.0.0.1 - - [23/Oct/2019 12:40:09] "POST /resource_creation HTTP/1.1" 201 -
INFO:werkzeug:127.0.0.1 - - [23/Oct/2019 12:40:24] "GET /resource/t3 HTTP/1.1" 404 -
INFO:werkzeug:127.0.0.1 - - [23/Oct/2019 12:40:38] "POST /resource_creation HTTP/1.1" 201 -
INFO:werkzeug: * Detected change in 'C:\\Users\\admin\\PycharmProjects\\web_service_2\\application.py', reloading
INFO:werkzeug: * Restarting with stat
INFO:root:Flask Web Server Started.
WARNING:werkzeug: * Debugger is active!
INFO:werkzeug: * Debugger PIN: 389-216-759
INFO:werkzeug: * Running on http://localhost:8080/ (Press CTRL+C to quit)
INFO:werkzeug:127.0.0.1 - - [23/Oct/2019 12:42:10] "POST /resource_creation HTTP/1.1" 201 -
INFO:werkzeug:127.0.0.1 - - [23/Oct/2019 12:43:23] "POST /resource_creation HTTP/1.1" 201 -
INFO:werkzeug:127.0.0.1 - - [23/Oct/2019 12:43:27] "GET /resource/t3 HTTP/1.1" 200 -
INFO:werkzeug:127.0.0.1 - - [23/Oct/2019 12:43:41] "POST /resource_creation HTTP/1.1" 409 -
INFO:root:Flask Web Server Started.
INFO:werkzeug: * Restarting with stat
INFO:root:Flask Web Server Started.
WARNING:werkzeug: * Debugger is active!
INFO:werkzeug: * Debugger PIN: 389-216-759
INFO:werkzeug: * Running on http://localhost:8080/ (Press CTRL+C to quit)
INFO:werkzeug:127.0.0.1 - - [29/Oct/2019 11:13:22] "GET /resource/resource_check HTTP/1.1" 200 -
INFO:werkzeug:127.0.0.1 - - [29/Oct/2019 11:13:22] "GET /favicon.ico HTTP/1.1" 404 -
INFO:werkzeug:127.0.0.1 - - [29/Oct/2019 11:14:24] "GET /resource/t3 HTTP/1.1" 200 -
INFO:werkzeug:127.0.0.1 - - [29/Oct/2019 11:14:42] "PUT /resource/t2 HTTP/1.1" 200 -
INFO:werkzeug:127.0.0.1 - - [29/Oct/2019 11:14:47] "GET /resource/t2 HTTP/1.1" 200 -
INFO:werkzeug:127.0.0.1 - - [29/Oct/2019 11:15:00] "PUT /resource/t2 HTTP/1.1" 200 -
INFO:werkzeug:127.0.0.1 - - [29/Oct/2019 11:15:03] "GET /resource/t2 HTTP/1.1" 200 -
INFO:werkzeug:127.0.0.1 - - [29/Oct/2019 11:15:22] "DELETE /resource/t2 HTTP/1.1" 204 -
INFO:werkzeug:127.0.0.1 - - [29/Oct/2019 11:15:26] "GET /resource/t2 HTTP/1.1" 404 -
INFO:werkzeug:127.0.0.1 - - [29/Oct/2019 11:15:59] "DELETE /resource/t2 HTTP/1.1" 204 -
INFO:werkzeug:127.0.0.1 - - [29/Oct/2019 11:16:09] "GET /resource/resource_check HTTP/1.1" 200 -
INFO:werkzeug:127.0.0.1 - - [29/Oct/2019 11:16:25] "DELETE /resource/None HTTP/1.1" 204 -
INFO:werkzeug:127.0.0.1 - - [29/Oct/2019 11:16:28] "DELETE /resource/None HTTP/1.1" 204 -
INFO:werkzeug:127.0.0.1 - - [29/Oct/2019 11:16:30] "GET /resource/resource_check HTTP/1.1" 200 -
INFO:werkzeug:127.0.0.1 - - [29/Oct/2019 11:16:32] "GET /resource/resource_check HTTP/1.1" 200 -
INFO:werkzeug:127.0.0.1 - - [29/Oct/2019 11:17:43] "POST /resource_creation HTTP/1.1" 201 -
INFO:werkzeug:127.0.0.1 - - [29/Oct/2019 11:17:52] "POST /resource_creation HTTP/1.1" 201 -
INFO:werkzeug:127.0.0.1 - - [29/Oct/2019 11:17:59] "POST /resource_creation HTTP/1.1" 201 -
INFO:werkzeug:127.0.0.1 - - [29/Oct/2019 11:18:05] "GET /resource/resource_check HTTP/1.1" 200 -
INFO:werkzeug:127.0.0.1 - - [29/Oct/2019 11:19:51] "GET /resource/t2 HTTP/1.1" 200 -
INFO:werkzeug:127.0.0.1 - - [29/Oct/2019 11:20:00] "DELETE /resource/t2 HTTP/1.1" 204 -
INFO:werkzeug:127.0.0.1 - - [29/Oct/2019 11:20:03] "DELETE /resource/t2 HTTP/1.1" 204 -
INFO:werkzeug:127.0.0.1 - - [29/Oct/2019 11:20:04] "DELETE /resource/t2 HTTP/1.1" 204 -
INFO:werkzeug:127.0.0.1 - - [29/Oct/2019 11:20:04] "DELETE /resource/t2 HTTP/1.1" 204 -
INFO:werkzeug:127.0.0.1 - - [29/Oct/2019 11:20:05] "DELETE /resource/t2 HTTP/1.1" 204 -
INFO:werkzeug:127.0.0.1 - - [29/Oct/2019 11:20:06] "DELETE /resource/t2 HTTP/1.1" 204 -
INFO:werkzeug:127.0.0.1 - - [29/Oct/2019 11:20:19] "PUT /resource/t2 HTTP/1.1" 404 -
INFO:werkzeug:127.0.0.1 - - [29/Oct/2019 11:20:28] "PUT /resource/t3 HTTP/1.1" 200 -
INFO:werkzeug:127.0.0.1 - - [29/Oct/2019 11:20:32] "GET /resource/resource_check HTTP/1.1" 200 -
INFO:werkzeug:127.0.0.1 - - [29/Oct/2019 11:23:31] "DELETE /resource/None HTTP/1.1" 204 -
INFO:werkzeug:127.0.0.1 - - [29/Oct/2019 11:23:38] "DELETE /resource/NONE HTTP/1.1" 204 -
INFO:werkzeug:127.0.0.1 - - [29/Oct/2019 11:23:47] "DELETE /resource/null HTTP/1.1" 204 -
INFO:werkzeug:127.0.0.1 - - [29/Oct/2019 11:24:35] "GET /resource/resource_check HTTP/1.1" 200 -
INFO:werkzeug:127.0.0.1 - - [29/Oct/2019 11:25:12] "GET /resource/resource_check HTTP/1.1" 200 -
INFO:werkzeug:127.0.0.1 - - [29/Oct/2019 11:33:12] "POST /resource_creation HTTP/1.1" 201 -
INFO:werkzeug:127.0.0.1 - - [29/Oct/2019 11:33:25] "GET /resource/resource_check HTTP/1.1" 200 -
INFO:werkzeug: * Detected change in 'C:\\Users\\admin\\PycharmProjects\\web_service_2\\application.py', reloading
INFO:werkzeug: * Restarting with stat
INFO:root:Flask Web Server Started.
WARNING:werkzeug: * Debugger is active!
INFO:werkzeug: * Debugger PIN: 389-216-759
INFO:werkzeug: * Running on http://localhost:8080/ (Press CTRL+C to quit)
INFO:werkzeug: * Detected change in 'C:\\Users\\admin\\PycharmProjects\\web_service_2\\database\\resource_db_access.py', reloading
INFO:werkzeug: * Restarting with stat
INFO:root:Flask Web Server Started.
WARNING:werkzeug: * Debugger is active!
INFO:werkzeug: * Debugger PIN: 389-216-759
INFO:werkzeug: * Running on http://localhost:8080/ (Press CTRL+C to quit)
INFO:werkzeug:127.0.0.1 - - [29/Oct/2019 11:49:43] "GET /resource_location/2 HTTP/1.1" 200 -
INFO:werkzeug:127.0.0.1 - - [29/Oct/2019 11:49:54] "GET /resource_location/2 HTTP/1.1" 200 -
INFO:werkzeug:127.0.0.1 - - [29/Oct/2019 11:49:58] "GET /resource_location/1 HTTP/1.1" 404 -
INFO:werkzeug:127.0.0.1 - - [29/Oct/2019 11:50:04] "GET /resource_location/2 HTTP/1.1" 200 -
INFO:werkzeug:127.0.0.1 - - [29/Oct/2019 12:08:20] "GET /resource/t2 HTTP/1.1" 404 -
INFO:werkzeug:127.0.0.1 - - [29/Oct/2019 12:08:24] "GET /resource/t3 HTTP/1.1" 200 -
INFO:werkzeug:127.0.0.1 - - [29/Oct/2019 12:22:16] "GET /resource/t2 HTTP/1.1" 404 -
INFO:werkzeug:127.0.0.1 - - [29/Oct/2019 12:22:16] "GET /resource_location/2 HTTP/1.1" 200 -
INFO:werkzeug:127.0.0.1 - - [29/Oct/2019 12:22:31] "PUT /resource/t1 HTTP/1.1" 200 -
INFO:werkzeug:127.0.0.1 - - [29/Oct/2019 12:22:41] "GET /resource/t1 HTTP/1.1" 200 -
INFO:werkzeug:127.0.0.1 - - [29/Oct/2019 12:22:41] "GET /resource_location/2 HTTP/1.1" 200 -
INFO:werkzeug:127.0.0.1 - - [29/Oct/2019 12:22:53] "DELETE /resource/t1 HTTP/1.1" 204 -
INFO:werkzeug:127.0.0.1 - - [29/Oct/2019 12:23:02] "POST /resource/creation HTTP/1.1" 405 -
INFO:werkzeug:127.0.0.1 - - [29/Oct/2019 12:23:13] "POST /resource_creation HTTP/1.1" 201 -
INFO:werkzeug:127.0.0.1 - - [29/Oct/2019 12:23:30] "GET /resource/t4 HTTP/1.1" 200 -
INFO:werkzeug:127.0.0.1 - - [29/Oct/2019 12:23:30] "GET /resource_location/2 HTTP/1.1" 200 -
INFO:werkzeug:127.0.0.1 - - [29/Oct/2019 12:23:35] "POST /resource_creation HTTP/1.1" 409 -
INFO:werkzeug:127.0.0.1 - - [29/Oct/2019 12:23:52] "GET /resource/t4 HTTP/1.1" 200 -
INFO:werkzeug:127.0.0.1 - - [29/Oct/2019 12:23:52] "GET /resource_location/2 HTTP/1.1" 200 -
INFO:werkzeug:127.0.0.1 - - [29/Oct/2019 12:24:46] "DELETE /resource/t1 HTTP/1.1" 204 -
INFO:werkzeug:127.0.0.1 - - [29/Oct/2019 12:26:22] "GET /resource_ HTTP/1.1" 404 -
INFO:werkzeug:127.0.0.1 - - [29/Oct/2019 12:26:27] "GET /resource_check HTTP/1.1" 404 -
INFO:werkzeug:127.0.0.1 - - [29/Oct/2019 12:26:39] "GET /favicon.ico HTTP/1.1" 404 -
INFO:werkzeug:127.0.0.1 - - [29/Oct/2019 12:26:44] "GET /resource/resource_check HTTP/1.1" 200 -
INFO:werkzeug:127.0.0.1 - - [29/Oct/2019 12:26:51] "GET /resource/t4 HTTP/1.1" 200 -
INFO:werkzeug:127.0.0.1 - - [29/Oct/2019 12:26:51] "GET /resource_location/2 HTTP/1.1" 200 -
INFO:werkzeug:127.0.0.1 - - [29/Oct/2019 12:32:44] "GET /resource/t4 HTTP/1.1" 200 -
INFO:werkzeug:127.0.0.1 - - [29/Oct/2019 12:32:44] "GET /resource_location/2 HTTP/1.1" 200 -
INFO:root:Flask Web Server Started.
INFO:werkzeug: * Restarting with stat
INFO:root:Flask Web Server Started.
WARNING:werkzeug: * Debugger is active!
INFO:werkzeug: * Debugger PIN: 389-216-759
INFO:werkzeug: * Running on http://localhost:8080/ (Press CTRL+C to quit)
INFO:werkzeug:127.0.0.1 - - [30/Oct/2019 12:48:18] "GET / HTTP/1.1" 200 -
INFO:werkzeug:127.0.0.1 - - [30/Oct/2019 12:48:18] "GET /static/css/bootstrap.min.css HTTP/1.1" 304 -
INFO:werkzeug:127.0.0.1 - - [30/Oct/2019 12:48:18] "GET /static/js/bootstrap.min.js HTTP/1.1" 304 -
INFO:werkzeug:127.0.0.1 - - [30/Oct/2019 12:48:18] "GET /favicon.ico HTTP/1.1" 404 -
INFO:werkzeug:127.0.0.1 - - [30/Oct/2019 12:48:23] "GET /news/images HTTP/1.1" 200 -
INFO:werkzeug: * Detected change in 'C:\\Users\\admin\\PycharmProjects\\web_service_2\\news.py', reloading
INFO:werkzeug: * Restarting with stat
INFO:root:Flask Web Server Started.
WARNING:werkzeug: * Debugger is active!
INFO:werkzeug: * Debugger PIN: 389-216-759
INFO:werkzeug: * Running on http://localhost:8080/ (Press CTRL+C to quit)
INFO:werkzeug:127.0.0.1 - - [30/Oct/2019 12:48:44] "GET /news/images HTTP/1.1" 200 -
INFO:root:Flask Web Server Started.
INFO:werkzeug: * Restarting with stat
INFO:root:Flask Web Server Started.
WARNING:werkzeug: * Debugger is active!
INFO:werkzeug: * Debugger PIN: 389-216-759
INFO:werkzeug: * Running on http://localhost:8080/ (Press CTRL+C to quit)
INFO:werkzeug:127.0.0.1 - - [05/Nov/2019 11:06:59] "GET / HTTP/1.1" 200 -
INFO:werkzeug:127.0.0.1 - - [05/Nov/2019 11:06:59] "GET /static/css/bootstrap.min.css HTTP/1.1" 304 -
INFO:werkzeug:127.0.0.1 - - [05/Nov/2019 11:07:00] "GET /static/js/bootstrap.min.js HTTP/1.1" 304 -
INFO:werkzeug:127.0.0.1 - - [05/Nov/2019 11:07:00] "GET /favicon.ico HTTP/1.1" 404 -
INFO:werkzeug:127.0.0.1 - - [05/Nov/2019 11:07:30] "GET /news/images HTTP/1.1" 200 -
INFO:werkzeug: * Detected change in 'C:\\Users\\admin\\PycharmProjects\\web_service_2\\news.py', reloading
INFO:werkzeug: * Restarting with stat
INFO:root:Flask Web Server Started.
WARNING:werkzeug: * Debugger is active!
INFO:werkzeug: * Debugger PIN: 389-216-759
INFO:werkzeug: * Running on http://localhost:8080/ (Press CTRL+C to quit)
INFO:werkzeug:127.0.0.1 - - [05/Nov/2019 11:15:47] "GET /news/images HTTP/1.1" 500 -
INFO:werkzeug:127.0.0.1 - - [05/Nov/2019 11:15:47] "GET /news/images?__debugger__=yes&cmd=resource&f=style.css HTTP/1.1" 200 -
INFO:werkzeug:127.0.0.1 - - [05/Nov/2019 11:15:47] "GET /news/images?__debugger__=yes&cmd=resource&f=jquery.js HTTP/1.1" 200 -
INFO:werkzeug:127.0.0.1 - - [05/Nov/2019 11:15:47] "GET /news/images?__debugger__=yes&cmd=resource&f=debugger.js HTTP/1.1" 200 -
INFO:werkzeug:127.0.0.1 - - [05/Nov/2019 11:15:48] "GET /news/images?__debugger__=yes&cmd=resource&f=ubuntu.ttf HTTP/1.1" 200 -
INFO:werkzeug:127.0.0.1 - - [05/Nov/2019 11:15:48] "GET /news/images?__debugger__=yes&cmd=resource&f=console.png HTTP/1.1" 200 -
INFO:werkzeug:127.0.0.1 - - [05/Nov/2019 11:15:48] "GET /news/images?__debugger__=yes&cmd=resource&f=console.png HTTP/1.1" 200 -
INFO:werkzeug: * Detected change in 'C:\\Users\\admin\\PycharmProjects\\web_service_2\\news.py', reloading
INFO:werkzeug: * Restarting with stat
INFO:root:Flask Web Server Started.
WARNING:werkzeug: * Debugger is active!
INFO:werkzeug: * Debugger PIN: 389-216-759
INFO:werkzeug: * Running on http://localhost:8080/ (Press CTRL+C to quit)
DEBUG:urllib3.connectionpool:Starting new HTTPS connection (1): dapi.kakao.com:443
DEBUG:urllib3.connectionpool:https://dapi.kakao.com:443 "GET /v2/search/image?query=%ED%8C%8C%EC%9D%B4%EC%8D%AC HTTP/1.1" 401 None
INFO:werkzeug:127.0.0.1 - - [05/Nov/2019 11:16:08] "GET /news/images HTTP/1.1" 500 -
INFO:werkzeug:127.0.0.1 - - [05/Nov/2019 11:16:08] "GET /news/images?__debugger__=yes&cmd=resource&f=style.css HTTP/1.1" 200 -
INFO:werkzeug:127.0.0.1 - - [05/Nov/2019 11:16:08] "GET /news/images?__debugger__=yes&cmd=resource&f=jquery.js HTTP/1.1" 200 -
INFO:werkzeug:127.0.0.1 - - [05/Nov/2019 11:16:08] "GET /news/images?__debugger__=yes&cmd=resource&f=debugger.js HTTP/1.1" 200 -
INFO:werkzeug:127.0.0.1 - - [05/Nov/2019 11:16:09] "GET /news/images?__debugger__=yes&cmd=resource&f=ubuntu.ttf HTTP/1.1" 200 -
INFO:werkzeug:127.0.0.1 - - [05/Nov/2019 11:16:09] "GET /news/images?__debugger__=yes&cmd=resource&f=console.png HTTP/1.1" 200 -
INFO:werkzeug:127.0.0.1 - - [05/Nov/2019 11:16:09] "GET /news/images?__debugger__=yes&cmd=resource&f=console.png HTTP/1.1" 200 -
INFO:werkzeug: * Detected change in 'C:\\Users\\admin\\PycharmProjects\\web_service_2\\news.py', reloading
INFO:werkzeug: * Restarting with stat
INFO:root:Flask Web Server Started.
WARNING:werkzeug: * Debugger is active!
INFO:werkzeug: * Debugger PIN: 389-216-759
INFO:werkzeug: * Running on http://localhost:8080/ (Press CTRL+C to quit)
DEBUG:urllib3.connectionpool:Starting new HTTPS connection (1): dapi.kakao.com:443
DEBUG:urllib3.connectionpool:https://dapi.kakao.com:443 "GET /v2/search/image?query=%ED%8C%8C%EC%9D%B4%EC%8D%AC HTTP/1.1" 401 None
INFO:werkzeug:127.0.0.1 - - [05/Nov/2019 11:17:32] "GET /news/images HTTP/1.1" 500 -
INFO:werkzeug:127.0.0.1 - - [05/Nov/2019 11:17:32] "GET /news/images?__debugger__=yes&cmd=resource&f=style.css HTTP/1.1" 200 -
INFO:werkzeug:127.0.0.1 - - [05/Nov/2019 11:17:32] "GET /news/images?__debugger__=yes&cmd=resource&f=jquery.js HTTP/1.1" 200 -
INFO:werkzeug:127.0.0.1 - - [05/Nov/2019 11:17:32] "GET /news/images?__debugger__=yes&cmd=resource&f=debugger.js HTTP/1.1" 200 -
INFO:werkzeug:127.0.0.1 - - [05/Nov/2019 11:17:32] "GET /news/images?__debugger__=yes&cmd=resource&f=console.png HTTP/1.1" 200 -
INFO:werkzeug:127.0.0.1 - - [05/Nov/2019 11:17:33] "GET /news/images?__debugger__=yes&cmd=resource&f=ubuntu.ttf HTTP/1.1" 200 -
INFO:werkzeug:127.0.0.1 - - [05/Nov/2019 11:17:33] "GET /news/images?__debugger__=yes&cmd=resource&f=console.png HTTP/1.1" 200 -
INFO:werkzeug: * Detected change in 'C:\\Users\\admin\\PycharmProjects\\web_service_2\\news.py', reloading
INFO:werkzeug: * Restarting with stat
INFO:root:Flask Web Server Started.
WARNING:werkzeug: * Debugger is active!
INFO:werkzeug: * Debugger PIN: 389-216-759
INFO:werkzeug: * Running on http://localhost:8080/ (Press CTRL+C to quit)
DEBUG:urllib3.connectionpool:Starting new HTTPS connection (1): dapi.kakao.com:443
DEBUG:urllib3.connectionpool:https://dapi.kakao.com:443 "GET /v2/search/image?query=%ED%8C%8C%EC%9D%B4%EC%8D%AC HTTP/1.1" 200 None
INFO:werkzeug:127.0.0.1 - - [05/Nov/2019 11:18:21] "GET /news/images HTTP/1.1" 500 -
INFO:werkzeug:127.0.0.1 - - [05/Nov/2019 11:18:21] "GET /news/images?__debugger__=yes&cmd=resource&f=style.css HTTP/1.1" 200 -
INFO:werkzeug:127.0.0.1 - - [05/Nov/2019 11:18:21] "GET /news/images?__debugger__=yes&cmd=resource&f=jquery.js HTTP/1.1" 200 -
INFO:werkzeug:127.0.0.1 - - [05/Nov/2019 11:18:21] "GET /news/images?__debugger__=yes&cmd=resource&f=debugger.js HTTP/1.1" 200 -
INFO:werkzeug:127.0.0.1 - - [05/Nov/2019 11:18:21] "GET /news/images?__debugger__=yes&cmd=resource&f=ubuntu.ttf HTTP/1.1" 200 -
INFO:werkzeug:127.0.0.1 - - [05/Nov/2019 11:18:21] "GET /news/images?__debugger__=yes&cmd=resource&f=console.png HTTP/1.1" 200 -
INFO:werkzeug:127.0.0.1 - - [05/Nov/2019 11:18:21] "GET /news/images?__debugger__=yes&cmd=resource&f=console.png HTTP/1.1" 200 -
INFO:werkzeug: * Detected change in 'C:\\Users\\admin\\PycharmProjects\\web_service_2\\news.py', reloading
INFO:werkzeug: * Restarting with stat
INFO:root:Flask Web Server Started.
WARNING:werkzeug: * Debugger is active!
INFO:werkzeug: * Debugger PIN: 389-216-759
INFO:werkzeug: * Running on http://localhost:8080/ (Press CTRL+C to quit)
DEBUG:urllib3.connectionpool:Starting new HTTPS connection (1): dapi.kakao.com:443
DEBUG:urllib3.connectionpool:https://dapi.kakao.com:443 "GET /v2/search/image?query=%ED%8C%8C%EC%9D%B4%EC%8D%AC HTTP/1.1" 200 None
INFO:werkzeug:127.0.0.1 - - [05/Nov/2019 11:18:33] "GET /news/images HTTP/1.1" 500 -
INFO:werkzeug:127.0.0.1 - - [05/Nov/2019 11:18:33] "GET /news/images?__debugger__=yes&cmd=resource&f=style.css HTTP/1.1" 200 -
INFO:werkzeug:127.0.0.1 - - [05/Nov/2019 11:18:33] "GET /news/images?__debugger__=yes&cmd=resource&f=jquery.js HTTP/1.1" 200 -
INFO:werkzeug:127.0.0.1 - - [05/Nov/2019 11:18:33] "GET /news/images?__debugger__=yes&cmd=resource&f=debugger.js HTTP/1.1" 200 -
INFO:werkzeug:127.0.0.1 - - [05/Nov/2019 11:18:34] "GET /news/images?__debugger__=yes&cmd=resource&f=ubuntu.ttf HTTP/1.1" 200 -
INFO:werkzeug:127.0.0.1 - - [05/Nov/2019 11:18:34] "GET /news/images?__debugger__=yes&cmd=resource&f=console.png HTTP/1.1" 200 -
INFO:werkzeug:127.0.0.1 - - [05/Nov/2019 11:18:34] "GET /news/images?__debugger__=yes&cmd=resource&f=console.png HTTP/1.1" 200 -
DEBUG:urllib3.connectionpool:Starting new HTTPS connection (1): dapi.kakao.com:443
DEBUG:urllib3.connectionpool:https://dapi.kakao.com:443 "GET /v2/search/image?query=%ED%8C%8C%EC%9D%B4%EC%8D%AC HTTP/1.1" 200 None
INFO:werkzeug:127.0.0.1 - - [05/Nov/2019 11:18:44] "GET /news/images HTTP/1.1" 500 -
INFO:werkzeug:127.0.0.1 - - [05/Nov/2019 11:18:44] "GET /news/images?__debugger__=yes&cmd=resource&f=style.css HTTP/1.1" 200 -
INFO:werkzeug:127.0.0.1 - - [05/Nov/2019 11:18:44] "GET /news/images?__debugger__=yes&cmd=resource&f=jquery.js HTTP/1.1" 200 -
INFO:werkzeug:127.0.0.1 - - [05/Nov/2019 11:18:44] "GET /news/images?__debugger__=yes&cmd=resource&f=debugger.js HTTP/1.1" 200 -
INFO:werkzeug:127.0.0.1 - - [05/Nov/2019 11:18:44] "GET /news/images?__debugger__=yes&cmd=resource&f=ubuntu.ttf HTTP/1.1" 200 -
INFO:werkzeug:127.0.0.1 - - [05/Nov/2019 11:18:44] "GET /news/images?__debugger__=yes&cmd=resource&f=console.png HTTP/1.1" 200 -
INFO:werkzeug:127.0.0.1 - - [05/Nov/2019 11:18:45] "GET /news/images?__debugger__=yes&cmd=resource&f=console.png HTTP/1.1" 200 -
INFO:werkzeug: * Detected change in 'C:\\Users\\admin\\PycharmProjects\\web_service_2\\news.py', reloading
INFO:werkzeug: * Restarting with stat
INFO:root:Flask Web Server Started.
WARNING:werkzeug: * Debugger is active!
INFO:werkzeug: * Debugger PIN: 389-216-759
INFO:werkzeug: * Running on http://localhost:8080/ (Press CTRL+C to quit)
DEBUG:urllib3.connectionpool:Starting new HTTPS connection (1): dapi.kakao.com:443
DEBUG:urllib3.connectionpool:https://dapi.kakao.com:443 "GET /v2/search/image?query=%ED%8C%8C%EC%9D%B4%EC%8D%AC HTTP/1.1" 200 None
INFO:werkzeug:127.0.0.1 - - [05/Nov/2019 11:20:19] "GET /news/images HTTP/1.1" 200 -
DEBUG:urllib3.connectionpool:Starting new HTTPS connection (1): dapi.kakao.com:443
DEBUG:urllib3.connectionpool:https://dapi.kakao.com:443 "GET /v2/search/image?query=%ED%8C%8C%EC%9D%B4%EC%8D%AC HTTP/1.1" 200 None
INFO:werkzeug:127.0.0.1 - - [05/Nov/2019 11:34:47] "GET /news/images HTTP/1.1" 200 -
DEBUG:urllib3.connectionpool:Starting new HTTPS connection (1): dapi.kakao.com:443
DEBUG:urllib3.connectionpool:https://dapi.kakao.com:443 "GET /v2/search/image?query=%ED%8C%8C%EC%9D%B4%EC%8D%AC HTTP/1.1" 200 None
INFO:werkzeug:127.0.0.1 - - [05/Nov/2019 11:34:49] "GET /news/images HTTP/1.1" 200 -
DEBUG:urllib3.connectionpool:Starting new HTTPS connection (1): dapi.kakao.com:443
DEBUG:urllib3.connectionpool:https://dapi.kakao.com:443 "GET /v2/search/image?query=%ED%8C%8C%EC%9D%B4%EC%8D%AC HTTP/1.1" 200 None
INFO:werkzeug:127.0.0.1 - - [05/Nov/2019 11:34:50] "GET /news/images HTTP/1.1" 200 -
DEBUG:urllib3.connectionpool:Starting new HTTPS connection (1): dapi.kakao.com:443
DEBUG:urllib3.connectionpool:https://dapi.kakao.com:443 "GET /v2/search/image?query=%ED%8C%8C%EC%9D%B4%EC%8D%AC HTTP/1.1" 200 None
INFO:werkzeug:127.0.0.1 - - [05/Nov/2019 11:34:51] "GET /news/images HTTP/1.1" 200 -
DEBUG:urllib3.connectionpool:Starting new HTTPS connection (1): dapi.kakao.com:443
DEBUG:urllib3.connectionpool:https://dapi.kakao.com:443 "GET /v2/search/image?query=%ED%8C%8C%EC%9D%B4%EC%8D%AC HTTP/1.1" 200 None
INFO:werkzeug:127.0.0.1 - - [05/Nov/2019 11:34:58] "GET /news/images HTTP/1.1" 200 -
DEBUG:urllib3.connectionpool:Starting new HTTPS connection (1): dapi.kakao.com:443
DEBUG:urllib3.connectionpool:https://dapi.kakao.com:443 "GET /v2/search/image?query=%ED%8C%8C%EC%9D%B4%EC%8D%AC HTTP/1.1" 200 None
INFO:werkzeug:127.0.0.1 - - [05/Nov/2019 11:35:40] "GET /news/images HTTP/1.1" 200 -
DEBUG:urllib3.connectionpool:Starting new HTTPS connection (1): dapi.kakao.com:443
DEBUG:urllib3.connectionpool:https://dapi.kakao.com:443 "GET /v2/search/image?query=%ED%8C%8C%EC%9D%B4%EC%8D%AC HTTP/1.1" 200 None
INFO:werkzeug:127.0.0.1 - - [05/Nov/2019 11:36:47] "GET /news/images HTTP/1.1" 200 -
INFO:werkzeug: * Detected change in 'C:\\Users\\admin\\PycharmProjects\\web_service_2\\news.py', reloading
INFO:werkzeug: * Restarting with stat
INFO:root:Flask Web Server Started.
WARNING:werkzeug: * Debugger is active!
INFO:werkzeug: * Debugger PIN: 389-216-759
INFO:werkzeug: * Running on http://localhost:8080/ (Press CTRL+C to quit)
DEBUG:urllib3.connectionpool:Starting new HTTPS connection (1): dapi.kakao.com:443
DEBUG:urllib3.connectionpool:https://dapi.kakao.com:443 "GET /v2/search/image?query=%ED%8C%8C%EC%9D%B4%EC%8D%AC HTTP/1.1" 200 None
INFO:werkzeug:127.0.0.1 - - [05/Nov/2019 11:44:31] "GET /news/images HTTP/1.1" 200 -
INFO:werkzeug: * Detected change in 'C:\\Users\\admin\\PycharmProjects\\web_service_2\\news.py', reloading
INFO:werkzeug: * Restarting with stat
INFO:root:Flask Web Server Started.
WARNING:werkzeug: * Debugger is active!
INFO:werkzeug: * Debugger PIN: 389-216-759
INFO:werkzeug: * Running on http://localhost:8080/ (Press CTRL+C to quit)
DEBUG:urllib3.connectionpool:Starting new HTTPS connection (1): dapi.kakao.com:443
DEBUG:urllib3.connectionpool:https://dapi.kakao.com:443 "GET /v2/search/image?query=%ED%8C%8C%EC%9D%B4%EC%8D%AC HTTP/1.1" 200 None
INFO:werkzeug:127.0.0.1 - - [05/Nov/2019 12:26:26] "GET /news/images HTTP/1.1" 200 -
INFO:werkzeug:127.0.0.1 - - [05/Nov/2019 12:26:27] "GET / HTTP/1.1" 200 -
INFO:werkzeug:127.0.0.1 - - [05/Nov/2019 12:26:27] "GET /static/assets/css/material-dashboard.css?v=2.1.1 HTTP/1.1" 200 -
INFO:werkzeug:127.0.0.1 - - [05/Nov/2019 12:31:41] "GET / HTTP/1.1" 200 -
INFO:werkzeug:127.0.0.1 - - [05/Nov/2019 12:32:02] "GET / HTTP/1.1" 200 -
INFO:werkzeug:127.0.0.1 - - [05/Nov/2019 12:32:20] "GET / HTTP/1.1" 200 -
INFO:werkzeug:127.0.0.1 - - [05/Nov/2019 12:32:25] "GET / HTTP/1.1" 200 -
INFO:werkzeug:127.0.0.1 - - [05/Nov/2019 12:33:41] "GET / HTTP/1.1" 200 -
INFO:werkzeug:127.0.0.1 - - [05/Nov/2019 12:33:53] "GET / HTTP/1.1" 200 -
INFO:werkzeug:127.0.0.1 - - [05/Nov/2019 12:33:58] "GET / HTTP/1.1" 200 -
INFO:werkzeug:127.0.0.1 - - [05/Nov/2019 12:36:12] "GET / HTTP/1.1" 200 -
INFO:werkzeug:127.0.0.1 - - [05/Nov/2019 12:38:11] "GET / HTTP/1.1" 200 -
INFO:werkzeug:127.0.0.1 - - [05/Nov/2019 12:42:48] "GET / HTTP/1.1" 200 -
DEBUG:urllib3.connectionpool:Starting new HTTPS connection (1): dapi.kakao.com:443
DEBUG:urllib3.connectionpool:https://dapi.kakao.com:443 "GET /v2/search/image?query=%ED%8C%8C%EC%9D%B4%EC%8D%AC HTTP/1.1" 200 None
INFO:werkzeug:127.0.0.1 - - [05/Nov/2019 12:42:49] "GET /news/images HTTP/1.1" 200 -
DEBUG:urllib3.connectionpool:Starting new HTTPS connection (1): dapi.kakao.com:443
DEBUG:urllib3.connectionpool:https://dapi.kakao.com:443 "GET /v2/search/image?query=%ED%8C%8C%EC%9D%B4%EC%8D%AC HTTP/1.1" 200 None
INFO:werkzeug:127.0.0.1 - - [05/Nov/2019 12:42:51] "GET /news/images HTTP/1.1" 200 -
INFO:werkzeug:127.0.0.1 - - [05/Nov/2019 12:42:52] "GET / HTTP/1.1" 200 -
DEBUG:urllib3.connectionpool:Starting new HTTPS connection (1): dapi.kakao.com:443
DEBUG:urllib3.connectionpool:https://dapi.kakao.com:443 "GET /v2/search/image?query=%ED%8C%8C%EC%9D%B4%EC%8D%AC HTTP/1.1" 200 None
INFO:werkzeug:127.0.0.1 - - [05/Nov/2019 12:42:53] "GET /news/images HTTP/1.1" 200 -
INFO:werkzeug:127.0.0.1 - - [05/Nov/2019 12:42:54] "GET / HTTP/1.1" 200 -
DEBUG:urllib3.connectionpool:Starting new HTTPS connection (1): dapi.kakao.com:443
DEBUG:urllib3.connectionpool:https://dapi.kakao.com:443 "GET /v2/search/image?query=%ED%8C%8C%EC%9D%B4%EC%8D%AC HTTP/1.1" 200 None
INFO:werkzeug:127.0.0.1 - - [05/Nov/2019 12:43:00] "GET /news/images HTTP/1.1" 200 -
INFO:werkzeug:127.0.0.1 - - [05/Nov/2019 12:43:03] "GET / HTTP/1.1" 200 -
DEBUG:urllib3.connectionpool:Starting new HTTPS connection (1): dapi.kakao.com:443
DEBUG:urllib3.connectionpool:https://dapi.kakao.com:443 "GET /v2/search/image?query=%ED%8C%8C%EC%9D%B4%EC%8D%AC HTTP/1.1" 200 None
INFO:werkzeug:127.0.0.1 - - [05/Nov/2019 12:43:04] "GET /news/images HTTP/1.1" 200 -
DEBUG:urllib3.connectionpool:Starting new HTTPS connection (1): dapi.kakao.com:443
DEBUG:urllib3.connectionpool:https://dapi.kakao.com:443 "GET /v2/search/image?query=%ED%8C%8C%EC%9D%B4%EC%8D%AC HTTP/1.1" 200 None
INFO:werkzeug:127.0.0.1 - - [05/Nov/2019 12:43:26] "GET /news/images HTTP/1.1" 200 -
INFO:werkzeug:127.0.0.1 - - [05/Nov/2019 12:43:31] "GET / HTTP/1.1" 200 -
INFO:werkzeug: * Detected change in 'C:\\Users\\admin\\PycharmProjects\\web_service_2\\application.py', reloading
INFO:werkzeug: * Restarting with stat
INFO:root:Flask Web Server Started.
WARNING:werkzeug: * Debugger is active!
INFO:werkzeug: * Debugger PIN: 389-216-759
INFO:werkzeug: * Running on http://localhost:8080/ (Press CTRL+C to quit)
INFO:werkzeug: * Detected change in 'C:\\Users\\admin\\PycharmProjects\\web_service_2\\news.py', reloading
INFO:werkzeug: * Restarting with stat
INFO:root:Flask Web Server Started.
WARNING:werkzeug: * Debugger is active!
INFO:werkzeug: * Debugger PIN: 389-216-759
INFO:werkzeug: * Running on http://localhost:8080/ (Press CTRL+C to quit)
DEBUG:urllib3.connectionpool:Starting new HTTPS connection (1): dapi.kakao.com:443
DEBUG:urllib3.connectionpool:https://dapi.kakao.com:443 "GET /v2/search/image?query=%ED%8C%8C%EC%9D%B4%EC%8D%AC HTTP/1.1" 200 None
INFO:werkzeug:127.0.0.1 - - [05/Nov/2019 12:48:16] "GET /news/images HTTP/1.1" 200 -
INFO:werkzeug:127.0.0.1 - - [05/Nov/2019 12:48:16] "GET / HTTP/1.1" 200 -
DEBUG:urllib3.connectionpool:Starting new HTTPS connection (1): dapi.kakao.com:443
DEBUG:urllib3.connectionpool:https://dapi.kakao.com:443 "GET /v2/search/image?query=%ED%8C%8C%EC%9D%B4%EC%8D%AC HTTP/1.1" 200 None
INFO:werkzeug:127.0.0.1 - - [05/Nov/2019 12:48:19] "GET /news/images HTTP/1.1" 200 -
INFO:werkzeug:127.0.0.1 - - [05/Nov/2019 12:48:20] "GET / HTTP/1.1" 200 -
DEBUG:urllib3.connectionpool:Starting new HTTPS connection (1): dapi.kakao.com:443
DEBUG:urllib3.connectionpool:https://dapi.kakao.com:443 "GET /v2/search/image?query=%ED%8C%8C%EC%9D%B4%EC%8D%AC HTTP/1.1" 200 None
INFO:werkzeug:127.0.0.1 - - [05/Nov/2019 12:48:21] "GET /news/images HTTP/1.1" 200 -
INFO:werkzeug:127.0.0.1 - - [05/Nov/2019 12:48:21] "GET / HTTP/1.1" 200 -
DEBUG:urllib3.connectionpool:Starting new HTTPS connection (1): dapi.kakao.com:443
DEBUG:urllib3.connectionpool:https://dapi.kakao.com:443 "GET /v2/search/image?query=%ED%8C%8C%EC%9D%B4%EC%8D%AC HTTP/1.1" 200 None
INFO:werkzeug:127.0.0.1 - - [05/Nov/2019 12:48:23] "GET /news/images HTTP/1.1" 200 -
INFO:werkzeug:127.0.0.1 - - [05/Nov/2019 12:48:24] "GET / HTTP/1.1" 200 -
INFO:root:Flask Web Server Started.
INFO:werkzeug: * Restarting with stat
INFO:root:Flask Web Server Started.
WARNING:werkzeug: * Debugger is active!
INFO:werkzeug: * Debugger PIN: 389-216-759
INFO:werkzeug: * Running on http://localhost:8080/ (Press CTRL+C to quit)
INFO:werkzeug:127.0.0.1 - - [12/Nov/2019 11:13:34] "GET / HTTP/1.1" 200 -
INFO:werkzeug:127.0.0.1 - - [12/Nov/2019 11:13:34] "GET /static/assets/css/material-dashboard.css?v=2.1.1 HTTP/1.1" 304 -
INFO:werkzeug:127.0.0.1 - - [12/Nov/2019 11:13:35] "GET /favicon.ico HTTP/1.1" 404 -
DEBUG:urllib3.connectionpool:Starting new HTTPS connection (1): dapi.kakao.com:443
DEBUG:urllib3.connectionpool:https://dapi.kakao.com:443 "GET /v2/search/image?query=%ED%8C%8C%EC%9D%B4%EC%8D%AC HTTP/1.1" 200 None
INFO:werkzeug:127.0.0.1 - - [12/Nov/2019 11:13:37] "GET /news/images HTTP/1.1" 200 -
INFO:werkzeug:127.0.0.1 - - [12/Nov/2019 11:13:41] "GET / HTTP/1.1" 200 -
DEBUG:urllib3.connectionpool:Starting new HTTPS connection (1): dapi.kakao.com:443
DEBUG:urllib3.connectionpool:https://dapi.kakao.com:443 "GET /v2/search/image?query=%ED%8C%8C%EC%9D%B4%EC%8D%AC HTTP/1.1" 200 None
INFO:werkzeug:127.0.0.1 - - [12/Nov/2019 11:13:42] "GET /news/images HTTP/1.1" 200 -
INFO:werkzeug:127.0.0.1 - - [12/Nov/2019 11:13:45] "GET / HTTP/1.1" 200 -
DEBUG:urllib3.connectionpool:Starting new HTTPS connection (1): dapi.kakao.com:443
DEBUG:urllib3.connectionpool:https://dapi.kakao.com:443 "GET /v2/search/image?query=%ED%8C%8C%EC%9D%B4%EC%8D%AC HTTP/1.1" 200 None
INFO:werkzeug:127.0.0.1 - - [12/Nov/2019 11:13:45] "GET /news/images HTTP/1.1" 200 -
INFO:werkzeug:127.0.0.1 - - [12/Nov/2019 11:13:47] "GET / HTTP/1.1" 200 -
INFO:werkzeug:127.0.0.1 - - [12/Nov/2019 11:13:48] "GET / HTTP/1.1" 200 -
DEBUG:urllib3.connectionpool:Starting new HTTPS connection (1): dapi.kakao.com:443
DEBUG:urllib3.connectionpool:https://dapi.kakao.com:443 "GET /v2/search/image?query=%ED%8C%8C%EC%9D%B4%EC%8D%AC HTTP/1.1" 200 None
INFO:werkzeug:127.0.0.1 - - [12/Nov/2019 11:13:51] "GET /news/images HTTP/1.1" 200 -
INFO:werkzeug: * Detected change in 'C:\\Users\\admin\\PycharmProjects\\web_service_2\\news.py', reloading
INFO:werkzeug: * Restarting with stat
INFO:root:Flask Web Server Started.
WARNING:werkzeug: * Debugger is active!
INFO:werkzeug: * Debugger PIN: 389-216-759
INFO:werkzeug: * Running on http://localhost:8080/ (Press CTRL+C to quit)
INFO:werkzeug: * Detected change in 'C:\\Users\\admin\\PycharmProjects\\web_service_2\\news.py', reloading
INFO:werkzeug: * Restarting with stat
INFO:root:Flask Web Server Started.
INFO:werkzeug: * Restarting with stat
INFO:root:Flask Web Server Started.
WARNING:werkzeug: * Debugger is active!
INFO:werkzeug: * Debugger PIN: 389-216-759
INFO:werkzeug: * Running on http://localhost:8080/ (Press CTRL+C to quit)
INFO:werkzeug:127.0.0.1 - - [12/Nov/2019 11:19:05] "GET / HTTP/1.1" 200 -
INFO:werkzeug:127.0.0.1 - - [12/Nov/2019 11:19:15] "GET / HTTP/1.1" 200 -
INFO:werkzeug: * Detected change in 'C:\\Users\\admin\\PycharmProjects\\web_service_2\\news.py', reloading
INFO:werkzeug: * Restarting with stat
INFO:root:Flask Web Server Started.
INFO:werkzeug: * Restarting with stat
INFO:root:Flask Web Server Started.
WARNING:werkzeug: * Debugger is active!
INFO:werkzeug: * Debugger PIN: 389-216-759
INFO:werkzeug: * Running on http://localhost:8080/ (Press CTRL+C to quit)
DEBUG:urllib3.connectionpool:Starting new HTTPS connection (1): dapi.kakao.com:443
DEBUG:urllib3.connectionpool:https://dapi.kakao.com:443 "GET /v3/search/book?target=title&query=%EB%AF%B8%EC%9B%80%EB%B0%9B%EC%9D%84%20%EC%9A%A9%EA%B8%B0 HTTP/1.1" 200 None
INFO:werkzeug:127.0.0.1 - - [12/Nov/2019 11:20:05] "GET /news/books HTTP/1.1" 500 -
INFO:werkzeug:127.0.0.1 - - [12/Nov/2019 11:20:05] "GET /news/books?__debugger__=yes&cmd=resource&f=style.css HTTP/1.1" 200 -
INFO:werkzeug:127.0.0.1 - - [12/Nov/2019 11:20:05] "GET /news/books?__debugger__=yes&cmd=resource&f=jquery.js HTTP/1.1" 200 -
INFO:werkzeug:127.0.0.1 - - [12/Nov/2019 11:20:06] "GET /news/books?__debugger__=yes&cmd=resource&f=debugger.js HTTP/1.1" 200 -
INFO:werkzeug:127.0.0.1 - - [12/Nov/2019 11:20:06] "GET /news/books?__debugger__=yes&cmd=resource&f=ubuntu.ttf HTTP/1.1" 200 -
INFO:werkzeug:127.0.0.1 - - [12/Nov/2019 11:20:06] "GET /news/books?__debugger__=yes&cmd=resource&f=console.png HTTP/1.1" 200 -
INFO:werkzeug:127.0.0.1 - - [12/Nov/2019 11:20:06] "GET /news/books?__debugger__=yes&cmd=resource&f=console.png HTTP/1.1" 200 -
INFO:root:Flask Web Server Started.
INFO:werkzeug: * Restarting with stat
INFO:root:Flask Web Server Started.
WARNING:werkzeug: * Debugger is active!
INFO:werkzeug: * Debugger PIN: 389-216-759
INFO:werkzeug: * Running on http://localhost:8080/ (Press CTRL+C to quit)
DEBUG:urllib3.connectionpool:Starting new HTTPS connection (1): dapi.kakao.com:443
DEBUG:urllib3.connectionpool:https://dapi.kakao.com:443 "GET /v3/search/book?target=title&query=%EB%AF%B8%EC%9B%80%EB%B0%9B%EC%9D%84%20%EC%9A%A9%EA%B8%B0 HTTP/1.1" 200 None
INFO:werkzeug:127.0.0.1 - - [12/Nov/2019 11:20:37] "GET /news/books HTTP/1.1" 500 -
INFO:werkzeug:127.0.0.1 - - [12/Nov/2019 11:20:37] "GET /news/books?__debugger__=yes&cmd=resource&f=style.css HTTP/1.1" 200 -
INFO:werkzeug:127.0.0.1 - - [12/Nov/2019 11:20:38] "GET /news/books?__debugger__=yes&cmd=resource&f=jquery.js HTTP/1.1" 200 -
INFO:werkzeug:127.0.0.1 - - [12/Nov/2019 11:20:38] "GET /news/books?__debugger__=yes&cmd=resource&f=debugger.js HTTP/1.1" 200 -
INFO:werkzeug:127.0.0.1 - - [12/Nov/2019 11:20:38] "GET /news/books?__debugger__=yes&cmd=resource&f=ubuntu.ttf HTTP/1.1" 200 -
INFO:werkzeug:127.0.0.1 - - [12/Nov/2019 11:20:38] "GET /news/books?__debugger__=yes&cmd=resource&f=console.png HTTP/1.1" 200 -
INFO:werkzeug:127.0.0.1 - - [12/Nov/2019 11:20:38] "GET /news/books?__debugger__=yes&cmd=resource&f=console.png HTTP/1.1" 200 -
INFO:werkzeug: * Detected change in 'C:\\Users\\admin\\PycharmProjects\\web_service_2\\news.py', reloading
INFO:werkzeug: * Restarting with stat
INFO:root:Flask Web Server Started.
WARNING:werkzeug: * Debugger is active!
INFO:werkzeug: * Debugger PIN: 389-216-759
INFO:werkzeug: * Running on http://localhost:8080/ (Press CTRL+C to quit)
DEBUG:urllib3.connectionpool:Starting new HTTPS connection (1): dapi.kakao.com:443
DEBUG:urllib3.connectionpool:https://dapi.kakao.com:443 "GET /v3/search/book?target=title&query=%EB%AF%B8%EC%9B%80%EB%B0%9B%EC%9D%84%20%EC%9A%A9%EA%B8%B0 HTTP/1.1" 200 None
INFO:werkzeug:127.0.0.1 - - [12/Nov/2019 11:21:04] "GET /news/books HTTP/1.1" 200 -
INFO:root:Flask Web Server Started.
INFO:werkzeug: * Restarting with stat
INFO:root:Flask Web Server Started.
WARNING:werkzeug: * Debugger is active!
INFO:werkzeug: * Debugger PIN: 389-216-759
INFO:werkzeug: * Running on http://localhost:8080/ (Press CTRL+C to quit)
INFO:werkzeug: * Detected change in 'C:\\Users\\admin\\PycharmProjects\\web_service_2\\news.py', reloading
INFO:werkzeug: * Restarting with stat
INFO:root:Flask Web Server Started.
INFO:werkzeug: * Restarting with stat
INFO:root:Flask Web Server Started.
WARNING:werkzeug: * Debugger is active!
INFO:werkzeug: * Debugger PIN: 389-216-759
INFO:werkzeug: * Running on http://localhost:8080/ (Press CTRL+C to quit)
DEBUG:urllib3.connectionpool:Starting new HTTPS connection (1): dapi.kakao.com:443
DEBUG:urllib3.connectionpool:https://dapi.kakao.com:443 "GET /v3/search/book?target=title&query=%EB%AF%B8%EC%9B%80%EB%B0%9B%EC%9D%84%20%EC%9A%A9%EA%B8%B0 HTTP/1.1" 200 None
INFO:werkzeug:127.0.0.1 - - [12/Nov/2019 11:21:51] "GET /news/books HTTP/1.1" 200 -
INFO:werkzeug: * Detected change in 'C:\\Users\\admin\\PycharmProjects\\web_service_2\\news.py', reloading
INFO:werkzeug: * Restarting with stat
INFO:root:Flask Web Server Started.
WARNING:werkzeug: * Debugger is active!
INFO:werkzeug: * Debugger PIN: 389-216-759
INFO:werkzeug: * Running on http://localhost:8080/ (Press CTRL+C to quit)
DEBUG:urllib3.connectionpool:Starting new HTTPS connection (1): dapi.kakao.com:443
DEBUG:urllib3.connectionpool:https://dapi.kakao.com:443 "GET /v3/search/book?target=title&query=%EB%AF%B8%EC%9B%80%EB%B0%9B%EC%9D%84%20%EC%9A%A9%EA%B8%B0 HTTP/1.1" 200 None
INFO:werkzeug:127.0.0.1 - - [12/Nov/2019 11:22:02] "GET /news/books HTTP/1.1" 200 -
INFO:werkzeug: * Detected change in 'C:\\Users\\admin\\PycharmProjects\\web_service_2\\news.py', reloading
INFO:werkzeug: * Restarting with stat
INFO:root:Flask Web Server Started.
WARNING:werkzeug: * Debugger is active!
INFO:werkzeug: * Debugger PIN: 389-216-759
INFO:werkzeug: * Running on http://localhost:8080/ (Press CTRL+C to quit)
DEBUG:urllib3.connectionpool:Starting new HTTPS connection (1): dapi.kakao.com:443
DEBUG:urllib3.connectionpool:https://dapi.kakao.com:443 "GET /v3/search/book?target=title&query=%EB%AF%B8%EC%9B%80%EB%B0%9B%EC%9D%84%20%EC%9A%A9%EA%B8%B0 HTTP/1.1" 200 None
INFO:werkzeug:127.0.0.1 - - [12/Nov/2019 11:24:36] "GET /news/books HTTP/1.1" 500 -
INFO:werkzeug:127.0.0.1 - - [12/Nov/2019 11:24:36] "GET /news/books?__debugger__=yes&cmd=resource&f=style.css HTTP/1.1" 200 -
INFO:werkzeug:127.0.0.1 - - [12/Nov/2019 11:24:36] "GET /news/books?__debugger__=yes&cmd=resource&f=jquery.js HTTP/1.1" 200 -
INFO:werkzeug:127.0.0.1 - - [12/Nov/2019 11:24:36] "GET /news/books?__debugger__=yes&cmd=resource&f=debugger.js HTTP/1.1" 200 -
INFO:werkzeug:127.0.0.1 - - [12/Nov/2019 11:24:36] "GET /news/books?__debugger__=yes&cmd=resource&f=ubuntu.ttf HTTP/1.1" 200 -
INFO:werkzeug:127.0.0.1 - - [12/Nov/2019 11:24:36] "GET /news/books?__debugger__=yes&cmd=resource&f=console.png HTTP/1.1" 200 -
INFO:werkzeug:127.0.0.1 - - [12/Nov/2019 11:24:37] "GET /news/books?__debugger__=yes&cmd=resource&f=console.png HTTP/1.1" 200 -
INFO:werkzeug: * Detected change in 'C:\\Users\\admin\\PycharmProjects\\web_service_2\\news.py', reloading
INFO:werkzeug: * Restarting with stat
INFO:root:Flask Web Server Started.
WARNING:werkzeug: * Debugger is active!
INFO:werkzeug: * Debugger PIN: 389-216-759
INFO:werkzeug: * Running on http://localhost:8080/ (Press CTRL+C to quit)
DEBUG:urllib3.connectionpool:Starting new HTTPS connection (1): dapi.kakao.com:443
DEBUG:urllib3.connectionpool:https://dapi.kakao.com:443 "GET /v3/search/book?target=title&query=%EB%AF%B8%EC%9B%80%EB%B0%9B%EC%9D%84%20%EC%9A%A9%EA%B8%B0 HTTP/1.1" 200 None
INFO:werkzeug:127.0.0.1 - - [12/Nov/2019 11:25:27] "GET /news/books HTTP/1.1" 200 -
DEBUG:urllib3.connectionpool:Starting new HTTPS connection (1): dapi.kakao.com:443
DEBUG:urllib3.connectionpool:https://dapi.kakao.com:443 "GET /v3/search/book?target=title&query=%EB%AF%B8%EC%9B%80%EB%B0%9B%EC%9D%84%20%EC%9A%A9%EA%B8%B0 HTTP/1.1" 200 None
INFO:werkzeug:127.0.0.1 - - [12/Nov/2019 11:25:28] "GET /news/books HTTP/1.1" 200 -
DEBUG:urllib3.connectionpool:Starting new HTTPS connection (1): dapi.kakao.com:443
DEBUG:urllib3.connectionpool:https://dapi.kakao.com:443 "GET /v3/search/book?target=title&query=%EB%AF%B8%EC%9B%80%EB%B0%9B%EC%9D%84%20%EC%9A%A9%EA%B8%B0 HTTP/1.1" 200 None
INFO:werkzeug:127.0.0.1 - - [12/Nov/2019 11:25:29] "GET /news/books HTTP/1.1" 200 -
DEBUG:urllib3.connectionpool:Starting new HTTPS connection (1): dapi.kakao.com:443
DEBUG:urllib3.connectionpool:https://dapi.kakao.com:443 "GET /v2/search/image?query=%ED%8C%8C%EC%9D%B4%EC%8D%AC HTTP/1.1" 200 None
INFO:werkzeug:127.0.0.1 - - [12/Nov/2019 11:25:30] "GET /news/images HTTP/1.1" 200 -
DEBUG:urllib3.connectionpool:Starting new HTTPS connection (1): dapi.kakao.com:443
DEBUG:urllib3.connectionpool:https://dapi.kakao.com:443 "GET /v3/search/book?target=title&query=%EB%AF%B8%EC%9B%80%EB%B0%9B%EC%9D%84%20%EC%9A%A9%EA%B8%B0 HTTP/1.1" 200 None
INFO:werkzeug:127.0.0.1 - - [12/Nov/2019 11:25:31] "GET /news/books HTTP/1.1" 200 -
DEBUG:urllib3.connectionpool:Starting new HTTPS connection (1): dapi.kakao.com:443
DEBUG:urllib3.connectionpool:https://dapi.kakao.com:443 "GET /v3/search/book?target=title&query=%EB%AF%B8%EC%9B%80%EB%B0%9B%EC%9D%84%20%EC%9A%A9%EA%B8%B0 HTTP/1.1" 200 None
INFO:werkzeug:127.0.0.1 - - [12/Nov/2019 11:25:55] "GET /news/books HTTP/1.1" 200 -
INFO:root:Flask Web Server Started.
INFO:werkzeug: * Restarting with stat
INFO:root:Flask Web Server Started.
WARNING:werkzeug: * Debugger is active!
INFO:werkzeug: * Debugger PIN: 389-216-759
INFO:werkzeug: * Running on http://localhost:8080/ (Press CTRL+C to quit)
DEBUG:urllib3.connectionpool:Starting new HTTPS connection (1): dapi.kakao.com:443
DEBUG:urllib3.connectionpool:https://dapi.kakao.com:443 "GET /v3/search/book?target=title&query=%EB%AF%B8%EC%9B%80%EB%B0%9B%EC%9D%84%20%EC%9A%A9%EA%B8%B0 HTTP/1.1" 200 None
INFO:werkzeug:127.0.0.1 - - [12/Nov/2019 11:34:10] "GET /news/books HTTP/1.1" 200 -
INFO:werkzeug:127.0.0.1 - - [12/Nov/2019 11:34:11] "GET / HTTP/1.1" 200 -
DEBUG:urllib3.connectionpool:Starting new HTTPS connection (1): dapi.kakao.com:443
DEBUG:urllib3.connectionpool:https://dapi.kakao.com:443 "GET /v2/search/image?query=%ED%8C%8C%EC%9D%B4%EC%8D%AC HTTP/1.1" 200 None
INFO:werkzeug:127.0.0.1 - - [12/Nov/2019 11:34:12] "GET /news/images HTTP/1.1" 200 -
DEBUG:urllib3.connectionpool:Starting new HTTPS connection (1): dapi.kakao.com:443
DEBUG:urllib3.connectionpool:https://dapi.kakao.com:443 "GET /v3/search/book?target=title&query=%EB%AF%B8%EC%9B%80%EB%B0%9B%EC%9D%84%20%EC%9A%A9%EA%B8%B0 HTTP/1.1" 200 None
INFO:werkzeug:127.0.0.1 - - [12/Nov/2019 11:34:13] "GET /news/books HTTP/1.1" 200 -
INFO:werkzeug: * Detected change in 'C:\\Users\\admin\\PycharmProjects\\web_service_2\\menus.py', reloading
INFO:werkzeug: * Restarting with stat
INFO:root:Flask Web Server Started.
WARNING:werkzeug: * Debugger is active!
INFO:werkzeug: * Debugger PIN: 389-216-759
INFO:werkzeug: * Running on http://localhost:8080/ (Press CTRL+C to quit)
DEBUG:urllib3.connectionpool:Starting new HTTPS connection (1): dapi.kakao.com:443
DEBUG:urllib3.connectionpool:https://dapi.kakao.com:443 "GET /v2/search/image?query=%ED%8C%8C%EC%9D%B4%EC%8D%AC HTTP/1.1" 200 None
INFO:werkzeug:127.0.0.1 - - [12/Nov/2019 11:37:44] "GET /news/images HTTP/1.1" 200 -
INFO:werkzeug:127.0.0.1 - - [12/Nov/2019 11:37:45] "GET / HTTP/1.1" 200 -
DEBUG:urllib3.connectionpool:Starting new HTTPS connection (1): dapi.kakao.com:443
DEBUG:urllib3.connectionpool:https://dapi.kakao.com:443 "GET /v3/search/book?target=title&query=%EB%AF%B8%EC%9B%80%EB%B0%9B%EC%9D%84%20%EC%9A%A9%EA%B8%B0 HTTP/1.1" 200 None
INFO:werkzeug:127.0.0.1 - - [12/Nov/2019 11:37:46] "GET /news/books HTTP/1.1" 200 -
DEBUG:urllib3.connectionpool:Starting new HTTPS connection (1): dapi.kakao.com:443
DEBUG:urllib3.connectionpool:https://dapi.kakao.com:443 "GET /v2/search/image?query=%ED%8C%8C%EC%9D%B4%EC%8D%AC HTTP/1.1" 200 None
INFO:werkzeug:127.0.0.1 - - [12/Nov/2019 11:37:47] "GET /news/images HTTP/1.1" 200 -
INFO:werkzeug:127.0.0.1 - - [12/Nov/2019 11:37:48] "GET / HTTP/1.1" 200 -
DEBUG:urllib3.connectionpool:Starting new HTTPS connection (1): dapi.kakao.com:443
DEBUG:urllib3.connectionpool:https://dapi.kakao.com:443 "GET /v2/search/image?query=%ED%8C%8C%EC%9D%B4%EC%8D%AC HTTP/1.1" 200 None
INFO:werkzeug:127.0.0.1 - - [12/Nov/2019 11:38:14] "GET /news/images HTTP/1.1" 200 -
DEBUG:urllib3.connectionpool:Starting new HTTPS connection (1): dapi.kakao.com:443
DEBUG:urllib3.connectionpool:https://dapi.kakao.com:443 "GET /v3/search/book?target=title&query=%EB%AF%B8%EC%9B%80%EB%B0%9B%EC%9D%84%20%EC%9A%A9%EA%B8%B0 HTTP/1.1" 200 None
INFO:werkzeug:127.0.0.1 - - [12/Nov/2019 11:38:14] "GET /news/books HTTP/1.1" 200 -
DEBUG:urllib3.connectionpool:Starting new HTTPS connection (1): dapi.kakao.com:443
DEBUG:urllib3.connectionpool:https://dapi.kakao.com:443 "GET /v3/search/book?target=title&query=%EB%AF%B8%EC%9B%80%EB%B0%9B%EC%9D%84%20%EC%9A%A9%EA%B8%B0 HTTP/1.1" 200 None
INFO:werkzeug:127.0.0.1 - - [12/Nov/2019 11:41:15] "GET /news/books HTTP/1.1" 200 -
INFO:werkzeug:127.0.0.1 - - [12/Nov/2019 11:41:17] "GET / HTTP/1.1" 200 -
DEBUG:urllib3.connectionpool:Starting new HTTPS connection (1): dapi.kakao.com:443
DEBUG:urllib3.connectionpool:https://dapi.kakao.com:443 "GET /v2/search/image?query=%ED%8C%8C%EC%9D%B4%EC%8D%AC HTTP/1.1" 200 None
INFO:werkzeug:127.0.0.1 - - [12/Nov/2019 11:41:17] "GET /news/images HTTP/1.1" 200 -
INFO:werkzeug:127.0.0.1 - - [12/Nov/2019 11:41:45] "GET / HTTP/1.1" 200 -
DEBUG:urllib3.connectionpool:Starting new HTTPS connection (1): dapi.kakao.com:443
DEBUG:urllib3.connectionpool:https://dapi.kakao.com:443 "GET /v2/search/image?query=%ED%8C%8C%EC%9D%B4%EC%8D%AC HTTP/1.1" 200 None
INFO:werkzeug:127.0.0.1 - - [12/Nov/2019 11:42:56] "GET /news/images HTTP/1.1" 200 -
INFO:werkzeug:127.0.0.1 - - [12/Nov/2019 11:43:01] "GET / HTTP/1.1" 200 -
DEBUG:urllib3.connectionpool:Starting new HTTPS connection (1): dapi.kakao.com:443
DEBUG:urllib3.connectionpool:https://dapi.kakao.com:443 "GET /v2/search/image?query=%ED%8C%8C%EC%9D%B4%EC%8D%AC HTTP/1.1" 200 None
INFO:werkzeug:127.0.0.1 - - [12/Nov/2019 11:43:01] "GET /news/images HTTP/1.1" 200 -
DEBUG:urllib3.connectionpool:Starting new HTTPS connection (1): dapi.kakao.com:443
DEBUG:urllib3.connectionpool:https://dapi.kakao.com:443 "GET /v3/search/book?target=title&query=%EB%AF%B8%EC%9B%80%EB%B0%9B%EC%9D%84%20%EC%9A%A9%EA%B8%B0 HTTP/1.1" 200 None
INFO:werkzeug:127.0.0.1 - - [12/Nov/2019 11:55:39] "GET /news/books HTTP/1.1" 500 -
INFO:werkzeug:127.0.0.1 - - [12/Nov/2019 11:55:39] "GET /news/books?__debugger__=yes&cmd=resource&f=style.css HTTP/1.1" 200 -
INFO:werkzeug:127.0.0.1 - - [12/Nov/2019 11:55:39] "GET /news/books?__debugger__=yes&cmd=resource&f=jquery.js HTTP/1.1" 200 -
INFO:werkzeug:127.0.0.1 - - [12/Nov/2019 11:55:40] "GET /news/books?__debugger__=yes&cmd=resource&f=debugger.js HTTP/1.1" 200 -
INFO:werkzeug:127.0.0.1 - - [12/Nov/2019 11:55:40] "GET /news/books?__debugger__=yes&cmd=resource&f=ubuntu.ttf HTTP/1.1" 200 -
INFO:werkzeug:127.0.0.1 - - [12/Nov/2019 11:55:40] "GET /news/books?__debugger__=yes&cmd=resource&f=console.png HTTP/1.1" 200 -
INFO:werkzeug:127.0.0.1 - - [12/Nov/2019 11:55:40] "GET /news/books?__debugger__=yes&cmd=resource&f=console.png HTTP/1.1" 200 -
DEBUG:urllib3.connectionpool:Starting new HTTPS connection (1): dapi.kakao.com:443
DEBUG:urllib3.connectionpool:https://dapi.kakao.com:443 "GET /v3/search/book?target=title&query=%EB%AF%B8%EC%9B%80%EB%B0%9B%EC%9D%84%20%EC%9A%A9%EA%B8%B0 HTTP/1.1" 200 None
INFO:werkzeug:127.0.0.1 - - [12/Nov/2019 11:56:00] "GET /news/books HTTP/1.1" 200 -
DEBUG:urllib3.connectionpool:Starting new HTTPS connection (1): dapi.kakao.com:443
DEBUG:urllib3.connectionpool:https://dapi.kakao.com:443 "GET /v3/search/book?target=title&query=%EB%AF%B8%EC%9B%80%EB%B0%9B%EC%9D%84%20%EC%9A%A9%EA%B8%B0 HTTP/1.1" 200 None
INFO:werkzeug:127.0.0.1 - - [12/Nov/2019 11:56:25] "GET /news/books HTTP/1.1" 200 -
INFO:werkzeug: * Detected change in 'C:\\Users\\admin\\PycharmProjects\\web_service_2\\menus.py', reloading
INFO:werkzeug: * Restarting with stat
INFO:root:Flask Web Server Started.
WARNING:werkzeug: * Debugger is active!
INFO:werkzeug: * Debugger PIN: 389-216-759
INFO:werkzeug: * Running on http://localhost:8080/ (Press CTRL+C to quit)
DEBUG:urllib3.connectionpool:Starting new HTTPS connection (1): dapi.kakao.com:443
DEBUG:urllib3.connectionpool:https://dapi.kakao.com:443 "GET /v3/search/book?target=title&query=%EB%AF%B8%EC%9B%80%EB%B0%9B%EC%9D%84%20%EC%9A%A9%EA%B8%B0 HTTP/1.1" 200 None
INFO:werkzeug:127.0.0.1 - - [12/Nov/2019 11:56:49] "GET /news/books HTTP/1.1" 200 -
DEBUG:urllib3.connectionpool:Starting new HTTPS connection (1): dapi.kakao.com:443
DEBUG:urllib3.connectionpool:https://dapi.kakao.com:443 "GET /v3/search/book?target=title&query=%EB%AF%B8%EC%9B%80%EB%B0%9B%EC%9D%84%20%EC%9A%A9%EA%B8%B0 HTTP/1.1" 200 None
INFO:werkzeug:127.0.0.1 - - [12/Nov/2019 11:56:50] "GET /news/books HTTP/1.1" 200 -
INFO:werkzeug: * Detected change in 'C:\\Users\\admin\\PycharmProjects\\web_service_2\\menus.py', reloading
INFO:werkzeug: * Restarting with stat
INFO:root:Flask Web Server Started.
WARNING:werkzeug: * Debugger is active!
INFO:werkzeug: * Debugger PIN: 389-216-759
INFO:werkzeug: * Running on http://localhost:8080/ (Press CTRL+C to quit)
DEBUG:urllib3.connectionpool:Starting new HTTPS connection (1): dapi.kakao.com:443
DEBUG:urllib3.connectionpool:https://dapi.kakao.com:443 "GET /v3/search/book?target=title&query=%EB%AF%B8%EC%9B%80%EB%B0%9B%EC%9D%84%20%EC%9A%A9%EA%B8%B0 HTTP/1.1" 200 None
INFO:werkzeug:127.0.0.1 - - [12/Nov/2019 11:57:21] "GET /news/books HTTP/1.1" 200 -
DEBUG:urllib3.connectionpool:Starting new HTTPS connection (1): dapi.kakao.com:443
DEBUG:urllib3.connectionpool:https://dapi.kakao.com:443 "GET /v3/search/book?target=title&query=%EB%AF%B8%EC%9B%80%EB%B0%9B%EC%9D%84%20%EC%9A%A9%EA%B8%B0 HTTP/1.1" 200 None
INFO:werkzeug:127.0.0.1 - - [12/Nov/2019 11:57:39] "GET /news/books HTTP/1.1" 200 -
DEBUG:urllib3.connectionpool:Starting new HTTPS connection (1): dapi.kakao.com:443
DEBUG:urllib3.connectionpool:https://dapi.kakao.com:443 "GET /v3/search/book?target=title&query=%EB%AF%B8%EC%9B%80%EB%B0%9B%EC%9D%84%20%EC%9A%A9%EA%B8%B0 HTTP/1.1" 200 None
INFO:werkzeug:127.0.0.1 - - [12/Nov/2019 11:57:56] "GET /news/books HTTP/1.1" 200 -
DEBUG:urllib3.connectionpool:Starting new HTTPS connection (1): dapi.kakao.com:443
DEBUG:urllib3.connectionpool:https://dapi.kakao.com:443 "GET /v3/search/book?target=title&query=%EB%AF%B8%EC%9B%80%EB%B0%9B%EC%9D%84%20%EC%9A%A9%EA%B8%B0 HTTP/1.1" 200 None
INFO:werkzeug:127.0.0.1 - - [12/Nov/2019 12:15:37] "GET /news/books HTTP/1.1" 200 -
DEBUG:urllib3.connectionpool:Starting new HTTPS connection (1): dapi.kakao.com:443
DEBUG:urllib3.connectionpool:https://dapi.kakao.com:443 "GET /v3/search/book?target=title&query=%EB%AF%B8%EC%9B%80%EB%B0%9B%EC%9D%84%20%EC%9A%A9%EA%B8%B0 HTTP/1.1" 200 None
INFO:werkzeug:127.0.0.1 - - [12/Nov/2019 12:16:38] "GET /news/books HTTP/1.1" 200 -
DEBUG:urllib3.connectionpool:Starting new HTTPS connection (1): dapi.kakao.com:443
DEBUG:urllib3.connectionpool:https://dapi.kakao.com:443 "GET /v3/search/book?target=title&query=%EB%AF%B8%EC%9B%80%EB%B0%9B%EC%9D%84%20%EC%9A%A9%EA%B8%B0 HTTP/1.1" 200 None
INFO:werkzeug:127.0.0.1 - - [12/Nov/2019 12:17:46] "GET /news/books HTTP/1.1" 200 -
DEBUG:urllib3.connectionpool:Starting new HTTPS connection (1): dapi.kakao.com:443
DEBUG:urllib3.connectionpool:https://dapi.kakao.com:443 "GET /v3/search/book?target=title&query=%EB%AF%B8%EC%9B%80%EB%B0%9B%EC%9D%84%20%EC%9A%A9%EA%B8%B0 HTTP/1.1" 200 None
INFO:werkzeug:127.0.0.1 - - [12/Nov/2019 12:18:43] "GET /news/books HTTP/1.1" 200 -
DEBUG:urllib3.connectionpool:Starting new HTTPS connection (1): dapi.kakao.com:443
DEBUG:urllib3.connectionpool:https://dapi.kakao.com:443 "GET /v3/search/book?target=title&query=%EB%AF%B8%EC%9B%80%EB%B0%9B%EC%9D%84%20%EC%9A%A9%EA%B8%B0 HTTP/1.1" 200 None
INFO:werkzeug:127.0.0.1 - - [12/Nov/2019 12:21:43] "GET /news/books HTTP/1.1" 200 -
DEBUG:urllib3.connectionpool:Starting new HTTPS connection (1): dapi.kakao.com:443
DEBUG:urllib3.connectionpool:https://dapi.kakao.com:443 "GET /v3/search/book?target=title&query=%EB%AF%B8%EC%9B%80%EB%B0%9B%EC%9D%84%20%EC%9A%A9%EA%B8%B0 HTTP/1.1" 200 None
INFO:werkzeug:127.0.0.1 - - [12/Nov/2019 12:21:50] "GET /news/books HTTP/1.1" 200 -
DEBUG:urllib3.connectionpool:Starting new HTTPS connection (1): dapi.kakao.com:443
DEBUG:urllib3.connectionpool:https://dapi.kakao.com:443 "GET /v3/search/book?target=title&query=%EB%AF%B8%EC%9B%80%EB%B0%9B%EC%9D%84%20%EC%9A%A9%EA%B8%B0 HTTP/1.1" 200 None
INFO:werkzeug:127.0.0.1 - - [12/Nov/2019 12:22:38] "GET /news/books HTTP/1.1" 200 -
DEBUG:urllib3.connectionpool:Starting new HTTPS connection (1): dapi.kakao.com:443
DEBUG:urllib3.connectionpool:https://dapi.kakao.com:443 "GET /v3/search/book?target=title&query=%EB%AF%B8%EC%9B%80%EB%B0%9B%EC%9D%84%20%EC%9A%A9%EA%B8%B0 HTTP/1.1" 200 None
INFO:werkzeug:127.0.0.1 - - [12/Nov/2019 12:22:53] "GET /news/books HTTP/1.1" 200 -
DEBUG:urllib3.connectionpool:Starting new HTTPS connection (1): dapi.kakao.com:443
DEBUG:urllib3.connectionpool:https://dapi.kakao.com:443 "GET /v3/search/book?target=title&query=%EB%AF%B8%EC%9B%80%EB%B0%9B%EC%9D%84%20%EC%9A%A9%EA%B8%B0 HTTP/1.1" 200 None
INFO:werkzeug:127.0.0.1 - - [12/Nov/2019 12:23:43] "GET /news/books HTTP/1.1" 200 -
INFO:werkzeug:127.0.0.1 - - [12/Nov/2019 12:29:47] "GET /favicon.ico HTTP/1.1" 404 -
INFO:root:Flask Web Server Started.
INFO:werkzeug: * Restarting with stat
INFO:root:Flask Web Server Started.
WARNING:werkzeug: * Debugger is active!
INFO:werkzeug: * Debugger PIN: 389-216-759
INFO:werkzeug: * Running on http://localhost:8080/ (Press CTRL+C to quit)
INFO:werkzeug: * Detected change in 'C:\\Users\\admin\\PycharmProjects\\web_service_2\\application.py', reloading
INFO:werkzeug: * Restarting with stat
INFO:root:Flask Web Server Started.
INFO:werkzeug: * Restarting with stat
INFO:root:Flask Web Server Started.
WARNING:werkzeug: * Debugger is active!
INFO:werkzeug: * Debugger PIN: 389-216-759
INFO:werkzeug: * Running on http://localhost:8080/ (Press CTRL+C to quit)
INFO:root:Flask Web Server Started.
INFO:werkzeug: * Restarting with stat
INFO:root:Flask Web Server Started.
WARNING:werkzeug: * Debugger is active!
INFO:werkzeug: * Debugger PIN: 389-216-759
INFO:werkzeug: * Running on http://localhost:8080/ (Press CTRL+C to quit)
INFO:werkzeug:127.0.0.1 - - [19/Nov/2019 12:34:15] "GET / HTTP/1.1" 200 -
INFO:werkzeug:127.0.0.1 - - [19/Nov/2019 12:34:15] "GET /static/assets/css/material-dashboard.css?v=2.1.1 HTTP/1.1" 304 -
INFO:werkzeug:127.0.0.1 - - [19/Nov/2019 12:34:15] "GET /favicon.ico HTTP/1.1" 404 -
INFO:werkzeug:127.0.0.1 - - [19/Nov/2019 12:35:11] "GET /static/assets/css/dashboard-free.css.map HTTP/1.1" 404 -
INFO:werkzeug:127.0.0.1 - - [19/Nov/2019 12:36:31] "GET /static/assets/css/dashboard-free.css.map HTTP/1.1" 404 -
INFO:werkzeug:127.0.0.1 - - [19/Nov/2019 12:37:10] "GET /static/assets/css/dashboard-free.css.map HTTP/1.1" 404 -
INFO:werkzeug:127.0.0.1 - - [19/Nov/2019 12:38:13] "GET / HTTP/1.1" 200 -
INFO:werkzeug:127.0.0.1 - - [19/Nov/2019 12:38:13] "GET /static/assets/css/dashboard-free.css.map HTTP/1.1" 404 -
INFO:werkzeug:127.0.0.1 - - [19/Nov/2019 12:38:15] "GET / HTTP/1.1" 200 -
INFO:werkzeug:127.0.0.1 - - [19/Nov/2019 12:38:16] "GET /static/assets/css/dashboard-free.css.map HTTP/1.1" 404 -
INFO:werkzeug:127.0.0.1 - - [19/Nov/2019 12:38:16] "GET / HTTP/1.1" 200 -
INFO:werkzeug:127.0.0.1 - - [19/Nov/2019 12:38:16] "GET /static/assets/css/dashboard-free.css.map HTTP/1.1" 404 -
INFO:werkzeug:127.0.0.1 - - [19/Nov/2019 12:38:17] "GET / HTTP/1.1" 200 -
INFO:werkzeug:127.0.0.1 - - [19/Nov/2019 12:38:17] "GET /static/assets/css/dashboard-free.css.map HTTP/1.1" 404 -
INFO:werkzeug:127.0.0.1 - - [19/Nov/2019 12:38:18] "GET / HTTP/1.1" 200 -
INFO:werkzeug:127.0.0.1 - - [19/Nov/2019 12:38:18] "GET /static/assets/css/dashboard-free.css.map HTTP/1.1" 404 -
INFO:werkzeug:127.0.0.1 - - [19/Nov/2019 12:38:19] "GET / HTTP/1.1" 200 -
INFO:werkzeug:127.0.0.1 - - [19/Nov/2019 12:38:19] "GET /static/assets/css/dashboard-free.css.map HTTP/1.1" 404 -
INFO:werkzeug:127.0.0.1 - - [19/Nov/2019 12:38:20] "GET / HTTP/1.1" 200 -
INFO:werkzeug:127.0.0.1 - - [19/Nov/2019 12:38:20] "GET /static/assets/css/dashboard-free.css.map HTTP/1.1" 404 -
INFO:werkzeug:127.0.0.1 - - [19/Nov/2019 12:38:20] "GET / HTTP/1.1" 200 -
INFO:werkzeug:127.0.0.1 - - [19/Nov/2019 12:38:21] "GET /static/assets/css/dashboard-free.css.map HTTP/1.1" 404 -
INFO:werkzeug:127.0.0.1 - - [19/Nov/2019 12:39:12] "GET / HTTP/1.1" 200 -
INFO:werkzeug:127.0.0.1 - - [19/Nov/2019 12:39:12] "GET /static/assets/css/dashboard-free.css.map HTTP/1.1" 404 -
INFO:werkzeug:127.0.0.1 - - [19/Nov/2019 12:39:23] "GET / HTTP/1.1" 200 -
INFO:werkzeug:127.0.0.1 - - [19/Nov/2019 12:39:23] "GET /static/assets/css/dashboard-free.css.map HTTP/1.1" 404 -
INFO:werkzeug:127.0.0.1 - - [19/Nov/2019 12:39:38] "GET / HTTP/1.1" 200 -
INFO:werkzeug:127.0.0.1 - - [19/Nov/2019 12:39:38] "GET /static/assets/css/dashboard-free.css.map HTTP/1.1" 404 -
INFO:werkzeug:127.0.0.1 - - [19/Nov/2019 12:40:59] "GET / HTTP/1.1" 200 -
INFO:werkzeug:127.0.0.1 - - [19/Nov/2019 12:40:59] "GET /static/assets/css/dashboard-free.css.map HTTP/1.1" 404 -
INFO:werkzeug:127.0.0.1 - - [19/Nov/2019 12:46:16] "GET / HTTP/1.1" 200 -
INFO:werkzeug:127.0.0.1 - - [19/Nov/2019 12:46:16] "GET /static/assets/css/dashboard-free.css.map HTTP/1.1" 404 -
INFO:root:Flask Web Server Started.
INFO:werkzeug: * Restarting with stat
INFO:root:Flask Web Server Started.
WARNING:werkzeug: * Debugger is active!
INFO:werkzeug: * Debugger PIN: 389-216-759
INFO:werkzeug: * Running on http://localhost:8080/ (Press CTRL+C to quit)
INFO:werkzeug: * Detected change in 'C:\\Users\\admin\\PycharmProjects\\web_service_2\\application.py', reloading
INFO:werkzeug: * Restarting with stat
INFO:root:Flask Web Server Started.
WARNING:werkzeug: * Debugger is active!
INFO:werkzeug: * Debugger PIN: 389-216-759
INFO:werkzeug: * Running on http://localhost:8080/ (Press CTRL+C to quit)
INFO:werkzeug: * Detected change in 'C:\\Users\\admin\\PycharmProjects\\web_service_2\\application.py', reloading
INFO:werkzeug: * Restarting with stat
INFO:root:Flask Web Server Started.
WARNING:werkzeug: * Debugger is active!
INFO:werkzeug: * Debugger PIN: 389-216-759
INFO:werkzeug: * Running on http://localhost:8080/ (Press CTRL+C to quit)
INFO:werkzeug:127.0.0.1 - - [26/Nov/2019 11:40:58] "GET / HTTP/1.1" 200 -
INFO:werkzeug:127.0.0.1 - - [26/Nov/2019 11:40:58] "GET /static/assets/css/material-dashboard.css?v=2.1.1 HTTP/1.1" 304 -
INFO:werkzeug:127.0.0.1 - - [26/Nov/2019 11:40:58] "GET /favicon.ico HTTP/1.1" 404 -
INFO:werkzeug:127.0.0.1 - - [26/Nov/2019 11:41:00] "GET /auth/login HTTP/1.1" 500 -
INFO:werkzeug:127.0.0.1 - - [26/Nov/2019 11:41:00] "GET /auth/login?__debugger__=yes&cmd=resource&f=style.css HTTP/1.1" 200 -
INFO:werkzeug:127.0.0.1 - - [26/Nov/2019 11:41:00] "GET /auth/login?__debugger__=yes&cmd=resource&f=jquery.js HTTP/1.1" 200 -
INFO:werkzeug:127.0.0.1 - - [26/Nov/2019 11:41:00] "GET /auth/login?__debugger__=yes&cmd=resource&f=debugger.js HTTP/1.1" 200 -
INFO:werkzeug:127.0.0.1 - - [26/Nov/2019 11:41:01] "GET /auth/login?__debugger__=yes&cmd=resource&f=ubuntu.ttf HTTP/1.1" 200 -
INFO:werkzeug:127.0.0.1 - - [26/Nov/2019 11:41:01] "GET /auth/login?__debugger__=yes&cmd=resource&f=console.png HTTP/1.1" 200 -
INFO:werkzeug:127.0.0.1 - - [26/Nov/2019 11:41:01] "GET /auth/login?__debugger__=yes&cmd=resource&f=console.png HTTP/1.1" 200 -
INFO:werkzeug:127.0.0.1 - - [26/Nov/2019 11:41:14] "GET /auth/login HTTP/1.1" 500 -
INFO:werkzeug:127.0.0.1 - - [26/Nov/2019 11:41:14] "GET /auth/login?__debugger__=yes&cmd=resource&f=style.css HTTP/1.1" 200 -
INFO:werkzeug:127.0.0.1 - - [26/Nov/2019 11:41:15] "GET /auth/login?__debugger__=yes&cmd=resource&f=jquery.js HTTP/1.1" 200 -
INFO:werkzeug:127.0.0.1 - - [26/Nov/2019 11:41:15] "GET /auth/login?__debugger__=yes&cmd=resource&f=debugger.js HTTP/1.1" 200 -
INFO:werkzeug:127.0.0.1 - - [26/Nov/2019 11:41:15] "GET /auth/login?__debugger__=yes&cmd=resource&f=ubuntu.ttf HTTP/1.1" 200 -
INFO:werkzeug:127.0.0.1 - - [26/Nov/2019 11:41:15] "GET /auth/login?__debugger__=yes&cmd=resource&f=console.png HTTP/1.1" 200 -
INFO:werkzeug:127.0.0.1 - - [26/Nov/2019 11:42:00] "GET /auth/login HTTP/1.1" 200 -
INFO:werkzeug:127.0.0.1 - - [26/Nov/2019 11:42:02] "GET /auth/login HTTP/1.1" 200 -
INFO:werkzeug:127.0.0.1 - - [26/Nov/2019 11:42:03] "GET /auth/login HTTP/1.1" 200 -
INFO:werkzeug:127.0.0.1 - - [26/Nov/2019 11:42:06] "GET /auth/login HTTP/1.1" 200 -
INFO:werkzeug:127.0.0.1 - - [26/Nov/2019 11:42:06] "GET /auth/login HTTP/1.1" 200 -
INFO:werkzeug:127.0.0.1 - - [26/Nov/2019 11:42:08] "GET /auth/login HTTP/1.1" 200 -
INFO:werkzeug:127.0.0.1 - - [26/Nov/2019 11:42:09] "GET /auth/login HTTP/1.1" 200 -
INFO:werkzeug:127.0.0.1 - - [26/Nov/2019 11:42:10] "GET /auth/login HTTP/1.1" 200 -
INFO:werkzeug:127.0.0.1 - - [26/Nov/2019 11:42:10] "GET /auth/login HTTP/1.1" 200 -
INFO:werkzeug:127.0.0.1 - - [26/Nov/2019 11:42:11] "GET /auth/login HTTP/1.1" 200 -
INFO:werkzeug:127.0.0.1 - - [26/Nov/2019 11:42:48] "GET /auth/login HTTP/1.1" 200 -
INFO:werkzeug:127.0.0.1 - - [26/Nov/2019 11:42:48] "GET /static/images/kakao_account_login_btn_medium_narrow.png HTTP/1.1" 404 -
INFO:werkzeug:127.0.0.1 - - [26/Nov/2019 11:47:51] "GET /auth/login HTTP/1.1" 200 -
INFO:werkzeug:127.0.0.1 - - [26/Nov/2019 11:47:51] "GET /static/images/kakao_account_login_btn_medium_narrow.png HTTP/1.1" 200 -
INFO:werkzeug: * Detected change in 'C:\\Users\\admin\\PycharmProjects\\web_service_2\\forms.py', reloading
INFO:werkzeug: * Restarting with stat
INFO:root:Flask Web Server Started.
WARNING:werkzeug: * Debugger is active!
INFO:werkzeug: * Debugger PIN: 389-216-759
INFO:werkzeug: * Running on http://localhost:8080/ (Press CTRL+C to quit)
INFO:werkzeug: * Detected change in 'C:\\Users\\admin\\PycharmProjects\\web_service_2\\forms.py', reloading
INFO:werkzeug: * Restarting with stat
INFO:root:Flask Web Server Started.
INFO:werkzeug: * Restarting with stat
INFO:root:Flask Web Server Started.
WARNING:werkzeug: * Debugger is active!
INFO:werkzeug: * Debugger PIN: 389-216-759
INFO:werkzeug: * Running on http://localhost:8080/ (Press CTRL+C to quit)
INFO:werkzeug:127.0.0.1 - - [26/Nov/2019 11:55:12] "GET /auth/login HTTP/1.1" 200 -
INFO:werkzeug:127.0.0.1 - - [26/Nov/2019 12:04:46] "POST /auth/login HTTP/1.1" 302 -
INFO:werkzeug:127.0.0.1 - - [26/Nov/2019 12:04:46] "GET / HTTP/1.1" 200 -
INFO:werkzeug:127.0.0.1 - - [26/Nov/2019 12:06:36] "GET /auth/login HTTP/1.1" 302 -
INFO:werkzeug:127.0.0.1 - - [26/Nov/2019 12:06:36] "GET / HTTP/1.1" 200 -
INFO:werkzeug:127.0.0.1 - - [26/Nov/2019 12:06:39] "GET /auth/login HTTP/1.1" 302 -
INFO:werkzeug:127.0.0.1 - - [26/Nov/2019 12:06:39] "GET / HTTP/1.1" 200 -
DEBUG:urllib3.connectionpool:Starting new HTTPS connection (1): dapi.kakao.com:443
DEBUG:urllib3.connectionpool:https://dapi.kakao.com:443 "GET /v2/search/image?query=%ED%8C%8C%EC%9D%B4%EC%8D%AC HTTP/1.1" 200 None
INFO:werkzeug:127.0.0.1 - - [26/Nov/2019 12:06:42] "GET /news/images HTTP/1.1" 200 -
INFO:werkzeug:127.0.0.1 - - [26/Nov/2019 12:06:44] "GET / HTTP/1.1" 200 -
INFO:werkzeug:127.0.0.1 - - [26/Nov/2019 12:06:48] "GET / HTTP/1.1" 200 -
INFO:werkzeug:127.0.0.1 - - [26/Nov/2019 12:06:50] "GET /auth/login HTTP/1.1" 302 -
INFO:werkzeug:127.0.0.1 - - [26/Nov/2019 12:06:50] "GET / HTTP/1.1" 200 -
INFO:werkzeug:127.0.0.1 - - [26/Nov/2019 12:06:51] "GET /auth/login HTTP/1.1" 302 -
INFO:werkzeug:127.0.0.1 - - [26/Nov/2019 12:06:51] "GET / HTTP/1.1" 200 -
INFO:werkzeug:127.0.0.1 - - [26/Nov/2019 12:19:41] "GET /auth/login HTTP/1.1" 302 -
INFO:werkzeug:127.0.0.1 - - [26/Nov/2019 12:19:41] "GET / HTTP/1.1" 200 -
INFO:werkzeug:127.0.0.1 - - [26/Nov/2019 12:19:42] "GET /auth/login HTTP/1.1" 302 -
INFO:werkzeug:127.0.0.1 - - [26/Nov/2019 12:19:42] "GET / HTTP/1.1" 200 -
INFO:werkzeug:127.0.0.1 - - [26/Nov/2019 12:20:14] "GET / HTTP/1.1" 200 -
INFO:werkzeug:127.0.0.1 - - [26/Nov/2019 12:20:15] "GET /auth/logout HTTP/1.1" 302 -
INFO:werkzeug:127.0.0.1 - - [26/Nov/2019 12:20:15] "GET / HTTP/1.1" 200 -
INFO:werkzeug:127.0.0.1 - - [26/Nov/2019 12:20:16] "GET /auth/login HTTP/1.1" 200 -
INFO:werkzeug:127.0.0.1 - - [26/Nov/2019 12:23:14] "POST /auth/login HTTP/1.1" 302 -
INFO:werkzeug:127.0.0.1 - - [26/Nov/2019 12:23:14] "GET /auth/login HTTP/1.1" 200 -
INFO:werkzeug:127.0.0.1 - - [26/Nov/2019 12:23:27] "POST /auth/login HTTP/1.1" 302 -
INFO:werkzeug:127.0.0.1 - - [26/Nov/2019 12:23:27] "GET / HTTP/1.1" 200 -
INFO:werkzeug: * Detected change in 'C:\\Users\\admin\\PycharmProjects\\web_service_2\\forms.py', reloading
INFO:werkzeug: * Restarting with stat
INFO:root:Flask Web Server Started.
WARNING:werkzeug: * Debugger is active!
INFO:werkzeug: * Debugger PIN: 389-216-759
INFO:werkzeug: * Running on http://localhost:8080/ (Press CTRL+C to quit)
INFO:werkzeug:127.0.0.1 - - [26/Nov/2019 12:26:49] "GET /auth/logout HTTP/1.1" 401 -
INFO:werkzeug:127.0.0.1 - - [26/Nov/2019 12:26:56] "GET / HTTP/1.1" 200 -
INFO:werkzeug:127.0.0.1 - - [26/Nov/2019 12:26:56] "GET / HTTP/1.1" 200 -
INFO:werkzeug:127.0.0.1 - - [26/Nov/2019 12:26:57] "GET /auth/login HTTP/1.1" 200 -
INFO:werkzeug: * Detected change in 'C:\\Users\\admin\\PycharmProjects\\web_service_2\\forms.py', reloading
INFO:werkzeug: * Restarting with stat
INFO:root:Flask Web Server Started.
WARNING:werkzeug: * Debugger is active!
INFO:werkzeug: * Debugger PIN: 389-216-759
INFO:werkzeug: * Running on http://localhost:8080/ (Press CTRL+C to quit)
INFO:werkzeug: * Detected change in 'C:\\Users\\admin\\PycharmProjects\\web_service_2\\forms.py', reloading
INFO:werkzeug: * Restarting with stat
INFO:root:Flask Web Server Started.
WARNING:werkzeug: * Debugger is active!
INFO:werkzeug: * Debugger PIN: 389-216-759
INFO:werkzeug: * Running on http://localhost:8080/ (Press CTRL+C to quit)
INFO:werkzeug:127.0.0.1 - - [26/Nov/2019 12:32:55] "GET /auth/login HTTP/1.1" 200 -
INFO:werkzeug:127.0.0.1 - - [26/Nov/2019 12:32:57] "POST /auth/login HTTP/1.1" 302 -
INFO:werkzeug:127.0.0.1 - - [26/Nov/2019 12:32:57] "GET / HTTP/1.1" 200 -
INFO:werkzeug:127.0.0.1 - - [26/Nov/2019 12:32:59] "GET /auth/my_page HTTP/1.1" 500 -
INFO:werkzeug:127.0.0.1 - - [26/Nov/2019 12:32:59] "GET /auth/my_page?__debugger__=yes&cmd=resource&f=style.css HTTP/1.1" 200 -
INFO:werkzeug:127.0.0.1 - - [26/Nov/2019 12:32:59] "GET /auth/my_page?__debugger__=yes&cmd=resource&f=jquery.js HTTP/1.1" 200 -
INFO:werkzeug:127.0.0.1 - - [26/Nov/2019 12:33:00] "GET /auth/my_page?__debugger__=yes&cmd=resource&f=debugger.js HTTP/1.1" 200 -
INFO:werkzeug:127.0.0.1 - - [26/Nov/2019 12:33:00] "GET /auth/my_page?__debugger__=yes&cmd=resource&f=ubuntu.ttf HTTP/1.1" 200 -
INFO:werkzeug:127.0.0.1 - - [26/Nov/2019 12:33:00] "GET /auth/my_page?__debugger__=yes&cmd=resource&f=console.png HTTP/1.1" 200 -
INFO:werkzeug:127.0.0.1 - - [26/Nov/2019 12:33:00] "GET /auth/my_page?__debugger__=yes&cmd=resource&f=console.png HTTP/1.1" 200 -
INFO:werkzeug:127.0.0.1 - - [26/Nov/2019 12:33:12] "GET /auth/my_page HTTP/1.1" 200 -
INFO:werkzeug:127.0.0.1 - - [26/Nov/2019 12:34:47] "POST /auth/my_page HTTP/1.1" 200 -
INFO:werkzeug:127.0.0.1 - - [26/Nov/2019 12:36:29] "POST /auth/my_page HTTP/1.1" 302 -
INFO:werkzeug:127.0.0.1 - - [26/Nov/2019 12:36:29] "GET /auth/my_page HTTP/1.1" 200 -
INFO:werkzeug:127.0.0.1 - - [26/Nov/2019 12:36:34] "POST /auth/my_page HTTP/1.1" 302 -
INFO:werkzeug:127.0.0.1 - - [26/Nov/2019 12:36:35] "GET /auth/my_page HTTP/1.1" 200 -
INFO:werkzeug:127.0.0.1 - - [26/Nov/2019 12:38:23] "GET / HTTP/1.1" 200 -
INFO:werkzeug:127.0.0.1 - - [26/Nov/2019 12:38:25] "GET /auth/logout HTTP/1.1" 302 -
INFO:werkzeug:127.0.0.1 - - [26/Nov/2019 12:38:26] "GET / HTTP/1.1" 200 -
INFO:werkzeug:127.0.0.1 - - [26/Nov/2019 12:38:26] "GET /auth/signup HTTP/1.1" 500 -
INFO:werkzeug:127.0.0.1 - - [26/Nov/2019 12:38:26] "GET /auth/signup?__debugger__=yes&cmd=resource&f=style.css HTTP/1.1" 200 -
INFO:werkzeug:127.0.0.1 - - [26/Nov/2019 12:38:27] "GET /auth/signup?__debugger__=yes&cmd=resource&f=jquery.js HTTP/1.1" 200 -
INFO:werkzeug:127.0.0.1 - - [26/Nov/2019 12:38:27] "GET /auth/signup?__debugger__=yes&cmd=resource&f=debugger.js HTTP/1.1" 200 -
INFO:werkzeug:127.0.0.1 - - [26/Nov/2019 12:38:27] "GET /auth/signup?__debugger__=yes&cmd=resource&f=ubuntu.ttf HTTP/1.1" 200 -
INFO:werkzeug:127.0.0.1 - - [26/Nov/2019 12:38:27] "GET /auth/signup?__debugger__=yes&cmd=resource&f=console.png HTTP/1.1" 200 -
INFO:werkzeug:127.0.0.1 - - [26/Nov/2019 12:38:27] "GET /auth/signup?__debugger__=yes&cmd=resource&f=console.png HTTP/1.1" 200 -
INFO:werkzeug:127.0.0.1 - - [26/Nov/2019 12:41:24] "GET /auth/signup HTTP/1.1" 500 -
INFO:werkzeug:127.0.0.1 - - [26/Nov/2019 12:41:24] "GET /auth/signup?__debugger__=yes&cmd=resource&f=style.css HTTP/1.1" 200 -
INFO:werkzeug:127.0.0.1 - - [26/Nov/2019 12:41:24] "GET /auth/signup?__debugger__=yes&cmd=resource&f=jquery.js HTTP/1.1" 200 -
INFO:werkzeug:127.0.0.1 - - [26/Nov/2019 12:41:24] "GET /auth/signup?__debugger__=yes&cmd=resource&f=debugger.js HTTP/1.1" 200 -
INFO:werkzeug:127.0.0.1 - - [26/Nov/2019 12:41:25] "GET /auth/signup?__debugger__=yes&cmd=resource&f=ubuntu.ttf HTTP/1.1" 200 -
INFO:werkzeug:127.0.0.1 - - [26/Nov/2019 12:41:25] "GET /auth/signup?__debugger__=yes&cmd=resource&f=console.png HTTP/1.1" 200 -
INFO:werkzeug:127.0.0.1 - - [26/Nov/2019 12:41:25] "GET /auth/signup?__debugger__=yes&cmd=resource&f=console.png HTTP/1.1" 200 -
INFO:werkzeug:127.0.0.1 - - [26/Nov/2019 12:41:25] "GET /auth/signup HTTP/1.1" 500 -
INFO:werkzeug:127.0.0.1 - - [26/Nov/2019 12:41:26] "GET /auth/signup?__debugger__=yes&cmd=resource&f=style.css HTTP/1.1" 200 -
INFO:werkzeug:127.0.0.1 - - [26/Nov/2019 12:41:26] "GET /auth/signup?__debugger__=yes&cmd=resource&f=jquery.js HTTP/1.1" 200 -
INFO:werkzeug:127.0.0.1 - - [26/Nov/2019 12:41:26] "GET /auth/signup?__debugger__=yes&cmd=resource&f=debugger.js HTTP/1.1" 200 -
INFO:werkzeug:127.0.0.1 - - [26/Nov/2019 12:41:26] "GET /auth/signup?__debugger__=yes&cmd=resource&f=ubuntu.ttf HTTP/1.1" 200 -
INFO:werkzeug:127.0.0.1 - - [26/Nov/2019 12:41:26] "GET /auth/signup?__debugger__=yes&cmd=resource&f=console.png HTTP/1.1" 200 -
INFO:werkzeug:127.0.0.1 - - [26/Nov/2019 12:41:26] "GET /auth/signup?__debugger__=yes&cmd=resource&f=console.png HTTP/1.1" 200 -
INFO:werkzeug:127.0.0.1 - - [26/Nov/2019 12:41:40] "GET / HTTP/1.1" 200 -
INFO:werkzeug:127.0.0.1 - - [26/Nov/2019 12:41:41] "GET /auth/signup HTTP/1.1" 500 -
INFO:werkzeug:127.0.0.1 - - [26/Nov/2019 12:41:41] "GET /auth/signup?__debugger__=yes&cmd=resource&f=style.css HTTP/1.1" 200 -
INFO:werkzeug:127.0.0.1 - - [26/Nov/2019 12:41:41] "GET /auth/signup?__debugger__=yes&cmd=resource&f=debugger.js HTTP/1.1" 200 -
INFO:werkzeug:127.0.0.1 - - [26/Nov/2019 12:41:41] "GET /auth/signup?__debugger__=yes&cmd=resource&f=jquery.js HTTP/1.1" 200 -
INFO:werkzeug:127.0.0.1 - - [26/Nov/2019 12:41:42] "GET /auth/signup?__debugger__=yes&cmd=resource&f=ubuntu.ttf HTTP/1.1" 200 -
INFO:werkzeug:127.0.0.1 - - [26/Nov/2019 12:41:42] "GET /auth/signup?__debugger__=yes&cmd=resource&f=console.png HTTP/1.1" 200 -
INFO:werkzeug:127.0.0.1 - - [26/Nov/2019 12:43:00] "GET /auth/login HTTP/1.1" 200 -
INFO:werkzeug:127.0.0.1 - - [26/Nov/2019 12:43:40] "GET /auth/signup HTTP/1.1" 500 -
INFO:werkzeug:127.0.0.1 - - [26/Nov/2019 12:43:40] "GET /auth/signup?__debugger__=yes&cmd=resource&f=style.css HTTP/1.1" 200 -
INFO:werkzeug:127.0.0.1 - - [26/Nov/2019 12:43:40] "GET /auth/signup?__debugger__=yes&cmd=resource&f=jquery.js HTTP/1.1" 200 -
INFO:werkzeug:127.0.0.1 - - [26/Nov/2019 12:43:40] "GET /auth/signup?__debugger__=yes&cmd=resource&f=debugger.js HTTP/1.1" 200 -
INFO:werkzeug:127.0.0.1 - - [26/Nov/2019 12:43:41] "GET /auth/signup?__debugger__=yes&cmd=resource&f=ubuntu.ttf HTTP/1.1" 200 -
INFO:werkzeug:127.0.0.1 - - [26/Nov/2019 12:43:41] "GET /auth/signup?__debugger__=yes&cmd=resource&f=console.png HTTP/1.1" 200 -
INFO:werkzeug:127.0.0.1 - - [26/Nov/2019 12:44:54] "GET /auth/signup HTTP/1.1" 200 -
INFO:werkzeug:127.0.0.1 - - [26/Nov/2019 12:45:13] "POST /auth/signup HTTP/1.1" 302 -
INFO:werkzeug:127.0.0.1 - - [26/Nov/2019 12:45:13] "GET /auth/login HTTP/1.1" 200 -
INFO:werkzeug:127.0.0.1 - - [26/Nov/2019 12:45:18] "POST /auth/login HTTP/1.1" 302 -
INFO:werkzeug:127.0.0.1 - - [26/Nov/2019 12:45:19] "GET / HTTP/1.1" 200 -
INFO:werkzeug:127.0.0.1 - - [26/Nov/2019 12:45:21] "GET /auth/my_page HTTP/1.1" 200 -
INFO:werkzeug:127.0.0.1 - - [26/Nov/2019 12:45:25] "GET /auth/logout HTTP/1.1" 302 -
INFO:werkzeug:127.0.0.1 - - [26/Nov/2019 12:45:25] "GET / HTTP/1.1" 200 -
INFO:root:Flask Web Server Started.
INFO:werkzeug: * Restarting with stat
INFO:root:Flask Web Server Started.
WARNING:werkzeug: * Debugger is active!
INFO:werkzeug: * Debugger PIN: 389-216-759
INFO:werkzeug: * Running on http://localhost:8080/ (Press CTRL+C to quit)
INFO:werkzeug:127.0.0.1 - - [27/Nov/2019 11:51:13] "GET / HTTP/1.1" 200 -
INFO:werkzeug:127.0.0.1 - - [27/Nov/2019 11:51:13] "GET /static/assets/css/material-dashboard.css?v=2.1.1 HTTP/1.1" 304 -
INFO:werkzeug:127.0.0.1 - - [27/Nov/2019 11:51:13] "GET /favicon.ico HTTP/1.1" 404 -
INFO:werkzeug:127.0.0.1 - - [27/Nov/2019 11:51:15] "GET /auth/login HTTP/1.1" 200 -
INFO:werkzeug:127.0.0.1 - - [27/Nov/2019 11:51:15] "GET /static/images/kakao_account_login_btn_medium_narrow.png HTTP/1.1" 304 -
INFO:werkzeug: * Detected change in 'C:\\Users\\admin\\PycharmProjects\\web_service_2\\views\\auth.py', reloading
INFO:werkzeug: * Restarting with stat
INFO:root:Flask Web Server Started.
WARNING:werkzeug: * Debugger is active!
INFO:werkzeug: * Debugger PIN: 389-216-759
INFO:werkzeug: * Running on http://localhost:8080/ (Press CTRL+C to quit)
INFO:werkzeug:127.0.0.1 - - [27/Nov/2019 12:22:56] "GET /auth/login HTTP/1.1" 200 -
INFO:werkzeug:127.0.0.1 - - [27/Nov/2019 12:23:01] "GET /auth/login HTTP/1.1" 200 -
INFO:werkzeug:127.0.0.1 - - [27/Nov/2019 12:23:34] "GET /auth/login HTTP/1.1" 200 -
INFO:werkzeug:127.0.0.1 - - [27/Nov/2019 12:24:57] "GET /auth/login HTTP/1.1" 200 -
INFO:werkzeug: * Detected change in 'C:\\Users\\admin\\PycharmProjects\\web_service_2\\views\\auth.py', reloading
INFO:werkzeug: * Restarting with stat
INFO:root:Flask Web Server Started.
WARNING:werkzeug: * Debugger is active!
INFO:werkzeug: * Debugger PIN: 389-216-759
INFO:werkzeug: * Running on http://localhost:8080/ (Press CTRL+C to quit)
INFO:werkzeug:127.0.0.1 - - [27/Nov/2019 12:27:19] "GET /auth/login HTTP/1.1" 200 -
DEBUG:urllib3.connectionpool:Starting new HTTPS connection (1): kauth.kakao.com:443
DEBUG:urllib3.connectionpool:https://kauth.kakao.com:443 "POST /oauth/token HTTP/1.1" 200 None
DEBUG:urllib3.connectionpool:Starting new HTTPS connection (1): kapi.kakao.com:443
DEBUG:urllib3.connectionpool:https://kapi.kakao.com:443 "POST /v1/user/me HTTP/1.1" 200 257
INFO:werkzeug:127.0.0.1 - - [27/Nov/2019 12:34:00] "GET /auth/kakao_oauth_redirect?code=dh8gadjwakq3oHV3jS9PyNsRZiTVE_PaRd_DjNMpd-qTrOV2ekUm_su3Ea2BbHIpNKcBjwo9dZwAAAFuquxC_Q HTTP/1.1" 500 -
INFO:werkzeug:127.0.0.1 - - [27/Nov/2019 12:34:00] "GET /auth/kakao_oauth_redirect?__debugger__=yes&cmd=resource&f=style.css HTTP/1.1" 200 -
INFO:werkzeug:127.0.0.1 - - [27/Nov/2019 12:34:00] "GET /auth/kakao_oauth_redirect?__debugger__=yes&cmd=resource&f=debugger.js HTTP/1.1" 200 -
INFO:werkzeug:127.0.0.1 - - [27/Nov/2019 12:34:00] "GET /auth/kakao_oauth_redirect?__debugger__=yes&cmd=resource&f=jquery.js HTTP/1.1" 200 -
INFO:werkzeug:127.0.0.1 - - [27/Nov/2019 12:34:01] "GET /auth/kakao_oauth_redirect?__debugger__=yes&cmd=resource&f=ubuntu.ttf HTTP/1.1" 200 -
INFO:werkzeug:127.0.0.1 - - [27/Nov/2019 12:34:01] "GET /auth/kakao_oauth_redirect?__debugger__=yes&cmd=resource&f=console.png HTTP/1.1" 200 -
INFO:werkzeug:127.0.0.1 - - [27/Nov/2019 12:34:01] "GET /auth/kakao_oauth_redirect?__debugger__=yes&cmd=resource&f=console.png HTTP/1.1" 200 -
DEBUG:urllib3.connectionpool:Starting new HTTPS connection (1): kauth.kakao.com:443
DEBUG:urllib3.connectionpool:https://kauth.kakao.com:443 "POST /oauth/token HTTP/1.1" 200 None
DEBUG:urllib3.connectionpool:Starting new HTTPS connection (1): kapi.kakao.com:443
DEBUG:urllib3.connectionpool:https://kapi.kakao.com:443 "POST /v1/user/me HTTP/1.1" 200 257
INFO:werkzeug:127.0.0.1 - - [27/Nov/2019 12:34:13] "GET /auth/kakao_oauth_redirect?code=JJ1uOUcEG5EYdLnqrVq4TSe9gPHIPx4LCMCrtvXIEwM62X6jruMnn7xerYvFmwleR6ZN_Ao9dZwAAAFuqux1Vg HTTP/1.1" 500 -
INFO:werkzeug:127.0.0.1 - - [27/Nov/2019 12:34:13] "GET /auth/kakao_oauth_redirect?__debugger__=yes&cmd=resource&f=console.png HTTP/1.1" 200 -
INFO:werkzeug:127.0.0.1 - - [27/Nov/2019 12:34:13] "GET /auth/login HTTP/1.1" 200 -
DEBUG:urllib3.connectionpool:Starting new HTTPS connection (1): kauth.kakao.com:443
DEBUG:urllib3.connectionpool:https://kauth.kakao.com:443 "POST /oauth/token HTTP/1.1" 200 None
DEBUG:urllib3.connectionpool:Starting new HTTPS connection (1): kapi.kakao.com:443
DEBUG:urllib3.connectionpool:https://kapi.kakao.com:443 "POST /v1/user/me HTTP/1.1" 200 257
INFO:werkzeug:127.0.0.1 - - [27/Nov/2019 12:34:14] "GET /auth/kakao_oauth_redirect?code=7H0PVw9_OuTo1T_8oA-HmP8xzjtb_bxBczYRYc--CNnzHHQEaNro761Cd-oO0nRjCcC5ygo9dZwAAAFuqux-Pw HTTP/1.1" 500 -
INFO:werkzeug:127.0.0.1 - - [27/Nov/2019 12:34:15] "GET /auth/kakao_oauth_redirect?__debugger__=yes&cmd=resource&f=jquery.js HTTP/1.1" 200 -
INFO:werkzeug:127.0.0.1 - - [27/Nov/2019 12:34:15] "GET /auth/kakao_oauth_redirect?__debugger__=yes&cmd=resource&f=style.css HTTP/1.1" 200 -
INFO:werkzeug:127.0.0.1 - - [27/Nov/2019 12:34:15] "GET /auth/kakao_oauth_redirect?__debugger__=yes&cmd=resource&f=debugger.js HTTP/1.1" 200 -
INFO:werkzeug:127.0.0.1 - - [27/Nov/2019 12:34:15] "GET /auth/kakao_oauth_redirect?__debugger__=yes&cmd=resource&f=ubuntu.ttf HTTP/1.1" 200 -
INFO:werkzeug:127.0.0.1 - - [27/Nov/2019 12:34:15] "GET /auth/kakao_oauth_redirect?__debugger__=yes&cmd=resource&f=console.png HTTP/1.1" 200 -
INFO:werkzeug: * Detected change in 'C:\\Users\\admin\\PycharmProjects\\web_service_2\\views\\auth.py', reloading
INFO:werkzeug: * Restarting with stat
INFO:root:Flask Web Server Started.
WARNING:werkzeug: * Debugger is active!
INFO:werkzeug: * Debugger PIN: 389-216-759
INFO:werkzeug: * Running on http://localhost:8080/ (Press CTRL+C to quit)
INFO:werkzeug:127.0.0.1 - - [27/Nov/2019 12:34:29] "GET /auth/login HTTP/1.1" 200 -
DEBUG:urllib3.connectionpool:Starting new HTTPS connection (1): kauth.kakao.com:443
DEBUG:urllib3.connectionpool:https://kauth.kakao.com:443 "POST /oauth/token HTTP/1.1" 200 None
DEBUG:urllib3.connectionpool:Starting new HTTPS connection (1): kapi.kakao.com:443
DEBUG:urllib3.connectionpool:https://kapi.kakao.com:443 "POST /v1/user/me HTTP/1.1" 200 257
INFO:werkzeug:127.0.0.1 - - [27/Nov/2019 12:34:31] "GET /auth/kakao_oauth_redirect?code=A49tDkhUN7tf3Uam2zOplFr7kwxQpIeYhv2yjZIrBdOxH3uz6ZwUbpb20ZuPHiA1RZU34go9dZwAAAFuquy8VQ HTTP/1.1" 500 -
INFO:werkzeug:127.0.0.1 - - [27/Nov/2019 12:34:31] "GET /auth/kakao_oauth_redirect?__debugger__=yes&cmd=resource&f=style.css HTTP/1.1" 200 -
INFO:werkzeug:127.0.0.1 - - [27/Nov/2019 12:34:31] "GET /auth/kakao_oauth_redirect?__debugger__=yes&cmd=resource&f=jquery.js HTTP/1.1" 200 -
INFO:werkzeug:127.0.0.1 - - [27/Nov/2019 12:34:31] "GET /auth/kakao_oauth_redirect?__debugger__=yes&cmd=resource&f=debugger.js HTTP/1.1" 200 -
INFO:werkzeug:127.0.0.1 - - [27/Nov/2019 12:34:31] "GET /auth/kakao_oauth_redirect?__debugger__=yes&cmd=resource&f=ubuntu.ttf HTTP/1.1" 200 -
INFO:werkzeug:127.0.0.1 - - [27/Nov/2019 12:34:31] "GET /auth/kakao_oauth_redirect?__debugger__=yes&cmd=resource&f=console.png HTTP/1.1" 200 -
DEBUG:urllib3.connectionpool:Starting new HTTPS connection (1): kauth.kakao.com:443
DEBUG:urllib3.connectionpool:https://kauth.kakao.com:443 "POST /oauth/token HTTP/1.1" 400 None
INFO:werkzeug:127.0.0.1 - - [27/Nov/2019 12:34:47] "GET /auth/kakao_oauth_redirect?code=A49tDkhUN7tf3Uam2zOplFr7kwxQpIeYhv2yjZIrBdOxH3uz6ZwUbpb20ZuPHiA1RZU34go9dZwAAAFuquy8VQ HTTP/1.1" 500 -
INFO:werkzeug:127.0.0.1 - - [27/Nov/2019 12:34:47] "GET /auth/kakao_oauth_redirect?__debugger__=yes&cmd=resource&f=style.css HTTP/1.1" 200 -
INFO:werkzeug: * Detected change in 'C:\\Users\\admin\\PycharmProjects\\web_service_2\\views\\auth.py', reloading
INFO:werkzeug: * Restarting with stat
INFO:root:Flask Web Server Started.
WARNING:werkzeug: * Debugger is active!
INFO:werkzeug: * Debugger PIN: 389-216-759
INFO:werkzeug: * Running on http://localhost:8080/ (Press CTRL+C to quit)
INFO:werkzeug:127.0.0.1 - - [27/Nov/2019 12:34:47] "GET /auth/kakao_oauth_redirect?__debugger__=yes&cmd=resource&f=jquery.js HTTP/1.1" 200 -
INFO:werkzeug:127.0.0.1 - - [27/Nov/2019 12:34:47] "GET /auth/kakao_oauth_redirect?__debugger__=yes&cmd=resource&f=debugger.js HTTP/1.1" 200 -
INFO:werkzeug:127.0.0.1 - - [27/Nov/2019 12:34:48] "GET /auth/kakao_oauth_redirect?__debugger__=yes&cmd=resource&f=ubuntu.ttf HTTP/1.1" 200 -
INFO:werkzeug:127.0.0.1 - - [27/Nov/2019 12:34:48] "GET /auth/login HTTP/1.1" 200 -
DEBUG:urllib3.connectionpool:Starting new HTTPS connection (1): kauth.kakao.com:443
DEBUG:urllib3.connectionpool:https://kauth.kakao.com:443 "POST /oauth/token HTTP/1.1" 200 None
INFO:werkzeug:127.0.0.1 - - [27/Nov/2019 12:34:49] "GET /auth/kakao_oauth_redirect?code=AgCwWkdeUX-Jd1qoKya8q6Kas8VUdJA0ACi0PPkHxpGqwniR9_JdTg_B2EkkdRiMhwUZOwo9dZwAAAFuqu0GSw HTTP/1.1" 500 -
INFO:werkzeug:127.0.0.1 - - [27/Nov/2019 12:34:49] "GET /auth/kakao_oauth_redirect?__debugger__=yes&cmd=resource&f=style.css HTTP/1.1" 200 -
INFO:werkzeug:127.0.0.1 - - [27/Nov/2019 12:34:50] "GET /auth/kakao_oauth_redirect?__debugger__=yes&cmd=resource&f=jquery.js HTTP/1.1" 200 -
INFO:werkzeug:127.0.0.1 - - [27/Nov/2019 12:34:50] "GET /auth/kakao_oauth_redirect?__debugger__=yes&cmd=resource&f=debugger.js HTTP/1.1" 200 -
INFO:werkzeug:127.0.0.1 - - [27/Nov/2019 12:34:50] "GET /auth/kakao_oauth_redirect?__debugger__=yes&cmd=resource&f=ubuntu.ttf HTTP/1.1" 200 -
INFO:werkzeug:127.0.0.1 - - [27/Nov/2019 12:34:50] "GET /auth/kakao_oauth_redirect?__debugger__=yes&cmd=resource&f=console.png HTTP/1.1" 200 -
INFO:werkzeug:127.0.0.1 - - [27/Nov/2019 12:34:50] "GET /auth/kakao_oauth_redirect?__debugger__=yes&cmd=resource&f=console.png HTTP/1.1" 200 -
INFO:werkzeug: * Detected change in 'C:\\Users\\admin\\PycharmProjects\\web_service_2\\views\\auth.py', reloading
INFO:werkzeug: * Restarting with stat
INFO:root:Flask Web Server Started.
WARNING:werkzeug: * Debugger is active!
INFO:werkzeug: * Debugger PIN: 389-216-759
INFO:werkzeug: * Running on http://localhost:8080/ (Press CTRL+C to quit)
DEBUG:urllib3.connectionpool:Starting new HTTPS connection (1): kauth.kakao.com:443
DEBUG:urllib3.connectionpool:https://kauth.kakao.com:443 "POST /oauth/token HTTP/1.1" 400 None
INFO:werkzeug:127.0.0.1 - - [27/Nov/2019 12:35:03] "GET /auth/kakao_oauth_redirect?code=AgCwWkdeUX-Jd1qoKya8q6Kas8VUdJA0ACi0PPkHxpGqwniR9_JdTg_B2EkkdRiMhwUZOwo9dZwAAAFuqu0GSw HTTP/1.1" 500 -
INFO:werkzeug:127.0.0.1 - - [27/Nov/2019 12:35:03] "GET /auth/kakao_oauth_redirect?__debugger__=yes&cmd=resource&f=style.css HTTP/1.1" 200 -
INFO:werkzeug:127.0.0.1 - - [27/Nov/2019 12:35:03] "GET /auth/kakao_oauth_redirect?__debugger__=yes&cmd=resource&f=jquery.js HTTP/1.1" 200 -
INFO:werkzeug:127.0.0.1 - - [27/Nov/2019 12:35:03] "GET /auth/kakao_oauth_redirect?__debugger__=yes&cmd=resource&f=debugger.js HTTP/1.1" 200 -
INFO:werkzeug:127.0.0.1 - - [27/Nov/2019 12:35:04] "GET /auth/kakao_oauth_redirect?__debugger__=yes&cmd=resource&f=ubuntu.ttf HTTP/1.1" 200 -
INFO:werkzeug:127.0.0.1 - - [27/Nov/2019 12:35:04] "GET /auth/kakao_oauth_redirect?__debugger__=yes&cmd=resource&f=console.png HTTP/1.1" 200 -
INFO:werkzeug:127.0.0.1 - - [27/Nov/2019 12:35:04] "GET /auth/kakao_oauth_redirect?__debugger__=yes&cmd=resource&f=console.png HTTP/1.1" 200 -
INFO:werkzeug:127.0.0.1 - - [27/Nov/2019 12:35:10] "GET /auth/login HTTP/1.1" 200 -
INFO:werkzeug:127.0.0.1 - - [27/Nov/2019 12:35:10] "GET /auth/login HTTP/1.1" 200 -
DEBUG:urllib3.connectionpool:Starting new HTTPS connection (1): kauth.kakao.com:443
DEBUG:urllib3.connectionpool:https://kauth.kakao.com:443 "POST /oauth/token HTTP/1.1" 200 None
DEBUG:urllib3.connectionpool:Starting new HTTPS connection (1): kapi.kakao.com:443
DEBUG:urllib3.connectionpool:https://kapi.kakao.com:443 "POST /v1/user/me HTTP/1.1" 200 257
INFO:werkzeug:127.0.0.1 - - [27/Nov/2019 12:35:11] "GET /auth/kakao_oauth_redirect?code=ZSNfVGllqf43TcvwhhwMhsZWjCmWBebHeyKmuRrbTLS74AG0Q4_j2iffMuSByC3hUBOcvQo9dZwAAAFuqu1b0g HTTP/1.1" 500 -
INFO:werkzeug:127.0.0.1 - - [27/Nov/2019 12:35:12] "GET /auth/kakao_oauth_redirect?__debugger__=yes&cmd=resource&f=style.css HTTP/1.1" 200 -
INFO:werkzeug:127.0.0.1 - - [27/Nov/2019 12:35:12] "GET /auth/kakao_oauth_redirect?__debugger__=yes&cmd=resource&f=debugger.js HTTP/1.1" 200 -
INFO:werkzeug:127.0.0.1 - - [27/Nov/2019 12:35:12] "GET /auth/kakao_oauth_redirect?__debugger__=yes&cmd=resource&f=jquery.js HTTP/1.1" 200 -
INFO:werkzeug:127.0.0.1 - - [27/Nov/2019 12:35:12] "GET /auth/kakao_oauth_redirect?__debugger__=yes&cmd=resource&f=ubuntu.ttf HTTP/1.1" 200 -
INFO:werkzeug:127.0.0.1 - - [27/Nov/2019 12:35:12] "GET /auth/kakao_oauth_redirect?__debugger__=yes&cmd=resource&f=console.png HTTP/1.1" 200 -
INFO:werkzeug: * Detected change in 'C:\\Users\\admin\\PycharmProjects\\web_service_2\\views\\auth.py', reloading
INFO:werkzeug: * Restarting with stat
INFO:root:Flask Web Server Started.
WARNING:werkzeug: * Debugger is active!
INFO:werkzeug: * Debugger PIN: 389-216-759
INFO:werkzeug: * Running on http://localhost:8080/ (Press CTRL+C to quit)
INFO:werkzeug: * Detected change in 'C:\\Users\\admin\\PycharmProjects\\web_service_2\\views\\auth.py', reloading
INFO:werkzeug: * Restarting with stat
INFO:root:Flask Web Server Started.
WARNING:werkzeug: * Debugger is active!
INFO:werkzeug: * Debugger PIN: 389-216-759
INFO:werkzeug: * Running on http://localhost:8080/ (Press CTRL+C to quit)
INFO:werkzeug: * Detected change in 'C:\\Users\\admin\\PycharmProjects\\web_service_2\\views\\auth.py', reloading
INFO:werkzeug: * Restarting with stat
INFO:root:Flask Web Server Started.
WARNING:werkzeug: * Debugger is active!
INFO:werkzeug: * Debugger PIN: 389-216-759
INFO:werkzeug: * Running on http://localhost:8080/ (Press CTRL+C to quit)
INFO:werkzeug: * Detected change in 'C:\\Users\\admin\\PycharmProjects\\web_service_2\\views\\auth.py', reloading
INFO:werkzeug: * Restarting with stat
INFO:root:Flask Web Server Started.
WARNING:werkzeug: * Debugger is active!
INFO:werkzeug: * Debugger PIN: 389-216-759
INFO:werkzeug: * Running on http://localhost:8080/ (Press CTRL+C to quit)
INFO:werkzeug:127.0.0.1 - - [27/Nov/2019 12:39:36] "GET /auth/login HTTP/1.1" 200 -
DEBUG:urllib3.connectionpool:Starting new HTTPS connection (1): kauth.kakao.com:443
DEBUG:urllib3.connectionpool:https://kauth.kakao.com:443 "POST /oauth/token HTTP/1.1" 200 None
DEBUG:urllib3.connectionpool:Starting new HTTPS connection (1): kapi.kakao.com:443
DEBUG:urllib3.connectionpool:https://kapi.kakao.com:443 "POST /v2/user/me HTTP/1.1" 200 752
INFO:werkzeug:127.0.0.1 - - [27/Nov/2019 12:39:37] "GET /auth/kakao_oauth_redirect?code=GQ8gs20jqOK3rBBnTbXWhbRGe5k9jz3t17HHkei4Uq8F6nvKacOyCg-O7v-5I2N4xUtGugorDKcAAAFuqvFo2A HTTP/1.1" 500 -
INFO:werkzeug:127.0.0.1 - - [27/Nov/2019 12:39:37] "GET /auth/kakao_oauth_redirect?__debugger__=yes&cmd=resource&f=style.css HTTP/1.1" 200 -
INFO:werkzeug:127.0.0.1 - - [27/Nov/2019 12:39:37] "GET /auth/kakao_oauth_redirect?__debugger__=yes&cmd=resource&f=jquery.js HTTP/1.1" 200 -
INFO:werkzeug:127.0.0.1 - - [27/Nov/2019 12:39:37] "GET /auth/kakao_oauth_redirect?__debugger__=yes&cmd=resource&f=debugger.js HTTP/1.1" 200 -
INFO:werkzeug:127.0.0.1 - - [27/Nov/2019 12:39:37] "GET /auth/kakao_oauth_redirect?__debugger__=yes&cmd=resource&f=ubuntu.ttf HTTP/1.1" 200 -
INFO:werkzeug:127.0.0.1 - - [27/Nov/2019 12:39:38] "GET /auth/kakao_oauth_redirect?__debugger__=yes&cmd=resource&f=console.png HTTP/1.1" 200 -
INFO:werkzeug:127.0.0.1 - - [27/Nov/2019 12:46:29] "GET /auth/login HTTP/1.1" 200 -
INFO:werkzeug: * Detected change in 'C:\\Users\\admin\\PycharmProjects\\web_service_2\\views\\auth.py', reloading
INFO:werkzeug: * Restarting with stat
INFO:root:Flask Web Server Started.
WARNING:werkzeug: * Debugger is active!
INFO:werkzeug: * Debugger PIN: 389-216-759
INFO:werkzeug: * Running on http://localhost:8080/ (Press CTRL+C to quit)
DEBUG:urllib3.connectionpool:Starting new HTTPS connection (1): kauth.kakao.com:443
DEBUG:urllib3.connectionpool:https://kauth.kakao.com:443 "POST /oauth/token HTTP/1.1" 200 None
DEBUG:urllib3.connectionpool:Starting new HTTPS connection (1): kapi.kakao.com:443
DEBUG:urllib3.connectionpool:https://kapi.kakao.com:443 "POST /v1/user/me HTTP/1.1" 200 257
INFO:werkzeug:127.0.0.1 - - [27/Nov/2019 12:48:48] "GET /auth/kakao_oauth_redirect?code=8mi0rZulxmbNgFMpF3ikLPAXz_s1AIqBTrobxhSXiOFRlhnf54vA6y4HApUuDvjmPOYYEAo9dVoAAAFuqvnQkw HTTP/1.1" 500 -
INFO:werkzeug:127.0.0.1 - - [27/Nov/2019 12:48:48] "GET /auth/kakao_oauth_redirect?__debugger__=yes&cmd=resource&f=style.css HTTP/1.1" 200 -
INFO:werkzeug:127.0.0.1 - - [27/Nov/2019 12:48:48] "GET /auth/kakao_oauth_redirect?__debugger__=yes&cmd=resource&f=jquery.js HTTP/1.1" 200 -
INFO:werkzeug:127.0.0.1 - - [27/Nov/2019 12:48:48] "GET /auth/kakao_oauth_redirect?__debugger__=yes&cmd=resource&f=debugger.js HTTP/1.1" 200 -
INFO:werkzeug:127.0.0.1 - - [27/Nov/2019 12:48:49] "GET /auth/kakao_oauth_redirect?__debugger__=yes&cmd=resource&f=ubuntu.ttf HTTP/1.1" 200 -
INFO:werkzeug:127.0.0.1 - - [27/Nov/2019 12:48:49] "GET /auth/kakao_oauth_redirect?__debugger__=yes&cmd=resource&f=console.png HTTP/1.1" 200 -
INFO:werkzeug:127.0.0.1 - - [27/Nov/2019 12:48:50] "GET /auth/login HTTP/1.1" 200 -
INFO:werkzeug: * Detected change in 'C:\\Users\\admin\\PycharmProjects\\web_service_2\\views\\auth.py', reloading
INFO:werkzeug: * Restarting with stat
INFO:root:Flask Web Server Started.
WARNING:werkzeug: * Debugger is active!
INFO:werkzeug: * Debugger PIN: 389-216-759
INFO:werkzeug: * Running on http://localhost:8080/ (Press CTRL+C to quit)
DEBUG:urllib3.connectionpool:Starting new HTTPS connection (1): kauth.kakao.com:443
DEBUG:urllib3.connectionpool:https://kauth.kakao.com:443 "POST /oauth/token HTTP/1.1" 200 None
DEBUG:urllib3.connectionpool:Starting new HTTPS connection (1): kapi.kakao.com:443
DEBUG:urllib3.connectionpool:https://kapi.kakao.com:443 "POST /v2/user/me HTTP/1.1" 200 752
INFO:werkzeug:127.0.0.1 - - [27/Nov/2019 12:51:44] "GET /auth/kakao_oauth_redirect?code=T5HY6zn1kw51BjbB3O1RYuI1-aK1FspPVZ34Kne_pzMrq8VlmC-3L3LvWzIzB6JX7V0gjAorDNIAAAFuqvx9Mw HTTP/1.1" 500 -
INFO:werkzeug:127.0.0.1 - - [27/Nov/2019 12:51:44] "GET /auth/kakao_oauth_redirect?__debugger__=yes&cmd=resource&f=style.css HTTP/1.1" 200 -
INFO:werkzeug:127.0.0.1 - - [27/Nov/2019 12:51:44] "GET /auth/kakao_oauth_redirect?__debugger__=yes&cmd=resource&f=jquery.js HTTP/1.1" 200 -
INFO:werkzeug:127.0.0.1 - - [27/Nov/2019 12:51:44] "GET /auth/kakao_oauth_redirect?__debugger__=yes&cmd=resource&f=debugger.js HTTP/1.1" 200 -
INFO:werkzeug:127.0.0.1 - - [27/Nov/2019 12:51:44] "GET /auth/kakao_oauth_redirect?__debugger__=yes&cmd=resource&f=ubuntu.ttf HTTP/1.1" 200 -
INFO:werkzeug:127.0.0.1 - - [27/Nov/2019 12:51:44] "GET /auth/kakao_oauth_redirect?__debugger__=yes&cmd=resource&f=console.png HTTP/1.1" 200 -
INFO:root:Flask Web Server Started.
INFO:werkzeug: * Restarting with stat
INFO:root:Flask Web Server Started.
WARNING:werkzeug: * Debugger is active!
INFO:werkzeug: * Debugger PIN: 389-216-759
INFO:werkzeug: * Running on http://localhost:8080/ (Press CTRL+C to quit)
INFO:werkzeug:127.0.0.1 - - [03/Dec/2019 11:08:52] "GET / HTTP/1.1" 200 -
INFO:werkzeug:127.0.0.1 - - [03/Dec/2019 11:08:52] "GET /static/assets/css/material-dashboard.css?v=2.1.1 HTTP/1.1" 304 -
INFO:werkzeug:127.0.0.1 - - [03/Dec/2019 11:08:53] "GET /favicon.ico HTTP/1.1" 404 -
INFO:werkzeug:127.0.0.1 - - [03/Dec/2019 11:08:55] "GET /auth/login HTTP/1.1" 200 -
INFO:werkzeug:127.0.0.1 - - [03/Dec/2019 11:08:55] "GET /static/images/kakao_account_login_btn_medium_narrow.png HTTP/1.1" 304 -
DEBUG:urllib3.connectionpool:Starting new HTTPS connection (1): kauth.kakao.com:443
DEBUG:urllib3.connectionpool:https://kauth.kakao.com:443 "POST /oauth/token HTTP/1.1" 200 None
DEBUG:urllib3.connectionpool:Starting new HTTPS connection (1): kapi.kakao.com:443
DEBUG:urllib3.connectionpool:https://kapi.kakao.com:443 "POST /v2/user/me HTTP/1.1" 200 752
INFO:werkzeug:127.0.0.1 - - [03/Dec/2019 11:16:50] "GET /auth/kakao_oauth_redirect?code=0ENj30IDlvGfa9AdZU1ndvgym8ReUP-Kh_vwSQw77MBmC0nk2d6lmCVKWXZCy0h0yn1mhgo9d6gAAAFuyYvCMw HTTP/1.1" 500 -
INFO:werkzeug:127.0.0.1 - - [03/Dec/2019 11:16:50] "GET /auth/kakao_oauth_redirect?__debugger__=yes&cmd=resource&f=style.css HTTP/1.1" 200 -
INFO:werkzeug:127.0.0.1 - - [03/Dec/2019 11:16:50] "GET /auth/kakao_oauth_redirect?__debugger__=yes&cmd=resource&f=debugger.js HTTP/1.1" 200 -
INFO:werkzeug:127.0.0.1 - - [03/Dec/2019 11:16:50] "GET /auth/kakao_oauth_redirect?__debugger__=yes&cmd=resource&f=jquery.js HTTP/1.1" 200 -
INFO:werkzeug:127.0.0.1 - - [03/Dec/2019 11:16:51] "GET /auth/kakao_oauth_redirect?__debugger__=yes&cmd=resource&f=ubuntu.ttf HTTP/1.1" 200 -
INFO:werkzeug:127.0.0.1 - - [03/Dec/2019 11:16:51] "GET /auth/kakao_oauth_redirect?__debugger__=yes&cmd=resource&f=console.png HTTP/1.1" 200 -
INFO:werkzeug:127.0.0.1 - - [03/Dec/2019 11:19:18] "GET / HTTP/1.1" 200 -
INFO:werkzeug:127.0.0.1 - - [03/Dec/2019 11:19:19] "GET /auth/login HTTP/1.1" 200 -
DEBUG:urllib3.connectionpool:Starting new HTTPS connection (1): kauth.kakao.com:443
DEBUG:urllib3.connectionpool:https://kauth.kakao.com:443 "POST /oauth/token HTTP/1.1" 200 None
DEBUG:urllib3.connectionpool:Starting new HTTPS connection (1): kapi.kakao.com:443
DEBUG:urllib3.connectionpool:https://kapi.kakao.com:443 "POST /v2/user/me HTTP/1.1" 200 752
INFO:werkzeug:127.0.0.1 - - [03/Dec/2019 11:19:20] "GET /auth/kakao_oauth_redirect?code=-A9ftNd6PrEZWbyaITGEmWJ2q8EeIzO_pIGjAxaeTdw6a53HRsSNcyHf8BXqPD8KRO10rQo9dRsAAAFuyY4MrA HTTP/1.1" 500 -
INFO:werkzeug:127.0.0.1 - - [03/Dec/2019 11:19:20] "GET /auth/kakao_oauth_redirect?__debugger__=yes&cmd=resource&f=style.css HTTP/1.1" 200 -
INFO:werkzeug:127.0.0.1 - - [03/Dec/2019 11:19:20] "GET /auth/kakao_oauth_redirect?__debugger__=yes&cmd=resource&f=debugger.js HTTP/1.1" 200 -
INFO:werkzeug:127.0.0.1 - - [03/Dec/2019 11:19:20] "GET /auth/kakao_oauth_redirect?__debugger__=yes&cmd=resource&f=jquery.js HTTP/1.1" 200 -
INFO:werkzeug:127.0.0.1 - - [03/Dec/2019 11:19:20] "GET /auth/kakao_oauth_redirect?__debugger__=yes&cmd=resource&f=ubuntu.ttf HTTP/1.1" 200 -
INFO:werkzeug:127.0.0.1 - - [03/Dec/2019 11:19:21] "GET /auth/kakao_oauth_redirect?__debugger__=yes&cmd=resource&f=console.png HTTP/1.1" 200 -
INFO:werkzeug: * Detected change in 'C:\\Users\\admin\\PycharmProjects\\web_service_2\\views\\auth.py', reloading
INFO:werkzeug: * Restarting with stat
INFO:root:Flask Web Server Started.
WARNING:werkzeug: * Debugger is active!
INFO:werkzeug: * Debugger PIN: 389-216-759
INFO:werkzeug: * Running on http://localhost:8080/ (Press CTRL+C to quit)
INFO:werkzeug:127.0.0.1 - - [03/Dec/2019 11:22:38] "GET /auth/login HTTP/1.1" 200 -
DEBUG:urllib3.connectionpool:Starting new HTTPS connection (1): kauth.kakao.com:443
DEBUG:urllib3.connectionpool:https://kauth.kakao.com:443 "POST /oauth/token HTTP/1.1" 200 None
DEBUG:urllib3.connectionpool:Starting new HTTPS connection (1): kapi.kakao.com:443
DEBUG:urllib3.connectionpool:https://kapi.kakao.com:443 "POST /v2/user/me HTTP/1.1" 200 752
INFO:werkzeug:127.0.0.1 - - [03/Dec/2019 11:22:39] "GET /auth/kakao_oauth_redirect?code=P9cBMgrob46HBGR0LrJestC9AkqWCRqPkoUJ4ZqfKBmA2LNNnirBG9D2phbUXxKgGwlYUwo9dVoAAAFuyZEWjA HTTP/1.1" 500 -
INFO:werkzeug:127.0.0.1 - - [03/Dec/2019 11:22:39] "GET /auth/kakao_oauth_redirect?__debugger__=yes&cmd=resource&f=style.css HTTP/1.1" 200 -
INFO:werkzeug:127.0.0.1 - - [03/Dec/2019 11:22:39] "GET /auth/kakao_oauth_redirect?__debugger__=yes&cmd=resource&f=jquery.js HTTP/1.1" 200 -
INFO:werkzeug:127.0.0.1 - - [03/Dec/2019 11:22:39] "GET /auth/kakao_oauth_redirect?__debugger__=yes&cmd=resource&f=debugger.js HTTP/1.1" 200 -
INFO:werkzeug:127.0.0.1 - - [03/Dec/2019 11:22:40] "GET /auth/kakao_oauth_redirect?__debugger__=yes&cmd=resource&f=ubuntu.ttf HTTP/1.1" 200 -
INFO:werkzeug:127.0.0.1 - - [03/Dec/2019 11:22:40] "GET /auth/kakao_oauth_redirect?__debugger__=yes&cmd=resource&f=console.png HTTP/1.1" 200 -
INFO:werkzeug:127.0.0.1 - - [03/Dec/2019 11:23:09] "GET /auth/login HTTP/1.1" 200 -
DEBUG:urllib3.connectionpool:Starting new HTTPS connection (1): kauth.kakao.com:443
DEBUG:urllib3.connectionpool:https://kauth.kakao.com:443 "POST /oauth/token HTTP/1.1" 200 None
DEBUG:urllib3.connectionpool:Starting new HTTPS connection (1): kapi.kakao.com:443
DEBUG:urllib3.connectionpool:https://kapi.kakao.com:443 "POST /v2/user/me HTTP/1.1" 200 752
INFO:werkzeug:127.0.0.1 - - [03/Dec/2019 11:23:11] "GET /auth/kakao_oauth_redirect?code=Mj9fGm7WpiQlevD3OqLGNsddQ2DwJnmoZt0m6QZfyYwWPrYUfsdxOPI5Z7nNOXB9xqpUbwo9dJgAAAFuyZGRxA HTTP/1.1" 500 -
INFO:werkzeug:127.0.0.1 - - [03/Dec/2019 11:23:11] "GET /auth/kakao_oauth_redirect?__debugger__=yes&cmd=resource&f=style.css HTTP/1.1" 200 -
INFO:werkzeug:127.0.0.1 - - [03/Dec/2019 11:23:11] "GET /auth/kakao_oauth_redirect?__debugger__=yes&cmd=resource&f=jquery.js HTTP/1.1" 200 -
INFO:werkzeug:127.0.0.1 - - [03/Dec/2019 11:23:11] "GET /auth/kakao_oauth_redirect?__debugger__=yes&cmd=resource&f=debugger.js HTTP/1.1" 200 -
INFO:werkzeug:127.0.0.1 - - [03/Dec/2019 11:23:11] "GET /auth/kakao_oauth_redirect?__debugger__=yes&cmd=resource&f=ubuntu.ttf HTTP/1.1" 200 -
INFO:werkzeug:127.0.0.1 - - [03/Dec/2019 11:23:11] "GET /auth/kakao_oauth_redirect?__debugger__=yes&cmd=resource&f=console.png HTTP/1.1" 200 -
INFO:werkzeug: * Detected change in 'C:\\Users\\admin\\PycharmProjects\\web_service_2\\views\\auth.py', reloading
INFO:werkzeug: * Restarting with stat
INFO:root:Flask Web Server Started.
WARNING:werkzeug: * Debugger is active!
INFO:werkzeug: * Debugger PIN: 389-216-759
INFO:werkzeug: * Running on http://localhost:8080/ (Press CTRL+C to quit)
INFO:werkzeug:127.0.0.1 - - [03/Dec/2019 11:24:56] "GET /auth/login HTTP/1.1" 200 -
DEBUG:urllib3.connectionpool:Starting new HTTPS connection (1): kauth.kakao.com:443
DEBUG:urllib3.connectionpool:https://kauth.kakao.com:443 "POST /oauth/token HTTP/1.1" 200 None
DEBUG:urllib3.connectionpool:Starting new HTTPS connection (1): kapi.kakao.com:443
DEBUG:urllib3.connectionpool:https://kapi.kakao.com:443 "POST /v2/user/me HTTP/1.1" 200 752
INFO:werkzeug:127.0.0.1 - - [03/Dec/2019 11:24:58] "GET /auth/kakao_oauth_redirect?code=CIZ_i9ewgZ_k9VQPrmAGF6sf2m1BBXbC17C2QSVXKAwpsH8w3UGxaHhnO539Nu-_oXVa3AopdbIAAAFuyZMy7g HTTP/1.1" 500 -
INFO:werkzeug:127.0.0.1 - - [03/Dec/2019 11:24:58] "GET /auth/kakao_oauth_redirect?__debugger__=yes&cmd=resource&f=style.css HTTP/1.1" 200 -
INFO:werkzeug:127.0.0.1 - - [03/Dec/2019 11:24:58] "GET /auth/kakao_oauth_redirect?__debugger__=yes&cmd=resource&f=jquery.js HTTP/1.1" 200 -
INFO:werkzeug:127.0.0.1 - - [03/Dec/2019 11:24:58] "GET /auth/kakao_oauth_redirect?__debugger__=yes&cmd=resource&f=debugger.js HTTP/1.1" 200 -
INFO:werkzeug:127.0.0.1 - - [03/Dec/2019 11:24:58] "GET /auth/kakao_oauth_redirect?__debugger__=yes&cmd=resource&f=ubuntu.ttf HTTP/1.1" 200 -
INFO:werkzeug:127.0.0.1 - - [03/Dec/2019 11:24:58] "GET /auth/kakao_oauth_redirect?__debugger__=yes&cmd=resource&f=console.png HTTP/1.1" 200 -
INFO:werkzeug:127.0.0.1 - - [03/Dec/2019 11:29:16] "GET /auth/login HTTP/1.1" 200 -
INFO:werkzeug:127.0.0.1 - - [03/Dec/2019 11:29:20] "POST /auth/login HTTP/1.1" 302 -
INFO:werkzeug:127.0.0.1 - - [03/Dec/2019 11:29:20] "GET / HTTP/1.1" 200 -
INFO:werkzeug:127.0.0.1 - - [03/Dec/2019 11:29:26] "GET /auth/my_page HTTP/1.1" 200 -
INFO:werkzeug:127.0.0.1 - - [03/Dec/2019 11:34:08] "GET /auth/logout HTTP/1.1" 302 -
INFO:werkzeug:127.0.0.1 - - [03/Dec/2019 11:34:08] "GET / HTTP/1.1" 200 -
INFO:werkzeug:127.0.0.1 - - [03/Dec/2019 11:34:09] "GET /auth/login HTTP/1.1" 200 -
DEBUG:urllib3.connectionpool:Starting new HTTPS connection (1): kauth.kakao.com:443
DEBUG:urllib3.connectionpool:https://kauth.kakao.com:443 "POST /oauth/token HTTP/1.1" 200 None
DEBUG:urllib3.connectionpool:Starting new HTTPS connection (1): kapi.kakao.com:443
DEBUG:urllib3.connectionpool:https://kapi.kakao.com:443 "POST /v2/user/me HTTP/1.1" 200 752
INFO:werkzeug:127.0.0.1 - - [03/Dec/2019 11:34:11] "GET /auth/kakao_oauth_redirect?code=Fwhyz0fIF2txNDBIdAwKSSHaEpyX2y3xUOQVWB3EQQ5yBbRCm5fge9kb8BZH-jhstLEfbwopyNgAAAFuyZukyw HTTP/1.1" 500 -
INFO:werkzeug:127.0.0.1 - - [03/Dec/2019 11:34:11] "GET /auth/kakao_oauth_redirect?__debugger__=yes&cmd=resource&f=style.css HTTP/1.1" 200 -
INFO:werkzeug:127.0.0.1 - - [03/Dec/2019 11:34:11] "GET /auth/kakao_oauth_redirect?__debugger__=yes&cmd=resource&f=jquery.js HTTP/1.1" 200 -
INFO:werkzeug:127.0.0.1 - - [03/Dec/2019 11:34:11] "GET /auth/kakao_oauth_redirect?__debugger__=yes&cmd=resource&f=debugger.js HTTP/1.1" 200 -
INFO:werkzeug:127.0.0.1 - - [03/Dec/2019 11:34:11] "GET /auth/kakao_oauth_redirect?__debugger__=yes&cmd=resource&f=ubuntu.ttf HTTP/1.1" 200 -
INFO:werkzeug:127.0.0.1 - - [03/Dec/2019 11:34:11] "GET /auth/kakao_oauth_redirect?__debugger__=yes&cmd=resource&f=console.png HTTP/1.1" 200 -
DEBUG:urllib3.connectionpool:Starting new HTTPS connection (1): kauth.kakao.com:443
DEBUG:urllib3.connectionpool:https://kauth.kakao.com:443 "POST /oauth/token HTTP/1.1" 200 None
DEBUG:urllib3.connectionpool:Starting new HTTPS connection (1): kapi.kakao.com:443
DEBUG:urllib3.connectionpool:https://kapi.kakao.com:443 "POST /v2/user/me HTTP/1.1" 200 888
INFO:werkzeug:127.0.0.1 - - [03/Dec/2019 11:37:10] "GET /auth/kakao_oauth_redirect?code=FvEW28IWOr-Ur8UuTFelCBZ4LHWVhVoJS9ikzlNtk_6LD9coBk4wKQD0AN0htrEBuaBOSgorDNQAAAFuyZ5g1A HTTP/1.1" 302 -
INFO:werkzeug:127.0.0.1 - - [03/Dec/2019 11:37:10] "GET / HTTP/1.1" 200 -
INFO:werkzeug:127.0.0.1 - - [03/Dec/2019 11:37:13] "GET /auth/my_page HTTP/1.1" 200 -
INFO:werkzeug:127.0.0.1 - - [03/Dec/2019 11:39:13] "GET / HTTP/1.1" 200 -
DEBUG:urllib3.connectionpool:Starting new HTTPS connection (1): dapi.kakao.com:443
DEBUG:urllib3.connectionpool:https://dapi.kakao.com:443 "GET /v2/search/image?query=%ED%8C%8C%EC%9D%B4%EC%8D%AC HTTP/1.1" 200 None
INFO:werkzeug:127.0.0.1 - - [03/Dec/2019 11:42:19] "GET /news/images HTTP/1.1" 200 -
DEBUG:urllib3.connectionpool:Starting new HTTPS connection (1): dapi.kakao.com:443
DEBUG:urllib3.connectionpool:https://dapi.kakao.com:443 "GET /v3/search/book?target=title&query=%EB%AF%B8%EC%9B%80%EB%B0%9B%EC%9D%84%20%EC%9A%A9%EA%B8%B0 HTTP/1.1" 200 None
INFO:werkzeug:127.0.0.1 - - [03/Dec/2019 11:42:24] "GET /news/books HTTP/1.1" 200 -
DEBUG:urllib3.connectionpool:Starting new HTTPS connection (1): dapi.kakao.com:443
DEBUG:urllib3.connectionpool:https://dapi.kakao.com:443 "GET /v2/search/image?query=%ED%8C%8C%EC%9D%B4%EC%8D%AC HTTP/1.1" 200 None
INFO:werkzeug:127.0.0.1 - - [03/Dec/2019 11:42:28] "GET /news/images HTTP/1.1" 200 -
INFO:werkzeug:127.0.0.1 - - [03/Dec/2019 11:42:29] "GET / HTTP/1.1" 200 -
INFO:werkzeug:127.0.0.1 - - [03/Dec/2019 11:42:32] "GET /auth/my_page HTTP/1.1" 200 -
INFO:werkzeug:127.0.0.1 - - [03/Dec/2019 11:42:35] "GET /auth/my_page HTTP/1.1" 200 -
INFO:werkzeug: * Detected change in 'C:\\Users\\admin\\PycharmProjects\\web_service_2\\database\\base.py', reloading
INFO:werkzeug: * Restarting with stat
INFO:root:Flask Web Server Started.
INFO:werkzeug: * Restarting with stat
INFO:root:Flask Web Server Started.
WARNING:werkzeug: * Debugger is active!
INFO:werkzeug: * Debugger PIN: 389-216-759
INFO:werkzeug: * Running on http://localhost:8080/ (Press CTRL+C to quit)
INFO:werkzeug:127.0.0.1 - - [03/Dec/2019 11:55:32] "GET / HTTP/1.1" 200 -
INFO:werkzeug:127.0.0.1 - - [03/Dec/2019 11:55:34] "GET /auth/login HTTP/1.1" 200 -
DEBUG:urllib3.connectionpool:Starting new HTTPS connection (1): kauth.kakao.com:443
DEBUG:urllib3.connectionpool:https://kauth.kakao.com:443 "POST /oauth/token HTTP/1.1" 200 None
DEBUG:urllib3.connectionpool:Starting new HTTPS connection (1): kapi.kakao.com:443
DEBUG:urllib3.connectionpool:https://kapi.kakao.com:443 "POST /v2/user/me HTTP/1.1" 200 888
INFO:werkzeug:127.0.0.1 - - [03/Dec/2019 11:55:35] "GET /auth/kakao_oauth_redirect?code=RdbMmlRgqFi9rqetwLfxFwOmCR6MkjOG8kjxDcmiRq2_o9VeoJ3RHm6w6AqDJaJSP9WngQo9dycAAAFuya89-A HTTP/1.1" 302 -
INFO:werkzeug:127.0.0.1 - - [03/Dec/2019 11:55:36] "GET / HTTP/1.1" 200 -
INFO:werkzeug:127.0.0.1 - - [03/Dec/2019 12:04:35] "GET / HTTP/1.1" 200 -
INFO:werkzeug:127.0.0.1 - - [03/Dec/2019 12:04:38] "GET / HTTP/1.1" 200 -
INFO:werkzeug:127.0.0.1 - - [03/Dec/2019 12:07:24] "GET /auth/my_page HTTP/1.1" 200 -
INFO:werkzeug: * Detected change in 'C:\\Users\\admin\\PycharmProjects\\web_service_2\\database\\base.py', reloading
INFO:werkzeug: * Restarting with stat
INFO:root:Flask Web Server Started.
INFO:werkzeug: * Restarting with stat
INFO:root:Flask Web Server Started.
WARNING:werkzeug: * Debugger is active!
INFO:werkzeug: * Debugger PIN: 389-216-759
INFO:werkzeug: * Running on http://localhost:8080/ (Press CTRL+C to quit)
INFO:werkzeug:127.0.0.1 - - [03/Dec/2019 12:11:32] "GET / HTTP/1.1" 200 -
INFO:werkzeug:127.0.0.1 - - [03/Dec/2019 12:11:33] "GET /auth/login HTTP/1.1" 200 -
DEBUG:urllib3.connectionpool:Starting new HTTPS connection (1): kauth.kakao.com:443
DEBUG:urllib3.connectionpool:https://kauth.kakao.com:443 "POST /oauth/token HTTP/1.1" 200 None
DEBUG:urllib3.connectionpool:Starting new HTTPS connection (1): kapi.kakao.com:443
DEBUG:urllib3.connectionpool:https://kapi.kakao.com:443 "POST /v2/user/me HTTP/1.1" 200 888
INFO:werkzeug:127.0.0.1 - - [03/Dec/2019 12:11:34] "GET /auth/kakao_oauth_redirect?code=MmT652eGI77NjKrxhnB8PULFNqk_7dvlpPx4evIPDsEEpYKiEh6baZIqJOLXof-uu2A9wAo9dycAAAFuyb3f6w HTTP/1.1" 302 -
INFO:werkzeug:127.0.0.1 - - [03/Dec/2019 12:11:35] "GET / HTTP/1.1" 200 -
INFO:werkzeug: * Detected change in 'C:\\Users\\admin\\PycharmProjects\\web_service_2\\application.py', reloading
INFO:werkzeug: * Restarting with stat
INFO:root:Flask Web Server Started.
WARNING:werkzeug: * Debugger is active!
INFO:werkzeug: * Debugger PIN: 389-216-759
INFO:werkzeug: * Running on http://localhost:8080/ (Press CTRL+C to quit)
INFO:werkzeug: * Detected change in 'C:\\Users\\admin\\PycharmProjects\\web_service_2\\application.py', reloading
INFO:werkzeug: * Restarting with stat
INFO:root:Flask Web Server Started.
WARNING:werkzeug: * Debugger is active!
INFO:werkzeug: * Debugger PIN: 389-216-759
INFO:werkzeug: * Running on http://localhost:8080/ (Press CTRL+C to quit)
DEBUG:urllib3.connectionpool:Starting new HTTPS connection (1): dapi.kakao.com:443
DEBUG:urllib3.connectionpool:https://dapi.kakao.com:443 "GET /v2/search/image?query=%ED%8C%8C%EC%9D%B4%EC%8D%AC HTTP/1.1" 200 None
INFO:werkzeug:127.0.0.1 - - [03/Dec/2019 12:19:16] "GET /news/images HTTP/1.1" 200 -
INFO:werkzeug:127.0.0.1 - - [03/Dec/2019 12:19:18] "GET /auth/login HTTP/1.1" 200 -
DEBUG:urllib3.connectionpool:Starting new HTTPS connection (1): kauth.kakao.com:443
DEBUG:urllib3.connectionpool:https://kauth.kakao.com:443 "POST /oauth/token HTTP/1.1" 200 None
DEBUG:urllib3.connectionpool:Starting new HTTPS connection (1): kapi.kakao.com:443
DEBUG:urllib3.connectionpool:https://kapi.kakao.com:443 "POST /v2/user/me HTTP/1.1" 200 888
INFO:werkzeug:127.0.0.1 - - [03/Dec/2019 12:19:19] "GET /auth/kakao_oauth_redirect?code=tkzKqp17IHy2ucMPmbpZYG2myEyDbJ5Ehx8cl7eDMc1PEexLs0QZBWxnYalPeIq5c0X8fAo9d2gAAAFuycT4Hg HTTP/1.1" 302 -
INFO:werkzeug:127.0.0.1 - - [03/Dec/2019 12:19:20] "GET / HTTP/1.1" 500 -
INFO:werkzeug:127.0.0.1 - - [03/Dec/2019 12:19:20] "GET /?__debugger__=yes&cmd=resource&f=style.css HTTP/1.1" 200 -
INFO:werkzeug:127.0.0.1 - - [03/Dec/2019 12:19:20] "GET /?__debugger__=yes&cmd=resource&f=jquery.js HTTP/1.1" 200 -
INFO:werkzeug:127.0.0.1 - - [03/Dec/2019 12:19:20] "GET /?__debugger__=yes&cmd=resource&f=debugger.js HTTP/1.1" 200 -
INFO:werkzeug:127.0.0.1 - - [03/Dec/2019 12:19:21] "GET /?__debugger__=yes&cmd=resource&f=ubuntu.ttf HTTP/1.1" 200 -
INFO:werkzeug:127.0.0.1 - - [03/Dec/2019 12:19:21] "GET /?__debugger__=yes&cmd=resource&f=console.png HTTP/1.1" 200 -
INFO:werkzeug:127.0.0.1 - - [03/Dec/2019 12:19:22] "GET /?__debugger__=yes&cmd=resource&f=console.png HTTP/1.1" 200 -
INFO:werkzeug:127.0.0.1 - - [03/Dec/2019 12:20:16] "GET / HTTP/1.1" 500 -
INFO:werkzeug:127.0.0.1 - - [03/Dec/2019 12:20:16] "GET /?__debugger__=yes&cmd=resource&f=style.css HTTP/1.1" 200 -
INFO:werkzeug:127.0.0.1 - - [03/Dec/2019 12:20:16] "GET /?__debugger__=yes&cmd=resource&f=jquery.js HTTP/1.1" 200 -
INFO:werkzeug:127.0.0.1 - - [03/Dec/2019 12:20:16] "GET /?__debugger__=yes&cmd=resource&f=debugger.js HTTP/1.1" 200 -
INFO:werkzeug:127.0.0.1 - - [03/Dec/2019 12:20:17] "GET /?__debugger__=yes&cmd=resource&f=ubuntu.ttf HTTP/1.1" 200 -
INFO:werkzeug:127.0.0.1 - - [03/Dec/2019 12:20:17] "GET /?__debugger__=yes&cmd=resource&f=console.png HTTP/1.1" 200 -
INFO:werkzeug:127.0.0.1 - - [03/Dec/2019 12:20:18] "GET /?__debugger__=yes&cmd=resource&f=console.png HTTP/1.1" 200 -
INFO:werkzeug: * Detected change in 'C:\\Users\\admin\\PycharmProjects\\web_service_2\\application.py', reloading
INFO:werkzeug: * Restarting with stat
INFO:root:Flask Web Server Started.
WARNING:werkzeug: * Debugger is active!
INFO:werkzeug: * Debugger PIN: 389-216-759
INFO:werkzeug: * Running on http://localhost:8080/ (Press CTRL+C to quit)
INFO:werkzeug:127.0.0.1 - - [03/Dec/2019 12:21:17] "GET / HTTP/1.1" 200 -
INFO:werkzeug:127.0.0.1 - - [03/Dec/2019 12:21:18] "GET /auth/login HTTP/1.1" 200 -
DEBUG:urllib3.connectionpool:Starting new HTTPS connection (1): kauth.kakao.com:443
DEBUG:urllib3.connectionpool:https://kauth.kakao.com:443 "POST /oauth/token HTTP/1.1" 200 None
DEBUG:urllib3.connectionpool:Starting new HTTPS connection (1): kapi.kakao.com:443
DEBUG:urllib3.connectionpool:https://kapi.kakao.com:443 "POST /v2/user/me HTTP/1.1" 200 888
INFO:werkzeug:127.0.0.1 - - [03/Dec/2019 12:21:19] "GET /auth/kakao_oauth_redirect?code=qnB-3aV2h_hunB6Bue7Q_555LiNynl-B5EXiiw4qCeotgLqjhu3ZMIVJ6fFNYdpEUQsMigopdXYAAAFuycbNEg HTTP/1.1" 302 -
INFO:werkzeug:127.0.0.1 - - [03/Dec/2019 12:21:20] "GET / HTTP/1.1" 200 -
INFO:werkzeug: * Detected change in 'C:\\Users\\admin\\PycharmProjects\\web_service_2\\application.py', reloading
INFO:werkzeug: * Restarting with stat
INFO:root:Flask Web Server Started.
WARNING:werkzeug: * Debugger is active!
INFO:werkzeug: * Debugger PIN: 389-216-759
INFO:werkzeug: * Running on http://localhost:8080/ (Press CTRL+C to quit)
INFO:werkzeug:127.0.0.1 - - [03/Dec/2019 12:25:13] "GET / HTTP/1.1" 200 -
INFO:werkzeug:127.0.0.1 - - [03/Dec/2019 12:25:14] "GET /auth/login HTTP/1.1" 200 -
DEBUG:urllib3.connectionpool:Starting new HTTPS connection (1): kauth.kakao.com:443
DEBUG:urllib3.connectionpool:https://kauth.kakao.com:443 "POST /oauth/token HTTP/1.1" 200 None
DEBUG:urllib3.connectionpool:Starting new HTTPS connection (1): kapi.kakao.com:443
DEBUG:urllib3.connectionpool:https://kapi.kakao.com:443 "POST /v2/user/me HTTP/1.1" 200 888
INFO:werkzeug:127.0.0.1 - - [03/Dec/2019 12:25:16] "GET /auth/kakao_oauth_redirect?code=ghplhf4hC93BvlpnQV6EttNF6tPVvnYLAUJ1muf-RcuZIR-T2wtzdENJnsn1opurmOnAgAo9dNoAAAFuycpoZw HTTP/1.1" 302 -
INFO:werkzeug:127.0.0.1 - - [03/Dec/2019 12:25:16] "GET / HTTP/1.1" 200 -
INFO:werkzeug:127.0.0.1 - - [03/Dec/2019 12:25:18] "GET /auth/login HTTP/1.1" 500 -
INFO:werkzeug:127.0.0.1 - - [03/Dec/2019 12:25:18] "GET /auth/login?__debugger__=yes&cmd=resource&f=style.css HTTP/1.1" 200 -
INFO:werkzeug:127.0.0.1 - - [03/Dec/2019 12:25:18] "GET /auth/login?__debugger__=yes&cmd=resource&f=jquery.js HTTP/1.1" 200 -
INFO:werkzeug:127.0.0.1 - - [03/Dec/2019 12:25:18] "GET /auth/login?__debugger__=yes&cmd=resource&f=debugger.js HTTP/1.1" 200 -
INFO:werkzeug:127.0.0.1 - - [03/Dec/2019 12:25:19] "GET /auth/login?__debugger__=yes&cmd=resource&f=ubuntu.ttf HTTP/1.1" 200 -
INFO:werkzeug:127.0.0.1 - - [03/Dec/2019 12:25:19] "GET /auth/login?__debugger__=yes&cmd=resource&f=console.png HTTP/1.1" 200 -
INFO:werkzeug:127.0.0.1 - - [03/Dec/2019 12:25:19] "GET /auth/login?__debugger__=yes&cmd=resource&f=console.png HTTP/1.1" 200 -
INFO:root:Flask Web Server Started.
INFO:werkzeug: * Restarting with stat
INFO:root:Flask Web Server Started.
WARNING:werkzeug: * Debugger is active!
INFO:werkzeug: * Debugger PIN: 389-216-759
INFO:werkzeug: * Running on http://localhost:8080/ (Press CTRL+C to quit)
INFO:werkzeug:127.0.0.1 - - [03/Dec/2019 12:26:08] "GET /auth/login HTTP/1.1" 200 -
DEBUG:urllib3.connectionpool:Starting new HTTPS connection (1): kauth.kakao.com:443
DEBUG:urllib3.connectionpool:https://kauth.kakao.com:443 "POST /oauth/token HTTP/1.1" 200 None
DEBUG:urllib3.connectionpool:Starting new HTTPS connection (1): kapi.kakao.com:443
DEBUG:urllib3.connectionpool:https://kapi.kakao.com:443 "POST /v2/user/me HTTP/1.1" 200 888
INFO:werkzeug:127.0.0.1 - - [03/Dec/2019 12:26:09] "GET /auth/kakao_oauth_redirect?code=A6IscXQYYicl_sSAfC0OQCKtnMJ0blvF80JdwVFsZaslsfTp7h9FsBdVJKQHosVNwyAQugo9dRsAAAFuycs4hw HTTP/1.1" 302 -
INFO:werkzeug:127.0.0.1 - - [03/Dec/2019 12:26:09] "GET / HTTP/1.1" 200 -
INFO:werkzeug: * Detected change in 'C:\\Users\\admin\\PycharmProjects\\web_service_2\\application.py', reloading
INFO:werkzeug: * Restarting with stat
INFO:root:Flask Web Server Started.
WARNING:werkzeug: * Debugger is active!
INFO:werkzeug: * Debugger PIN: 389-216-759
INFO:werkzeug: * Running on http://localhost:8080/ (Press CTRL+C to quit)
INFO:werkzeug: * Detected change in 'C:\\Users\\admin\\PycharmProjects\\web_service_2\\application.py', reloading
INFO:werkzeug: * Restarting with stat
INFO:root:Flask Web Server Started.
WARNING:werkzeug: * Debugger is active!
INFO:werkzeug: * Debugger PIN: 389-216-759
INFO:werkzeug: * Running on http://localhost:8080/ (Press CTRL+C to quit)
INFO:werkzeug:127.0.0.1 - - [03/Dec/2019 12:37:47] "GET / HTTP/1.1" 500 -
INFO:werkzeug:127.0.0.1 - - [03/Dec/2019 12:37:47] "GET /?__debugger__=yes&cmd=resource&f=style.css HTTP/1.1" 200 -
INFO:werkzeug:127.0.0.1 - - [03/Dec/2019 12:37:48] "GET /?__debugger__=yes&cmd=resource&f=jquery.js HTTP/1.1" 200 -
INFO:werkzeug:127.0.0.1 - - [03/Dec/2019 12:37:48] "GET /?__debugger__=yes&cmd=resource&f=debugger.js HTTP/1.1" 200 -
INFO:werkzeug:127.0.0.1 - - [03/Dec/2019 12:37:48] "GET /?__debugger__=yes&cmd=resource&f=ubuntu.ttf HTTP/1.1" 200 -
INFO:werkzeug:127.0.0.1 - - [03/Dec/2019 12:37:48] "GET /?__debugger__=yes&cmd=resource&f=console.png HTTP/1.1" 200 -
INFO:werkzeug:127.0.0.1 - - [03/Dec/2019 12:37:48] "GET /?__debugger__=yes&cmd=resource&f=console.png HTTP/1.1" 200 -
INFO:werkzeug: * Detected change in 'C:\\Users\\admin\\PycharmProjects\\web_service_2\\application.py', reloading
INFO:werkzeug: * Restarting with stat
INFO:root:Flask Web Server Started.
WARNING:werkzeug: * Debugger is active!
INFO:werkzeug: * Debugger PIN: 389-216-759
INFO:werkzeug: * Running on http://localhost:8080/ (Press CTRL+C to quit)
INFO:werkzeug:127.0.0.1 - - [03/Dec/2019 12:38:56] "GET /auth/login HTTP/1.1" 200 -
DEBUG:urllib3.connectionpool:Starting new HTTPS connection (1): kauth.kakao.com:443
DEBUG:urllib3.connectionpool:https://kauth.kakao.com:443 "POST /oauth/token HTTP/1.1" 200 None
DEBUG:urllib3.connectionpool:Starting new HTTPS connection (1): kapi.kakao.com:443
DEBUG:urllib3.connectionpool:https://kapi.kakao.com:443 "POST /v2/user/me HTTP/1.1" 200 888
INFO:werkzeug:127.0.0.1 - - [03/Dec/2019 12:38:57] "GET /auth/kakao_oauth_redirect?code=SUTi8IevjN7c4FM5yANiAwttfZNd_iFbgEZlss1hLXLUgknyoaq8UCRW3a-zXO6n9QP4OwopyV8AAAFuydbyeg HTTP/1.1" 302 -
INFO:werkzeug:127.0.0.1 - - [03/Dec/2019 12:38:57] "GET / HTTP/1.1" 200 -
INFO:werkzeug: * Detected change in 'C:\\Users\\admin\\PycharmProjects\\web_service_2\\application.py', reloading
INFO:werkzeug: * Restarting with stat
INFO:root:Flask Web Server Started.
WARNING:werkzeug: * Debugger is active!
INFO:werkzeug: * Debugger PIN: 389-216-759
INFO:werkzeug: * Running on http://localhost:8080/ (Press CTRL+C to quit)
INFO:werkzeug:127.0.0.1 - - [03/Dec/2019 12:41:51] "GET / HTTP/1.1" 200 -
INFO:werkzeug:127.0.0.1 - - [03/Dec/2019 12:41:52] "GET / HTTP/1.1" 200 -
INFO:werkzeug:127.0.0.1 - - [03/Dec/2019 12:41:53] "GET / HTTP/1.1" 200 -
DEBUG:urllib3.connectionpool:Starting new HTTPS connection (1): dapi.kakao.com:443
DEBUG:urllib3.connectionpool:https://dapi.kakao.com:443 "GET /v2/search/image?query=%ED%8C%8C%EC%9D%B4%EC%8D%AC HTTP/1.1" 200 None
INFO:werkzeug:127.0.0.1 - - [03/Dec/2019 12:41:54] "GET /news/images HTTP/1.1" 200 -
INFO:werkzeug:127.0.0.1 - - [03/Dec/2019 12:41:55] "GET /auth/login HTTP/1.1" 200 -
DEBUG:urllib3.connectionpool:Starting new HTTPS connection (1): kauth.kakao.com:443
DEBUG:urllib3.connectionpool:https://kauth.kakao.com:443 "POST /oauth/token HTTP/1.1" 200 None
DEBUG:urllib3.connectionpool:Starting new HTTPS connection (1): kapi.kakao.com:443
DEBUG:urllib3.connectionpool:https://kapi.kakao.com:443 "POST /v2/user/me HTTP/1.1" 200 888
INFO:werkzeug:127.0.0.1 - - [03/Dec/2019 12:41:56] "GET /auth/kakao_oauth_redirect?code=8aG1Y5SEpeX9rsQ1_VzauYlhcm4nQJSZ2i56cNs5aEvJezEbW6qNGHQjSSb9jHIfEIRMWQo9dNkAAAFuydmtrA HTTP/1.1" 302 -
INFO:werkzeug:127.0.0.1 - - [03/Dec/2019 12:41:57] "GET / HTTP/1.1" 500 -
INFO:werkzeug:127.0.0.1 - - [03/Dec/2019 12:41:57] "GET /?__debugger__=yes&cmd=resource&f=style.css HTTP/1.1" 200 -
INFO:werkzeug:127.0.0.1 - - [03/Dec/2019 12:41:57] "GET /?__debugger__=yes&cmd=resource&f=jquery.js HTTP/1.1" 200 -
INFO:werkzeug:127.0.0.1 - - [03/Dec/2019 12:41:57] "GET /?__debugger__=yes&cmd=resource&f=debugger.js HTTP/1.1" 200 -
INFO:werkzeug:127.0.0.1 - - [03/Dec/2019 12:41:57] "GET /?__debugger__=yes&cmd=resource&f=console.png HTTP/1.1" 200 -
INFO:werkzeug:127.0.0.1 - - [03/Dec/2019 12:41:57] "GET /?__debugger__=yes&cmd=resource&f=ubuntu.ttf HTTP/1.1" 200 -
INFO:werkzeug: * Detected change in 'C:\\Users\\admin\\PycharmProjects\\web_service_2\\application.py', reloading
INFO:werkzeug: * Restarting with stat
INFO:root:Flask Web Server Started.
WARNING:werkzeug: * Debugger is active!
INFO:werkzeug: * Debugger PIN: 389-216-759
INFO:werkzeug: * Running on http://localhost:8080/ (Press CTRL+C to quit)
INFO:werkzeug:127.0.0.1 - - [03/Dec/2019 12:42:19] "GET /auth/login HTTP/1.1" 200 -
DEBUG:urllib3.connectionpool:Starting new HTTPS connection (1): kauth.kakao.com:443
DEBUG:urllib3.connectionpool:https://kauth.kakao.com:443 "POST /oauth/token HTTP/1.1" 200 None
DEBUG:urllib3.connectionpool:Starting new HTTPS connection (1): kapi.kakao.com:443
DEBUG:urllib3.connectionpool:https://kapi.kakao.com:443 "POST /v2/user/me HTTP/1.1" 200 888
INFO:werkzeug:127.0.0.1 - - [03/Dec/2019 12:42:20] "GET /auth/kakao_oauth_redirect?code=35N3NsVONMd5P4cQfeEmzbLxs0gmOQZv9NEKeKKU2PT5cbS7Y0zpiyuJCKMo9HlffFqQeAo9dNkAAAFuydoKSg HTTP/1.1" 302 -
INFO:werkzeug:127.0.0.1 - - [03/Dec/2019 12:42:20] "GET / HTTP/1.1" 200 -
INFO:werkzeug:127.0.0.1 - - [03/Dec/2019 12:47:40] "GET / HTTP/1.1" 200 -
INFO:root:Flask Web Server Started.
INFO:werkzeug: * Restarting with stat
INFO:root:Flask Web Server Started.
WARNING:werkzeug: * Debugger is active!
INFO:werkzeug: * Debugger PIN: 389-216-759
INFO:werkzeug: * Running on http://localhost:8080/ (Press CTRL+C to quit)
INFO:werkzeug:127.0.0.1 - - [04/Dec/2019 11:20:07] "GET / HTTP/1.1" 200 -
INFO:werkzeug:127.0.0.1 - - [04/Dec/2019 11:20:07] "GET /static/assets/css/material-dashboard.css?v=2.1.1 HTTP/1.1" 304 -
INFO:werkzeug:127.0.0.1 - - [04/Dec/2019 11:20:07] "GET /favicon.ico HTTP/1.1" 404 -
INFO:werkzeug:127.0.0.1 - - [04/Dec/2019 11:21:00] "GET / HTTP/1.1" 200 -
DEBUG:urllib3.connectionpool:Starting new HTTPS connection (1): dapi.kakao.com:443
DEBUG:urllib3.connectionpool:https://dapi.kakao.com:443 "GET /v2/search/image?query=%ED%8C%8C%EC%9D%B4%EC%8D%AC HTTP/1.1" 200 None
INFO:werkzeug:127.0.0.1 - - [04/Dec/2019 11:21:18] "GET /news/images HTTP/1.1" 200 -
INFO:werkzeug:127.0.0.1 - - [04/Dec/2019 11:21:26] "GET / HTTP/1.1" 200 -
DEBUG:urllib3.connectionpool:Starting new HTTPS connection (1): dapi.kakao.com:443
DEBUG:urllib3.connectionpool:https://dapi.kakao.com:443 "GET /v2/search/image?query=%ED%8C%8C%EC%9D%B4%EC%8D%AC HTTP/1.1" 200 None
INFO:werkzeug:127.0.0.1 - - [04/Dec/2019 11:21:34] "GET /news/images HTTP/1.1" 200 -
INFO:werkzeug:127.0.0.1 - - [04/Dec/2019 11:21:39] "GET / HTTP/1.1" 200 -
DEBUG:urllib3.connectionpool:Starting new HTTPS connection (1): dapi.kakao.com:443
DEBUG:urllib3.connectionpool:https://dapi.kakao.com:443 "GET /v2/search/image?query=%ED%8C%8C%EC%9D%B4%EC%8D%AC HTTP/1.1" 200 None
INFO:werkzeug:127.0.0.1 - - [04/Dec/2019 11:22:27] "GET /news/images HTTP/1.1" 200 -
INFO:werkzeug:127.0.0.1 - - [04/Dec/2019 11:22:30] "GET / HTTP/1.1" 200 -
DEBUG:urllib3.connectionpool:Starting new HTTPS connection (1): dapi.kakao.com:443
DEBUG:urllib3.connectionpool:https://dapi.kakao.com:443 "GET /v2/search/image?query=%ED%8C%8C%EC%9D%B4%EC%8D%AC HTTP/1.1" 200 None
INFO:werkzeug:127.0.0.1 - - [04/Dec/2019 11:22:37] "GET /news/images HTTP/1.1" 200 -
DEBUG:urllib3.connectionpool:Starting new HTTPS connection (1): dapi.kakao.com:443
DEBUG:urllib3.connectionpool:https://dapi.kakao.com:443 "GET /v3/search/book?target=title&query=%EB%AF%B8%EC%9B%80%EB%B0%9B%EC%9D%84%20%EC%9A%A9%EA%B8%B0 HTTP/1.1" 200 None
INFO:werkzeug:127.0.0.1 - - [04/Dec/2019 11:22:38] "GET /news/books HTTP/1.1" 200 -
INFO:werkzeug:127.0.0.1 - - [04/Dec/2019 11:22:50] "GET / HTTP/1.1" 200 -
DEBUG:urllib3.connectionpool:Starting new HTTPS connection (1): dapi.kakao.com:443
DEBUG:urllib3.connectionpool:https://dapi.kakao.com:443 "GET /v2/search/image?query=%ED%8C%8C%EC%9D%B4%EC%8D%AC HTTP/1.1" 200 None
INFO:werkzeug:127.0.0.1 - - [04/Dec/2019 11:27:33] "GET /news/images HTTP/1.1" 200 -
INFO:werkzeug:127.0.0.1 - - [04/Dec/2019 11:27:34] "GET / HTTP/1.1" 200 -
INFO:werkzeug:127.0.0.1 - - [04/Dec/2019 11:36:29] "GET / HTTP/1.1" 200 -
INFO:werkzeug:127.0.0.1 - - [04/Dec/2019 11:36:29] "GET /static/assets/js/core/jquery.min.js HTTP/1.1" 200 -
INFO:werkzeug:127.0.0.1 - - [04/Dec/2019 11:36:29] "GET /static/assets/js/core/popper.min.js HTTP/1.1" 200 -
INFO:werkzeug:127.0.0.1 - - [04/Dec/2019 11:36:30] "GET /static/assets/js/plugins/bootstrap-notify.js HTTP/1.1" 200 -
INFO:werkzeug:127.0.0.1 - - [04/Dec/2019 11:36:30] "GET /static/assets/js/core/bootstrap-material-design.min.js HTTP/1.1" 200 -
INFO:werkzeug:127.0.0.1 - - [04/Dec/2019 11:36:30] "GET /static/assets/js/plugins/perfect-scrollbar.jquery.min.js HTTP/1.1" 200 -
INFO:werkzeug:127.0.0.1 - - [04/Dec/2019 11:36:30] "GET /static/assets/js/plugins/chartist.min.js HTTP/1.1" 200 -
INFO:werkzeug:127.0.0.1 - - [04/Dec/2019 11:36:30] "GET /static/assets/js/material-dashboard.js?v=2.1.1 HTTP/1.1" 200 -
INFO:werkzeug:127.0.0.1 - - [04/Dec/2019 11:36:31] "GET / HTTP/1.1" 200 -
DEBUG:urllib3.connectionpool:Starting new HTTPS connection (1): dapi.kakao.com:443
DEBUG:urllib3.connectionpool:https://dapi.kakao.com:443 "GET /v2/search/image?query=%ED%8C%8C%EC%9D%B4%EC%8D%AC HTTP/1.1" 200 None
INFO:werkzeug:127.0.0.1 - - [04/Dec/2019 11:36:32] "GET /news/images HTTP/1.1" 200 -
INFO:werkzeug:127.0.0.1 - - [04/Dec/2019 11:36:33] "GET / HTTP/1.1" 200 -
DEBUG:urllib3.connectionpool:Starting new HTTPS connection (1): dapi.kakao.com:443
DEBUG:urllib3.connectionpool:https://dapi.kakao.com:443 "GET /v2/search/image?query=%ED%8C%8C%EC%9D%B4%EC%8D%AC HTTP/1.1" 200 None
INFO:werkzeug:127.0.0.1 - - [04/Dec/2019 11:36:34] "GET /news/images HTTP/1.1" 200 -
INFO:werkzeug:127.0.0.1 - - [04/Dec/2019 11:36:35] "GET / HTTP/1.1" 200 -
INFO:werkzeug:127.0.0.1 - - [04/Dec/2019 11:37:03] "GET / HTTP/1.1" 200 -
INFO:werkzeug:127.0.0.1 - - [04/Dec/2019 11:37:03] "GET / HTTP/1.1" 200 -
INFO:werkzeug:127.0.0.1 - - [04/Dec/2019 11:37:03] "GET / HTTP/1.1" 200 -
INFO:werkzeug:127.0.0.1 - - [04/Dec/2019 11:38:24] "GET / HTTP/1.1" 200 -
INFO:werkzeug:127.0.0.1 - - [04/Dec/2019 11:40:10] "GET /static/assets/css/dashboard-free.css.map HTTP/1.1" 404 -
INFO:werkzeug:127.0.0.1 - - [04/Dec/2019 11:44:00] "GET /static/assets/css/dashboard-free.css.map HTTP/1.1" 404 -
INFO:werkzeug:127.0.0.1 - - [04/Dec/2019 11:45:55] "GET / HTTP/1.1" 200 -
INFO:werkzeug:127.0.0.1 - - [04/Dec/2019 11:45:55] "GET /static/assets/css/dashboard-free.css.map HTTP/1.1" 404 -
INFO:werkzeug:127.0.0.1 - - [04/Dec/2019 11:50:09] "GET / HTTP/1.1" 200 -
INFO:werkzeug:127.0.0.1 - - [04/Dec/2019 11:50:10] "GET /static/assets/css/dashboard-free.css.map HTTP/1.1" 404 -
INFO:werkzeug:127.0.0.1 - - [04/Dec/2019 11:51:41] "GET / HTTP/1.1" 200 -
INFO:werkzeug:127.0.0.1 - - [04/Dec/2019 11:51:41] "GET /static/assets/css/dashboard-free.css.map HTTP/1.1" 404 -
INFO:werkzeug:127.0.0.1 - - [04/Dec/2019 11:51:41] "GET / HTTP/1.1" 200 -
INFO:werkzeug:127.0.0.1 - - [04/Dec/2019 11:51:42] "GET /static/assets/css/dashboard-free.css.map HTTP/1.1" 404 -
INFO:werkzeug:127.0.0.1 - - [04/Dec/2019 11:51:53] "GET / HTTP/1.1" 200 -
INFO:werkzeug:127.0.0.1 - - [04/Dec/2019 11:51:53] "GET /static/assets/css/dashboard-free.css.map HTTP/1.1" 404 -
INFO:werkzeug:127.0.0.1 - - [04/Dec/2019 11:52:02] "GET / HTTP/1.1" 200 -
INFO:werkzeug:127.0.0.1 - - [04/Dec/2019 11:52:02] "GET /static/assets/css/dashboard-free.css.map HTTP/1.1" 404 -
INFO:werkzeug:127.0.0.1 - - [04/Dec/2019 11:53:06] "GET / HTTP/1.1" 200 -
INFO:werkzeug:127.0.0.1 - - [04/Dec/2019 11:53:06] "GET /static/assets/css/dashboard-free.css.map HTTP/1.1" 404 -
INFO:werkzeug:127.0.0.1 - - [04/Dec/2019 11:53:16] "GET / HTTP/1.1" 200 -
INFO:werkzeug:127.0.0.1 - - [04/Dec/2019 11:53:16] "GET /static/assets/css/dashboard-free.css.map HTTP/1.1" 404 -
INFO:werkzeug:127.0.0.1 - - [04/Dec/2019 11:54:58] "GET / HTTP/1.1" 200 -
INFO:werkzeug:127.0.0.1 - - [04/Dec/2019 11:54:58] "GET /static/assets/css/dashboard-free.css.map HTTP/1.1" 404 -
INFO:werkzeug:127.0.0.1 - - [04/Dec/2019 11:55:02] "GET / HTTP/1.1" 200 -
INFO:werkzeug:127.0.0.1 - - [04/Dec/2019 11:55:02] "GET /static/assets/css/dashboard-free.css.map HTTP/1.1" 404 -
INFO:werkzeug:127.0.0.1 - - [04/Dec/2019 12:16:15] "GET /resource/t4 HTTP/1.1" 200 -
INFO:werkzeug:127.0.0.1 - - [04/Dec/2019 12:16:15] "GET /favicon.ico HTTP/1.1" 404 -
